07-09 17:58:18.083 V/AudioPolicyManagerBase(  188): setStreamVolumeIndex() stream 5, device 10000, index 0
07-09 17:58:18.083 V/AudioPolicyManagerBase(  188): setStreamVolumeIndex() stream 1, device 40000000, index 0
07-09 17:58:18.083 V/AudioPolicyManagerBase(  188): setStreamVolumeIndex() stream 1, device 0008, index 0
07-09 17:58:18.083 V/AudioPolicyManagerBase(  188): setStreamVolumeIndex() stream 1, device 0002, index 0
07-09 17:58:18.083 V/AudioPolicyManagerBase(  188): setStreamVolumeIndex() stream 1, device 10000, index 0
07-09 17:58:18.083 V/AudioPolicyManagerBase(  188): setStreamVolumeIndex() stream 1, device 0004, index 0
07-09 17:58:18.083 I/SystemServer(  900): UI Mode Manager Service
07-09 17:58:18.083 I/SystemServer(  900): Backup Service
07-09 17:58:18.086 V/BackupManagerService(  900): Initializing package tracking
07-09 17:58:18.086 V/BackupManagerService(  900): No ancestral data
07-09 17:58:18.088 V/BackupManagerService(  900): addPackageParticipantsLocked: all
07-09 17:58:18.088 I/BackupManagerService(  900): Scheduling backup for new app com.android.calendar
07-09 17:58:18.088 D/BackupManagerService(  900): Now staging backup of com.android.calendar
07-09 17:58:18.097 I/BackupManagerService(  900): Scheduling backup for new app com.android.browser
07-09 17:58:18.097 D/BackupManagerService(  900): Now staging backup of com.android.browser
07-09 17:58:18.098 I/BackupManagerService(  900): Scheduling backup for new app com.android.sharedstoragebackup
07-09 17:58:18.098 D/BackupManagerService(  900): Now staging backup of com.android.sharedstoragebackup
07-09 17:58:18.102 I/BackupManagerService(  900): Scheduling backup for new app com.android.providers.settings
07-09 17:58:18.102 D/BackupManagerService(  900): Now staging backup of com.android.providers.settings
07-09 17:58:18.103 I/BackupManagerService(  900): Scheduling backup for new app com.android.providers.userdictionary
07-09 17:58:18.103 D/BackupManagerService(  900): Now staging backup of com.android.providers.userdictionary
07-09 17:58:18.105 I/BackupManagerService(  900): Scheduling backup for new app android
07-09 17:58:18.105 D/BackupManagerService(  900): Now staging backup of android
07-09 17:58:18.107 V/BackupManagerService(  900): Starting with transport com.google.android.backup/.BackupTransportService
07-09 17:58:18.107 V/BackupManagerService(  900): Found transports: 1
07-09 17:58:18.107 I/BackupManagerService(  900): Binding to transport host ComponentInfo{android/com.android.internal.backup.LocalTransportService}
07-09 17:58:18.108 I/BackupManagerService(  900): Found stale backup journal, scheduling
07-09 17:58:18.109 I/BackupManagerService(  900):   com.android.calendar
07-09 17:58:18.109 I/BackupManagerService(  900):   com.android.browser
07-09 17:58:18.109 I/BackupManagerService(  900):   com.android.sharedstoragebackup
07-09 17:58:18.109 I/BackupManagerService(  900):   com.android.providers.settings
07-09 17:58:18.109 I/BackupManagerService(  900):   com.android.providers.userdictionary
07-09 17:58:18.109 I/BackupManagerService(  900):   android
07-09 17:58:18.110 I/BackupManagerService(  900): Backup enabled => false
07-09 17:58:18.110 I/BackupManagerService(  900): Opting out of backup
07-09 17:58:18.110 I/SystemServer(  900): AppWidget Service
07-09 17:58:18.110 I/SystemServer(  900): Recognition Service
07-09 17:58:18.111 I/SystemServer(  900): DiskStats Service
07-09 17:58:18.111 I/SystemServer(  900): SamplingProfiler Service
07-09 17:58:18.112 I/SystemServer(  900): NetworkTimeUpdateService
07-09 17:58:18.112 I/SystemServer(  900): CommonTimeManagementService
07-09 17:58:18.112 I/SystemServer(  900): CertBlacklister
07-09 17:58:18.112 I/SystemServer(  900): Dreams Service
07-09 17:58:18.113 I/SystemServer(  900): Assets Atlas Service
07-09 17:58:18.113 I/SystemServer(  900): IdleMaintenanceService
07-09 17:58:18.114 D/Atlas   (  900): Loaded configuration: SliceMinArea (1216x832) flags=0x2 count=83
07-09 17:58:18.114 I/SystemServer(  900): Print Service
07-09 17:58:18.114 I/SystemServer(  900): Media Router Service
07-09 17:58:18.115 I/WindowManager(  900): SAFE MODE not enabled
07-09 17:58:18.115 D/dalvikvm(  900): JIT started for system_server
07-09 17:58:18.115 D/PowerManagerService(  900): acquireWakeLockInternal: lock=1114372320, flags=0x1, tag="*vibrator*", ws=WorkSource{1000}, uid=1000, pid=900
07-09 17:58:18.118 D/PowerManagerService(  900): releaseWakeLockInternal: lock=1114372320 [*vibrator*], flags=0x0
07-09 17:58:18.135 I/Zygote  (  900): Process: zygote socket opened
07-09 17:58:18.145 V/KeyguardServiceDelegate(  900): *** Keyguard started
07-09 17:58:18.145 V/KeyguardServiceDelegate(  900): onSystemReady() called before keyguard service was ready
07-09 17:58:18.145 I/ActivityManager(  900): Start proc com.android.systemui for service com.android.keyguard/.KeyguardService: pid=978 uid=1000 gids={41000, 3003, 1007, 3002, 3001, 1028, 1015, 1004, 2002, 1035, 3005, 1010, 1014}
07-09 17:58:18.148 D/libEGL  (  900): loaded /system/lib/egl/libEGL_tegra.so
07-09 17:58:18.148 I/        (  900): Attempting to load EGL implementation libEGL_tegra_impl
07-09 17:58:18.153 E/dalvikvm(  900): Jit is enable
07-09 17:58:18.154 E/dalvikvm(  900): Jit is enable
07-09 17:58:18.154 E/dalvikvm(  900): Jit is enable
07-09 17:58:18.154 E/dalvikvm(  900): Jit is enable
07-09 17:58:18.154 E/dalvikvm(  900): Jit is enable
07-09 17:58:18.154 E/dalvikvm(  900): Jit is enable
07-09 17:58:18.154 E/dalvikvm(  900): Jit is enable
07-09 17:58:18.154 E/dalvikvm(  900): Jit is enable
07-09 17:58:18.154 E/dalvikvm(  900): Jit is enable
07-09 17:58:18.154 E/dalvikvm(  900): Jit is enable
07-09 17:58:18.154 E/dalvikvm(  900): Jit is enable
07-09 17:58:18.155 E/dalvikvm(  900): Jit is enable
07-09 17:58:18.155 E/dalvikvm(  900): Jit is enable
07-09 17:58:18.155 E/dalvikvm(  900): Jit is enable
07-09 17:58:18.155 I/        (  900): Loaded EGL implementation libEGL_tegra_impl
07-09 17:58:18.156 E/dalvikvm(  900): Jit is enable
07-09 17:58:18.156 E/dalvikvm(  900): Jit is enable
07-09 17:58:18.157 E/dalvikvm(  900): Jit is enable
07-09 17:58:18.157 D/libEGL  (  900): loaded /system/lib/egl/libGLESv1_CM_tegra.so
07-09 17:58:18.158 E/dalvikvm(  900): Jit is enable
07-09 17:58:18.158 E/dalvikvm(  900): Jit is enable
07-09 17:58:18.158 E/dalvikvm(  900): Jit is enable
07-09 17:58:18.158 E/dalvikvm(  900): Jit is enable
07-09 17:58:18.160 D/libEGL  (  900): loaded /system/lib/egl/libGLESv2_tegra.so
07-09 17:58:18.162 E/dalvikvm(  900): Jit is enable
07-09 17:58:18.162 E/dalvikvm(  900): Jit is enable
07-09 17:58:18.163 E/dalvikvm(  900): Jit is enable
07-09 17:58:18.163 E/dalvikvm(  900): Jit is enable
07-09 17:58:18.163 D/dalvikvm(  900): GetMethodID: not returning static method Landroid/graphics/drawable/Drawable;.createFromXmlInner (Landroid/content/res/Resources;Lorg/xmlpull/v1/XmlPullParser;Landroid/util/AttributeSet;)Landroid/graphics/drawable/Drawable;
07-09 17:58:18.163 E/dalvikvm(  900): Jit is enable
07-09 17:58:18.165 D/DisplayPowerController(  900): Manual-brightness spline: [(2.0, 2.0: 0.21428572), (30.0, 8.0: 0.30714285), (60.0, 20.0: 0.49411768), (128.0, 60.0: 0.7628677), (192.0, 120.0: 1.5401785), (255.0, 255.0: 2.142857)]
07-09 17:58:18.165 D/DisplayPowerController(  900):       1.0: 2.000000
07-09 17:58:18.166 D/DisplayPowerController(  900):       1.2: 2.000000
07-09 17:58:18.166 D/DisplayPowerController(  900):       1.6: 2.000000
07-09 17:58:18.166 D/DisplayPowerController(  900):       2.0: 2.000000
07-09 17:58:18.167 D/DisplayPowerController(  900):       2.4: 2.093951
07-09 17:58:18.167 D/DisplayPowerController(  900):       3.1: 2.221846
07-09 17:58:18.167 D/DisplayPowerController(  900):       3.8: 2.378651
07-09 17:58:18.167 D/DisplayPowerController(  900):       4.8: 2.570320
07-09 17:58:18.167 D/DisplayPowerController(  900):       6.0: 2.804011
07-09 17:58:18.167 D/DisplayPowerController(  900):       7.5: 3.088636
07-09 17:58:18.167 D/DisplayPowerController(  900):       9.3: 3.436078
07-09 17:58:18.167 D/DisplayPowerController(  900):      11.6: 3.863914
07-09 17:58:18.167 D/DisplayPowerController(  900):      14.6: 4.401430
07-09 17:58:18.168 D/DisplayPowerController(  900):      18.2: 5.102622
07-09 17:58:18.168 D/DisplayPowerController(  900):      22.7: 6.073808
07-09 17:58:18.168 D/DisplayPowerController(  900):      28.4: 7.531296
07-09 17:58:18.169 D/DisplayPowerController(  900):      35.5: 9.791130
07-09 17:58:18.169 D/DisplayPowerController(  900):      44.4: 13.063689
07-09 17:58:18.169 D/DisplayPowerController(  900):      55.5: 17.845915
07-09 17:58:18.169 D/DisplayPowerController(  900):      69.4: 24.671286
07-09 17:58:18.169 D/DisplayPowerController(  900):      86.7: 33.686592
07-09 17:58:18.169 D/DisplayPowerController(  900):     108.4: 46.370972
07-09 17:58:18.169 D/DisplayPowerController(  900):     135.5: 65.561089
07-09 17:58:18.169 D/DisplayPowerController(  900):     169.4: 92.217896
07-09 17:58:18.169 D/DisplayPowerController(  900):     211.8: 156.729141
07-09 17:58:18.170 D/DisplayPowerController(  900):     264.7: 255.000000
07-09 17:58:18.170 D/DisplayPowerController(  900): Auto-brightness spline: [(0.0, 0.023529412: 0.0027450982), (20.0, 0.078431375: 0.0021078433), (100.0, 0.19607843: 0.0015196078), (200.0, 0.3529412: 8.4967323E-4), (500.0, 0.39215687: 1.3071895E-4), (800.0, 0.43137255: 3.5947718E-4), (1000.0, 0.54901963: 6.862745E-4), (1200.0, 0.7058824: 5.228758E-4), (1800.0, 0.8627451: 2.2875816E-4), (2500.0, 1.0: 1.9607841E-4)]
07-09 17:58:18.170 D/DisplayPowerController(  900):       1.0: 0.026305
07-09 17:58:18.170 D/DisplayPowerController(  900):       1.2: 0.027007
07-09 17:58:18.170 D/DisplayPowerController(  900):       1.6: 0.027890
07-09 17:58:18.171 D/DisplayPowerController(  900):       2.0: 0.029001
07-09 17:58:18.171 D/DisplayPowerController(  900):       2.4: 0.030398
07-09 17:58:18.173 D/DisplayPowerController(  900):       3.1: 0.032158
07-09 17:58:18.174 D/DisplayPowerController(  900):       3.8: 0.034376
07-09 17:58:18.174 D/DisplayPowerController(  900):       4.8: 0.037171
07-09 17:58:18.174 D/DisplayPowerController(  900):       6.0: 0.040686
07-09 17:58:18.174 D/DisplayPowerController(  900):       7.5: 0.045092
07-09 17:58:18.174 D/DisplayPowerController(  900):       9.3: 0.050572
07-09 17:58:18.174 D/DisplayPowerController(  900):      11.6: 0.057291
07-09 17:58:18.174 D/DisplayPowerController(  900):      14.6: 0.065314
07-09 17:58:18.175 D/DisplayPowerController(  900):      18.2: 0.074417
07-09 17:58:18.175 D/DisplayPowerController(  900):      22.7: 0.084080
07-09 17:58:18.175 D/DisplayPowerController(  900):      28.4: 0.095074
07-09 17:58:18.175 D/DisplayPowerController(  900):      35.5: 0.107573
07-09 17:58:18.175 D/DisplayPowerController(  900):      44.4: 0.121584
07-09 17:58:18.175 D/DisplayPowerController(  900):      55.5: 0.137222
07-09 17:58:18.175 D/DisplayPowerController(  900):      69.4: 0.155098
07-09 17:58:18.175 D/DisplayPowerController(  900):      86.7: 0.177289
07-09 17:58:18.176 D/DisplayPowerController(  900):     108.4: 0.209407
07-09 17:58:18.176 D/DisplayPowerController(  900):     135.5: 0.256931
07-09 17:58:18.176 D/DisplayPowerController(  900):     169.4: 0.315229
07-09 17:58:18.176 D/DisplayPowerController(  900):     211.8: 0.362282
07-09 17:58:18.176 D/DisplayPowerController(  900):     264.7: 0.390014
07-09 17:58:18.176 D/DisplayPowerController(  900):     330.9: 0.399953
07-09 17:58:18.176 D/DisplayPowerController(  900):     413.6: 0.393601
07-09 17:58:18.177 D/DisplayPowerController(  900):     517.0: 0.394170
07-09 17:58:18.177 D/DisplayPowerController(  900):     646.2: 0.402915
07-09 17:58:18.177 D/DisplayPowerController(  900):     807.8: 0.434282
07-09 17:58:18.177 D/DisplayPowerController(  900):    1009.7: 0.555914
07-09 17:58:18.177 D/DisplayPowerController(  900):    1262.2: 0.735388
07-09 17:58:18.177 D/DisplayPowerController(  900):    1577.7: 0.821065
07-09 17:58:18.177 D/DisplayPowerController(  900):    1972.2: 0.899700
07-09 17:58:18.177 D/DisplayPowerController(  900):    2465.2: 0.993228
07-09 17:58:18.177 D/DisplayPowerController(  900):    3081.5: 1.000000
07-09 17:58:18.179 D/PowerManagerService(  900): updateIsPoweredLocked: wasPowered=false, mIsPowered=false, oldPlugType=0, mPlugType=0, mBatteryLevel=93
07-09 17:58:18.179 D/PowerManagerService(  900): updateWakeLockSummaryLocked: mWakefulness=Awake, mWakeLockSummary=0x1
07-09 17:58:18.181 D/PowerManagerService(  900): updateUserActivitySummaryLocked: mWakefulness=Awake, mUserActivitySummary=0x1, nextTimeout=53000 (in 33027 ms)
07-09 17:58:18.181 D/DisplayPowerController(  900): requestPowerState: screenState=2, useProximitySensor=false, screenBrightness=128, screenAutoBrightnessAdjustment=0.0, useAutoBrightness=true, blockScreenOn=false, waitForNegativeProximity=false
07-09 17:58:18.181 D/PowerManagerService(  900): updateScreenStateLocked: mDisplayReady=false, newScreenState=2, mWakefulness=1, mWakeLockSummary=0x1, mUserActivitySummary=0x1, mBootCompleted=false
07-09 17:58:18.181 D/PowerManagerService(  900): Acquiring suspend blocker "PowerManagerService.WakeLocks".
07-09 17:58:18.182 D/PowerManagerService(  900): handleSandman: canDream=false, mWakefulness=Awake
07-09 17:58:18.193 E/dalvikvm(  978): Jit is enable
07-09 17:58:18.195 E/dalvikvm(  978): Jit is enable
07-09 17:58:18.195 E/dalvikvm(  978): Jit is enable
07-09 17:58:18.195 E/dalvikvm(  978): Jit is enable
07-09 17:58:18.197 E/dalvikvm(  978): Jit is enable
07-09 17:58:18.198 E/dalvikvm(  978): Jit is enable
07-09 17:58:18.198 E/dalvikvm(  978): Jit is enable
07-09 17:58:18.199 I/AppOps  (  900): Pruning old package media/1013: new uid=-1
07-09 17:58:18.199 I/ActivityManager(  900): System now ready
07-09 17:58:18.201 E/dalvikvm(  978): Jit is enable
07-09 17:58:18.201 E/dalvikvm(  978): Jit is enable
07-09 17:58:18.201 E/dalvikvm(  978): Jit is enable
07-09 17:58:18.201 E/dalvikvm(  978): Jit is enable
07-09 17:58:18.201 E/dalvikvm(  978): Jit is enable
07-09 17:58:18.201 E/dalvikvm(  978): Jit is enable
07-09 17:58:18.201 E/dalvikvm(  978): Jit is enable
07-09 17:58:18.201 I/SystemServer(  900): Making services ready
07-09 17:58:18.202 E/dalvikvm(  978): Jit is enable
07-09 17:58:18.202 E/dalvikvm(  978): Jit is enable
07-09 17:58:18.204 E/dalvikvm(  978): Jit is enable
07-09 17:58:18.204 E/dalvikvm(  978): Jit is enable
07-09 17:58:18.204 E/dalvikvm(  978): Jit is enable
07-09 17:58:18.205 E/dalvikvm(  978): Jit is enable
07-09 17:58:18.205 E/dalvikvm(  978): Jit is enable
07-09 17:58:18.206 E/dalvikvm(  978): Jit is enable
07-09 17:58:18.206 E/dalvikvm(  978): Jit is enable
07-09 17:58:18.207 D/NetworkManagementService(  900): enabling bandwidth control
07-09 17:58:18.207 W/MountService(  900): Duplicate state transition (mounted -> mounted) for /storage/emulated/0
07-09 17:58:18.208 E/dalvikvm(  978): Jit is enable
07-09 17:58:18.209 E/dalvikvm(  978): Jit is enable
07-09 17:58:18.209 D/dalvikvm(  978): GetMethodID: not returning static method Landroid/graphics/drawable/Drawable;.createFromXmlInner (Landroid/content/res/Resources;Lorg/xmlpull/v1/XmlPullParser;Landroid/util/AttributeSet;)Landroid/graphics/drawable/Drawable;
07-09 17:58:18.209 E/dalvikvm(  978): Jit is enable
07-09 17:58:18.229 D/dalvikvm(  900): JIT code cache reset in 1 ms (11488 bytes 1/0)
07-09 17:58:18.233 D/dalvikvm(  900): GC_CONCURRENT freed 1183K, 10% free 11521K/12728K, paused 2ms+4ms, total 62ms
07-09 17:58:18.237 W/Settings(  978): Setting device_provisioned has moved from android.provider.Settings.Secure to android.provider.Settings.Global.
07-09 17:58:18.254 W/Settings(  978): Setting lock_sound has moved from android.provider.Settings.System to android.provider.Settings.Global, returning read-only value.
07-09 17:58:18.259 W/Settings(  978): Setting unlock_sound has moved from android.provider.Settings.System to android.provider.Settings.Global, returning read-only value.
07-09 17:58:18.263 V/KeyguardService(  978): onCreate()
07-09 17:58:18.271 D/SystemUIService(  978): loading: class com.android.systemui.statusbar.phone.PhoneStatusBar
07-09 17:58:18.274 D/SystemUIService(  978): running: com.android.systemui.statusbar.phone.PhoneStatusBar@4240a738
07-09 17:58:18.286 D/NvOsDebugPrintf(  188): NvxLiteH264DecoderLowLatencyInit set DPB and Mjstreaming
07-09 17:58:18.287 D/SensorHAL(  900): isl29035: power-on.
07-09 17:58:18.287 D/AwesomePlayer(  188): Failed to open file, all profile flags have to set through setprop method.
07-09 17:58:18.287 I/AwesomePlayer(  188): Profile flag is set to 0
07-09 17:58:18.287 D/DisplayPowerController(  900): Display ready!
07-09 17:58:18.288 D/DisplayPowerController(  900): requestPowerState: screenState=2, useProximitySensor=false, screenBrightness=128, screenAutoBrightnessAdjustment=0.0, useAutoBrightness=true, blockScreenOn=false, waitForNegativeProximity=false
07-09 17:58:18.288 D/PowerManagerService(  900): updateScreenStateLocked: mDisplayReady=true, newScreenState=2, mWakefulness=1, mWakeLockSummary=0x1, mUserActivitySummary=0x1, mBootCompleted=false
07-09 17:58:18.289 I/NuCachedSource2(  188): Reached END_OF_STREAM
07-09 17:58:18.290 D/WifiService(  900): New client listening to asynchronous messages
07-09 17:58:18.294 W/ResourceType(  978): No package identifier when getting value for resource number 0x00000000
07-09 17:58:18.302 D/AwesomePlayer(  188): Failed to open file, all profile flags have to set through setprop method.
07-09 17:58:18.302 I/AwesomePlayer(  188): Profile flag is set to 0
07-09 17:58:18.302 V/nvaudio_hw(  188): ULP not supported:avp_audio 0 dev 2 effects 0
07-09 17:58:18.302 V/nvaudio_hw(  188): Supported ULP rates 48000 44100
07-09 17:58:18.302 V/AudioPolicyManagerBase(  188): isOffloadSupported: SR=44100, CM=0x1, Format=0x7000000, StreamType=-1, BitRate=4294967295, duration=194920 us, has_video=0
07-09 17:58:18.302 V/AudioPolicyManagerBase(  188): isOffloadSupported: stream_type != MUSIC, returning false
07-09 17:58:18.310 W/ContextImpl(  978): Calling a method in the system process without a qualified user: android.app.ContextImpl.sendBroadcast:1123 android.content.ContextWrapper.sendBroadcast:365 miui.app.ToggleManager.updateDriveModeToggle:1678 miui.app.ToggleManager.<init>:391 miui.app.ToggleManager.createInstance:312 
07-09 17:58:18.329 I/        (  900): Loading GLESv2 implementation libGLESv2_tegra_impl
07-09 17:58:18.330 W/Settings(  978): Setting airplane_mode_on has moved from android.provider.Settings.System to android.provider.Settings.Global, returning read-only value.
07-09 17:58:18.333 I/dalvikvm-heap(  978): Grow heap (frag case) to 7.209MB for 64-byte allocation
07-09 17:58:18.341 D/StorageNotification(  978): Startup with UMS connection false (media state mounted)
07-09 17:58:18.346 D/BluetoothAdapter(  978): 1111620352: getState() :  mService = null. Returning STATE_OFF
07-09 17:58:18.346 D/BluetoothAdapter(  978): 1111620352: getState() :  mService = null. Returning STATE_OFF
07-09 17:58:18.346 I/StorageNotification(  978): UMS connection changed to false (media state mounted)
07-09 17:58:18.350 D/AwesomePlayer(  188): Failed to open file, all profile flags have to set through setprop method.
07-09 17:58:18.350 I/AwesomePlayer(  188): Profile flag is set to 0
07-09 17:58:18.351 I/NuCachedSource2(  188): Reached END_OF_STREAM
07-09 17:58:18.357 D/AwesomePlayer(  188): Failed to open file, all profile flags have to set through setprop method.
07-09 17:58:18.357 I/AwesomePlayer(  188): Profile flag is set to 0
07-09 17:58:18.357 V/nvaudio_hw(  188): ULP not supported:avp_audio 0 dev 2 effects 0
07-09 17:58:18.357 V/nvaudio_hw(  188): Supported ULP rates 48000 44100
07-09 17:58:18.357 V/AudioPolicyManagerBase(  188): isOffloadSupported: SR=44100, CM=0x1, Format=0x7000000, StreamType=-1, BitRate=4294967295, duration=145170 us, has_video=0
07-09 17:58:18.357 V/AudioPolicyManagerBase(  188): isOffloadSupported: stream_type != MUSIC, returning false
07-09 17:58:18.395 D/Atlas   (  900): Rendered atlas in 260.65ms (13.29+247.36ms)
07-09 17:58:18.397 W/Settings(  978): Setting device_provisioned has moved from android.provider.Settings.Secure to android.provider.Settings.Global.
07-09 17:58:18.397 W/Settings(  978): Setting device_provisioned has moved from android.provider.Settings.Secure to android.provider.Settings.Global, returning global URI.
07-09 17:58:18.398 I/StatusBarManagerService(  900): registerStatusBar bar=com.android.internal.statusbar.IStatusBar$Stub$Proxy@426c6f88
07-09 17:58:18.427 I/dalvikvm(  900): Total arena pages for JIT: 11
07-09 17:58:18.427 I/dalvikvm(  900): Total arena pages for JIT: 12
07-09 17:58:18.473 I/dalvikvm-heap(  978): Grow heap (frag case) to 7.715MB for 10016-byte allocation
07-09 17:58:18.490 I/ActivityManager(  900): Start proc android.process.media for broadcast com.android.providers.media/.MtpReceiver: pid=1061 uid=10004 gids={50004, 1028, 1015, 1023, 1024, 2001, 3003, 3007}
07-09 17:58:18.491 I/ActivityManager(  900): Config changes=200 {1.0 ?mcc?mnc zh_CN ldltr sw768dp w768dp h999dp 320dpi xlrg port finger -keyb/v/h -nav/h s.5 themeChanged=0 themeChangedFlags=0}
07-09 17:58:18.492 W/RecognitionManagerService(  900): no available voice recognition services found for user 0
07-09 17:58:18.528 W/InputMethodManagerService(  900): Ignoring setImeWindowStatus of uid 1000 token: null
07-09 17:58:18.537 I/dalvikvm-heap(  978): Grow heap (frag case) to 8.222MB for 22416-byte allocation
07-09 17:58:18.541 I/ActivityManager(  900): Start proc com.google.android.inputmethod.pinyin for service com.google.android.inputmethod.pinyin/.PinyinIME: pid=1077 uid=10029 gids={50029, 3003}
07-09 17:58:18.541 V/InputMethodManagerService(  900): Adding window token: android.os.Binder@429addd8
07-09 17:58:18.543 I/dalvikvm-heap(  978): Grow heap (frag case) to 9.280MB for 457616-byte allocation
07-09 17:58:18.544 W/GpsLocationProvider(  900): Could not open GPS configuration file /etc/gps.conf
07-09 17:58:18.545 W/ServiceWatcher(  900): com.google.android.gms not found
07-09 17:58:18.546 W/ServiceWatcher(  900): com.google.android.gms not found
07-09 17:58:18.554 I/ActivityManager(  900): Start proc com.amap.android.location for service com.amap.android.location/.NetworkLocationService: pid=1091 uid=10015 gids={50015, 3003, 1028, 1015}
07-09 17:58:18.555 W/ServiceWatcher(  900): com.google.android.gms not found
07-09 17:58:18.557 W/ServiceWatcher(  900): com.google.android.gms not found
07-09 17:58:18.561 E/FlpHardwareProvider(  900): Error hw_get_module 'flp': -2
07-09 17:58:18.561 W/ServiceWatcher(  900): com.google.android.gms not found
07-09 17:58:18.562 E/FlpHardwareProvider(  900): Error hw_get_module 'flp': -2
07-09 17:58:18.562 W/ServiceWatcher(  900): com.google.android.gms not found
07-09 17:58:18.562 E/LocationManagerService(  900): No FusedProvider found.
07-09 17:58:18.563 E/LocationManagerService(  900): no geofence provider found
07-09 17:58:18.566 I/CommonTimeManagementService(  900): No common time service detected on this platform.  Common time services will be unavailable.
07-09 17:58:18.567 D/PowerManagerService(  900): releaseWakeLockInternal: lock=1114374344 [AudioMix], flags=0x0
07-09 17:58:18.568 I/InputReader(  900): Reconfiguring input devices.  changes=0x00000020
07-09 17:58:18.568 D/PowerManagerService(  900): updateWakeLockSummaryLocked: mWakefulness=Awake, mWakeLockSummary=0x0
07-09 17:58:18.568 D/DisplayPowerController(  900): requestPowerState: screenState=2, useProximitySensor=false, screenBrightness=128, screenAutoBrightnessAdjustment=0.0, useAutoBrightness=true, blockScreenOn=false, waitForNegativeProximity=false
07-09 17:58:18.568 D/PowerManagerService(  900): updateScreenStateLocked: mDisplayReady=true, newScreenState=2, mWakefulness=1, mWakeLockSummary=0x0, mUserActivitySummary=0x1, mBootCompleted=false
07-09 17:58:18.568 D/PowerManagerService(  900): Releasing suspend blocker "PowerManagerService.WakeLocks".
07-09 17:58:18.569 D/PowerManagerService(  900): handleSandman: canDream=false, mWakefulness=Awake
07-09 17:58:18.582 I/InputReader(  900): Reconfiguring input devices.  changes=0x00000010
07-09 17:58:18.584 I/ActivityManager(  900): Start proc com.android.phone for added application com.android.phone: pid=1109 uid=1001 gids={41001, 3002, 3001, 3003, 1028, 1015}
07-09 17:58:18.603 I/ActivityManager(  900): Start proc com.xiaomi.account for added application com.xiaomi.account: pid=1121 uid=10052 gids={50052, 3003, 1028, 1015}
07-09 17:58:18.610 I/dalvikvm-heap(  978): Grow heap (frag case) to 11.060MB for 112912-byte allocation
07-09 17:58:18.621 I/ActivityManager(  900): Start proc com.miui for added application com.miui: pid=1141 uid=10055 gids={50055, 3003}
07-09 17:58:18.635 D/dalvikvm( 1077): No JNI_OnLoad found in /system/lib/libpinyin_data_bundle.so 0x423bf840, skipping init
07-09 17:58:18.639 I/ActivityManager(  900): Start proc com.xiaomi.xmsf for added application com.xiaomi.xmsf: pid=1157 uid=10053 gids={50053, 3003, 1028, 1015}
07-09 17:58:18.640 D/DisplayPowerController(  900): time - mLightSensorEnableTime=456,mLightSensorWarmUpTimeConfig=500
07-09 17:58:18.640 D/DisplayPowerController(  900): updateAmbientLux: Initializing: , mRecentShortTermAverageLux=235.44, mRecentLongTermAverageLux=235.44, mAmbientLux=235.44
07-09 17:58:18.640 D/DisplayPowerController(  900): updateAutoBrightness: mScreenAutoBrightness=60, newScreenAutoBrightness=96
07-09 17:58:18.643 D/PermissionCache(  201): checking android.permission.DEVICE_POWER for uid=1000 => granted (378 us)
07-09 17:58:18.643 I/ActivityManager(  900): START u0 {act=android.intent.action.MAIN cat=[android.intent.category.HOME] flg=0x10000000 cmp=com.miui.home/.launcher.Launcher} from pid 0
07-09 17:58:18.656 D/dalvikvm( 1077): No JNI_OnLoad found in /system/lib/libgnustl_shared.so 0x423bf840, skipping init
07-09 17:58:18.659 I/ActivityManager(  900): Start proc com.miui.home for activity com.miui.home/.launcher.Launcher: pid=1171 uid=10007 gids={50007, 3002, 3001, 3003, 1028, 1015}
07-09 17:58:18.666 D/PowerManagerService(  900): updateUserActivitySummaryLocked: mWakefulness=Awake, mUserActivitySummary=0x1, nextTimeout=53000 (in 32542 ms)
07-09 17:58:18.666 D/DisplayPowerController(  900): requestPowerState: screenState=2, useProximitySensor=false, screenBrightness=128, screenAutoBrightnessAdjustment=0.0, useAutoBrightness=true, blockScreenOn=false, waitForNegativeProximity=false
07-09 17:58:18.666 D/PowerManagerService(  900): updateScreenStateLocked: mDisplayReady=true, newScreenState=2, mWakefulness=1, mWakeLockSummary=0x0, mUserActivitySummary=0x1, mBootCompleted=false
07-09 17:58:18.666 D/PowerManagerService(  900): updateIsPoweredLocked: wasPowered=false, mIsPowered=false, oldPlugType=0, mPlugType=0, mBatteryLevel=93
07-09 17:58:18.667 D/PowerManagerService(  900): handleSandman: canDream=false, mWakefulness=Awake
07-09 17:58:18.670 D/dalvikvm(  186): GC_EXPLICIT freed 38K, 1% free 6352K/6408K, paused 1ms+1ms, total 15ms
07-09 17:58:18.670 W/ContextImpl( 1091): Implicit intents with startService are not safe: Intent { act=com.amap.android.location.internal.ANDROID_NLP } android.content.ContextWrapper.bindService:517 com.amap.android.location.l.a:-1 com.amap.android.location.l.<init>:-1 
07-09 17:58:18.682 D/dalvikvm(  186): GC_EXPLICIT freed <1K, 1% free 6352K/6408K, paused 1ms+0ms, total 12ms
07-09 17:58:18.693 D/dalvikvm(  186): GC_EXPLICIT freed <1K, 1% free 6352K/6408K, paused 1ms+1ms, total 11ms
07-09 17:58:18.712 I/Choreographer(  900): Skipped 33 frames!  The application may be doing too much work on its main thread.
07-09 17:58:18.712 I/ActivityManager(  900): Start proc com.android.printspooler for service com.android.printspooler/.PrintSpoolerService: pid=1191 uid=10048 gids={50048}
07-09 17:58:18.717 W/InputMethodManagerService(  900): Focus gain on non-focused client android.view.inputmethod.InputMethodManager$1@4277e190 (uid=1000 pid=900)
07-09 17:58:18.717 W/ContextImpl(  900): Calling a method in the system process without a qualified user: android.app.ContextImpl.startService:1479 android.content.ContextWrapper.startService:494 com.miui.internal.app.SdkLoader$1.run:92 android.os.Handler.handleCallback:733 android.os.Handler.dispatchMessage:95 
07-09 17:58:18.729 I/ActivityManager(  900): Start proc com.android.settings for broadcast com.android.settings/.AnalyticsReceiver: pid=1205 uid=1000 gids={41000, 3003, 1007, 3002, 3001, 1028, 1015, 1004, 2002, 1035, 3005, 1010, 1014}
07-09 17:58:18.731 D/PhoneStatusBar(  978): mStatusBarBackgroundNextLevel=0
07-09 17:58:18.732 D/PhoneStatusBar(  978): mStatusBarBackgroundNextLevel=0
07-09 17:58:18.732 W/NvAppProfileService(  900): App Profiles: Enabled
07-09 17:58:18.737 V/KeyguardServiceDelegate(  900): *** Keyguard connected (yay!)
07-09 17:58:18.740 D/dalvikvm(  978): GetMethodID: not returning static method Landroid/os/Process;.getTotalMemory ()J
07-09 17:58:18.740 D/dalvikvm(  978): GetMethodID: not returning static method Landroid/os/Process;.getFreeMemory ()J
07-09 17:58:18.746 D/PowerManagerService(  900): acquireWakeLockInternal: lock=1115669408, flags=0x1, tag="show keyguard", ws=null, uid=1000, pid=978
07-09 17:58:18.747 D/PowerManagerService(  900): updateWakeLockSummaryLocked: mWakefulness=Awake, mWakeLockSummary=0x1
07-09 17:58:18.747 D/DisplayPowerController(  900): requestPowerState: screenState=2, useProximitySensor=false, screenBrightness=128, screenAutoBrightnessAdjustment=0.0, useAutoBrightness=true, blockScreenOn=false, waitForNegativeProximity=false
07-09 17:58:18.747 D/PowerManagerService(  900): updateScreenStateLocked: mDisplayReady=true, newScreenState=2, mWakefulness=1, mWakeLockSummary=0x1, mUserActivitySummary=0x1, mBootCompleted=false
07-09 17:58:18.747 D/PowerManagerService(  900): Acquiring suspend blocker "PowerManagerService.WakeLocks".
07-09 17:58:18.748 D/PowerManagerService(  900): handleSandman: canDream=false, mWakefulness=Awake
07-09 17:58:18.755 E/dalvikvm( 1157): Jit is enable
07-09 17:58:18.755 E/dalvikvm( 1141): Jit is enable
07-09 17:58:18.757 E/dalvikvm( 1141): Jit is enable
07-09 17:58:18.757 E/dalvikvm( 1141): Jit is enable
07-09 17:58:18.757 E/dalvikvm( 1141): Jit is enable
07-09 17:58:18.757 E/dalvikvm( 1157): Jit is enable
07-09 17:58:18.757 E/dalvikvm( 1157): Jit is enable
07-09 17:58:18.757 E/dalvikvm( 1157): Jit is enable
07-09 17:58:18.758 E/dalvikvm( 1141): Jit is enable
07-09 17:58:18.758 E/dalvikvm( 1141): Jit is enable
07-09 17:58:18.758 E/dalvikvm( 1121): Jit is enable
07-09 17:58:18.758 E/dalvikvm( 1141): Jit is enable
07-09 17:58:18.763 E/dalvikvm( 1157): Jit is enable
07-09 17:58:18.763 E/dalvikvm( 1157): Jit is enable
07-09 17:58:18.763 E/dalvikvm( 1157): Jit is enable
07-09 17:58:18.764 E/dalvikvm( 1121): Jit is enable
07-09 17:58:18.764 E/dalvikvm( 1121): Jit is enable
07-09 17:58:18.764 E/dalvikvm( 1121): Jit is enable
07-09 17:58:18.765 E/dalvikvm( 1141): Jit is enable
07-09 17:58:18.765 E/dalvikvm( 1141): Jit is enable
07-09 17:58:18.765 E/dalvikvm( 1141): Jit is enable
07-09 17:58:18.765 E/dalvikvm( 1141): Jit is enable
07-09 17:58:18.765 E/dalvikvm( 1141): Jit is enable
07-09 17:58:18.765 E/dalvikvm( 1141): Jit is enable
07-09 17:58:18.765 E/dalvikvm( 1141): Jit is enable
07-09 17:58:18.766 E/dalvikvm( 1141): Jit is enable
07-09 17:58:18.767 E/dalvikvm( 1141): Jit is enable
07-09 17:58:18.767 E/dalvikvm( 1157): Jit is enable
07-09 17:58:18.767 E/dalvikvm( 1157): Jit is enable
07-09 17:58:18.767 E/dalvikvm( 1157): Jit is enable
07-09 17:58:18.767 E/dalvikvm( 1157): Jit is enable
07-09 17:58:18.767 E/dalvikvm( 1157): Jit is enable
07-09 17:58:18.767 E/dalvikvm( 1157): Jit is enable
07-09 17:58:18.767 E/dalvikvm( 1157): Jit is enable
07-09 17:58:18.767 E/dalvikvm( 1121): Jit is enable
07-09 17:58:18.768 E/dalvikvm( 1121): Jit is enable
07-09 17:58:18.768 E/dalvikvm( 1121): Jit is enable
07-09 17:58:18.772 D/PowerManagerService(  900): updateUserActivitySummaryLocked: mWakefulness=Awake, mUserActivitySummary=0x1, nextTimeout=53000 (in 32436 ms)
07-09 17:58:18.772 D/DisplayPowerController(  900): requestPowerState: screenState=2, useProximitySensor=false, screenBrightness=128, screenAutoBrightnessAdjustment=0.0, useAutoBrightness=true, blockScreenOn=false, waitForNegativeProximity=false
07-09 17:58:18.772 D/PowerManagerService(  900): updateScreenStateLocked: mDisplayReady=true, newScreenState=2, mWakefulness=1, mWakeLockSummary=0x1, mUserActivitySummary=0x1, mBootCompleted=false
07-09 17:58:18.774 D/PowerManagerService(  900): handleSandman: canDream=false, mWakefulness=Awake
07-09 17:58:18.776 E/dalvikvm( 1141): Jit is enable
07-09 17:58:18.776 I/PrintSpoolerService( 1191): No existing print spooler state.
07-09 17:58:18.776 E/dalvikvm( 1157): Jit is enable
07-09 17:58:18.777 E/dalvikvm( 1157): Jit is enable
07-09 17:58:18.777 E/dalvikvm( 1141): Jit is enable
07-09 17:58:18.777 E/dalvikvm( 1141): Jit is enable
07-09 17:58:18.777 D/BluetoothManagerService(  900): Message: 300
07-09 17:58:18.777 D/BluetoothManagerService(  900): MESSAGE_USER_SWITCHED
07-09 17:58:18.778 E/dalvikvm( 1141): Jit is enable
07-09 17:58:18.778 E/dalvikvm( 1141): Jit is enable
07-09 17:58:18.779 E/dalvikvm( 1141): Jit is enable
07-09 17:58:18.779 E/dalvikvm( 1141): Jit is enable
07-09 17:58:18.780 E/dalvikvm( 1141): Jit is enable
07-09 17:58:18.780 E/dalvikvm( 1141): Jit is enable
07-09 17:58:18.780 D/dalvikvm( 1141): GetMethodID: not returning static method Landroid/graphics/drawable/Drawable;.createFromXmlInner (Landroid/content/res/Resources;Lorg/xmlpull/v1/XmlPullParser;Landroid/util/AttributeSet;)Landroid/graphics/drawable/Drawable;
07-09 17:58:18.780 E/dalvikvm( 1141): Jit is enable
07-09 17:58:18.781 E/dalvikvm( 1157): Jit is enable
07-09 17:58:18.783 E/dalvikvm( 1157): Jit is enable
07-09 17:58:18.783 E/dalvikvm( 1157): Jit is enable
07-09 17:58:18.783 V/NvAudioPolicyManager(  188): setForceUse() usage 3, config 8, mPhoneState 0
07-09 17:58:18.783 V/NvAudioPolicyManager(  188): getNewDevice() selected device 0
07-09 17:58:18.783 V/NvAudioPolicyManager(  188): setOutputDevice() output 2 device 0000 delayMs 0
07-09 17:58:18.783 V/NvAudioPolicyManager(  188): setOutputDevice() prevDevice 0002
07-09 17:58:18.783 V/NvAudioPolicyManager(  188): setOutputDevice() setting same device 0000 or null device for output 2
07-09 17:58:18.783 V/nvaudio_hw(  188): nvaudio_dev_set_parameters : nv_param_media_routing=2
07-09 17:58:18.783 V/nvaudio_hw(  188): Media is routed to :2
07-09 17:58:18.784 E/dalvikvm( 1157): Jit is enable
07-09 17:58:18.784 E/dalvikvm( 1157): Jit is enable
07-09 17:58:18.786 I/MediaFocusControl(  900):   Remote Control   registerMediaButtonIntent() for PendingIntent{42810208: PendingIntentRecord{4277b6e8 android broadcastIntent}}
07-09 17:58:18.790 E/dalvikvm( 1157): Jit is enable
07-09 17:58:18.790 E/dalvikvm( 1157): Jit is enable
07-09 17:58:18.793 E/dalvikvm( 1171): Jit is enable
07-09 17:58:18.794 E/dalvikvm( 1157): Jit is enable
07-09 17:58:18.794 E/dalvikvm( 1121): Jit is enable
07-09 17:58:18.794 E/dalvikvm( 1121): Jit is enable
07-09 17:58:18.794 E/dalvikvm( 1121): Jit is enable
07-09 17:58:18.794 E/dalvikvm( 1121): Jit is enable
07-09 17:58:18.794 E/dalvikvm( 1121): Jit is enable
07-09 17:58:18.795 E/dalvikvm( 1121): Jit is enable
07-09 17:58:18.795 E/dalvikvm( 1121): Jit is enable
07-09 17:58:18.795 E/dalvikvm( 1157): Jit is enable
07-09 17:58:18.795 D/dalvikvm( 1157): GetMethodID: not returning static method Landroid/graphics/drawable/Drawable;.createFromXmlInner (Landroid/content/res/Resources;Lorg/xmlpull/v1/XmlPullParser;Landroid/util/AttributeSet;)Landroid/graphics/drawable/Drawable;
07-09 17:58:18.795 E/dalvikvm( 1157): Jit is enable
07-09 17:58:18.796 E/dalvikvm( 1121): Jit is enable
07-09 17:58:18.797 E/dalvikvm( 1121): Jit is enable
07-09 17:58:18.797 D/libEGL  (  978): loaded /system/lib/egl/libEGL_tegra.so
07-09 17:58:18.798 I/        (  978): Attempting to load EGL implementation libEGL_tegra_impl
07-09 17:58:18.798 E/dalvikvm( 1121): Jit is enable
07-09 17:58:18.801 E/dalvikvm( 1121): Jit is enable
07-09 17:58:18.801 E/dalvikvm( 1121): Jit is enable
07-09 17:58:18.802 E/dalvikvm( 1171): Jit is enable
07-09 17:58:18.802 E/dalvikvm( 1171): Jit is enable
07-09 17:58:18.802 E/dalvikvm( 1171): Jit is enable
07-09 17:58:18.803 E/dalvikvm( 1121): Jit is enable
07-09 17:58:18.803 E/dalvikvm( 1121): Jit is enable
07-09 17:58:18.804 E/dalvikvm( 1121): Jit is enable
07-09 17:58:18.804 E/dalvikvm( 1121): Jit is enable
07-09 17:58:18.804 E/dalvikvm( 1171): Jit is enable
07-09 17:58:18.804 E/dalvikvm( 1171): Jit is enable
07-09 17:58:18.804 E/dalvikvm( 1171): Jit is enable
07-09 17:58:18.805 E/dalvikvm( 1121): Jit is enable
07-09 17:58:18.806 E/dalvikvm( 1121): Jit is enable
07-09 17:58:18.806 D/dalvikvm( 1121): GetMethodID: not returning static method Landroid/graphics/drawable/Drawable;.createFromXmlInner (Landroid/content/res/Resources;Lorg/xmlpull/v1/XmlPullParser;Landroid/util/AttributeSet;)Landroid/graphics/drawable/Drawable;
07-09 17:58:18.806 E/dalvikvm( 1121): Jit is enable
07-09 17:58:18.806 E/dalvikvm( 1171): Jit is enable
07-09 17:58:18.806 E/dalvikvm( 1171): Jit is enable
07-09 17:58:18.807 E/dalvikvm( 1171): Jit is enable
07-09 17:58:18.807 V/AudioPolicyManagerBase(  188): setStreamVolumeIndex() stream 0, device 40000000, index 4
07-09 17:58:18.808 I/        (  978): Loaded EGL implementation libEGL_tegra_impl
07-09 17:58:18.809 D/libEGL  (  978): loaded /system/lib/egl/libGLESv1_CM_tegra.so
07-09 17:58:18.809 V/AudioPolicyManagerBase(  188): setStreamVolumeIndex() stream 0, device 10000, index 4
07-09 17:58:18.811 V/AudioPolicyManagerBase(  188): setStreamVolumeIndex() stream 4, device 40000000, index 6
07-09 17:58:18.811 V/AudioPolicyManagerBase(  188): setStreamVolumeIndex() stream 4, device 10000, index 6
07-09 17:58:18.811 V/AudioPolicyManagerBase(  188): setStreamVolumeIndex() stream 6, device 40000000, index 7
07-09 17:58:18.811 V/NvAudioPolicyManager(  188): checkAndSetVolume() cannot set stream 6 volume with force use = 0 for comm
07-09 17:58:18.812 V/AudioPolicyManagerBase(  188): setStreamVolumeIndex() stream 6, device 10000, index 7
07-09 17:58:18.812 D/libEGL  (  978): loaded /system/lib/egl/libGLESv2_tegra.so
07-09 17:58:18.813 E/dalvikvm( 1171): Jit is enable
07-09 17:58:18.813 E/dalvikvm( 1171): Jit is enable
07-09 17:58:18.813 E/dalvikvm( 1171): Jit is enable
07-09 17:58:18.813 E/dalvikvm( 1171): Jit is enable
07-09 17:58:18.815 V/AudioPolicyManagerBase(  188): setStreamVolumeIndex() stream 8, device 40000000, index 11
07-09 17:58:18.815 D/PowerManagerService(  900): acquireWakeLockInternal: lock=1115798328, flags=0x1, tag="AudioMix", ws=null, uid=1013, pid=188
07-09 17:58:18.816 V/AudioPolicyManagerBase(  188): setStreamVolumeIndex() stream 8, device 0008, index 10
07-09 17:58:18.816 V/AudioPolicyManagerBase(  188): setStreamVolumeIndex() stream 8, device 0002, index 6
07-09 17:58:18.816 V/AudioPolicyManagerBase(  188): setStreamVolumeIndex() stream 8, device 10000, index 11
07-09 17:58:18.816 D/PowerManagerService(  900): updateWakeLockSummaryLocked: mWakefulness=Awake, mWakeLockSummary=0x1
07-09 17:58:18.816 D/DisplayPowerController(  900): requestPowerState: screenState=2, useProximitySensor=false, screenBrightness=128, screenAutoBrightnessAdjustment=0.0, useAutoBrightness=true, blockScreenOn=false, waitForNegativeProximity=false
07-09 17:58:18.816 D/PowerManagerService(  900): updateScreenStateLocked: mDisplayReady=true, newScreenState=2, mWakefulness=1, mWakeLockSummary=0x1, mUserActivitySummary=0x1, mBootCompleted=false
07-09 17:58:18.816 D/PowerManagerService(  900): handleSandman: canDream=false, mWakefulness=Awake
07-09 17:58:18.816 D/PowerManagerService(  900): updateWakeLockWorkSourceInternal: lock=1115798328 [AudioMix], ws=null
07-09 17:58:18.817 V/AudioPolicyManagerBase(  188): setStreamVolumeIndex() stream 8, device 0004, index 6
07-09 17:58:18.818 E/dalvikvm( 1171): Jit is enable
07-09 17:58:18.818 E/dalvikvm( 1171): Jit is enable
07-09 17:58:18.818 V/AudioPolicyManagerBase(  188): setStreamVolumeIndex() stream 9, device 40000000, index 11
07-09 17:58:18.818 V/AudioPolicyManagerBase(  188): setStreamVolumeIndex() stream 9, device 0008, index 10
07-09 17:58:18.820 I/ConfigureLog4J( 1157): log system inited
07-09 17:58:18.821 V/AudioPolicyManagerBase(  188): setStreamVolumeIndex() stream 9, device 0002, index 6
07-09 17:58:18.824 V/AudioPolicyManagerBase(  188): setStreamVolumeIndex() stream 9, device 10000, index 11
07-09 17:58:18.825 V/AudioPolicyManagerBase(  188): setStreamVolumeIndex() stream 9, device 0004, index 6
07-09 17:58:18.825 E/dalvikvm( 1171): Jit is enable
07-09 17:58:18.826 E/mdb_debug(  900): system is not ready, we should not notify systemui.
07-09 17:58:18.826 D/WifiController(  900): battery changed pluggedType: 0
07-09 17:58:18.826 V/BackupManagerService(  900): Connected to transport ComponentInfo{android/com.android.internal.backup.LocalTransportService}
07-09 17:58:18.826 V/BackupManagerService(  900): Registering transport android/com.android.internal.backup.LocalTransportService::android/com.android.internal.backup.LocalTransport = com.android.internal.backup.LocalTransport@427df4d0
07-09 17:58:18.827 V/AudioPolicyManagerBase(  188): setStreamVolumeIndex() stream 3, device 40000000, index 0
07-09 17:58:18.827 V/AudioPolicyManagerBase(  188): setStreamVolumeIndex() stream 3, device 0008, index 0
07-09 17:58:18.828 V/AudioPolicyManagerBase(  188): setStreamVolumeIndex() stream 3, device 0002, index 0
07-09 17:58:18.828 V/AudioPolicyManagerBase(  188): setStreamVolumeIndex() stream 3, device 10000, index 0
07-09 17:58:18.831 V/AudioPolicyManagerBase(  188): setStreamVolumeIndex() stream 3, device 0004, index 0
07-09 17:58:18.831 V/AudioPolicyManagerBase(  188): setStreamVolumeIndex() stream 9, device 40000000, index 11
07-09 17:58:18.831 E/dalvikvm( 1171): Jit is enable
07-09 17:58:18.831 E/dalvikvm( 1171): Jit is enable
07-09 17:58:18.834 E/dalvikvm( 1171): Jit is enable
07-09 17:58:18.834 E/dalvikvm( 1171): Jit is enable
07-09 17:58:18.835 E/dalvikvm( 1171): Jit is enable
07-09 17:58:18.835 E/dalvikvm( 1171): Jit is enable
07-09 17:58:18.837 V/AudioPolicyManagerBase(  188): setStreamVolumeIndex() stream 9, device 0008, index 10
07-09 17:58:18.837 E/dalvikvm( 1171): Jit is enable
07-09 17:58:18.837 V/AudioPolicyManagerBase(  188): setStreamVolumeIndex() stream 9, device 0002, index 6
07-09 17:58:18.838 E/dalvikvm( 1171): Jit is enable
07-09 17:58:18.838 D/dalvikvm( 1171): GetMethodID: not returning static method Landroid/graphics/drawable/Drawable;.createFromXmlInner (Landroid/content/res/Resources;Lorg/xmlpull/v1/XmlPullParser;Landroid/util/AttributeSet;)Landroid/graphics/drawable/Drawable;
07-09 17:58:18.838 E/dalvikvm( 1171): Jit is enable
07-09 17:58:18.839 V/AudioPolicyManagerBase(  188): setStreamVolumeIndex() stream 9, device 10000, index 11
07-09 17:58:18.839 V/AudioPolicyManagerBase(  188): setStreamVolumeIndex() stream 9, device 0004, index 6
07-09 17:58:18.839 V/AudioPolicyManagerBase(  188): setStreamVolumeIndex() stream 8, device 40000000, index 11
07-09 17:58:18.839 W/ContextImpl( 1091): Implicit intents with startService are not safe: Intent { act=com.amap.android.location.internal.ANDROID_NLP } android.content.ContextWrapper.bindService:517 com.amap.android.location.l.a:-1 com.amap.android.location.l.<init>:-1 
07-09 17:58:18.840 V/AudioPolicyManagerBase(  188): setStreamVolumeIndex() stream 8, device 0008, index 10
07-09 17:58:18.840 V/AudioPolicyManagerBase(  188): setStreamVolumeIndex() stream 8, device 0002, index 6
07-09 17:58:18.841 D/dalvikvm( 1171): GetMethodID: not returning static method Landroid/os/Process;.getTotalMemory ()J
07-09 17:58:18.841 D/dalvikvm( 1171): GetMethodID: not returning static method Landroid/os/Process;.getFreeMemory ()J
07-09 17:58:18.841 V/AudioPolicyManagerBase(  188): setStreamVolumeIndex() stream 8, device 10000, index 11
07-09 17:58:18.847 V/AudioPolicyManagerBase(  188): setStreamVolumeIndex() stream 8, device 0004, index 6
07-09 17:58:18.847 D/PowerManagerService(  900): acquireWakeLockInternal: lock=1115843096, flags=0x1, tag="GsmCellBroadcastHandler", ws=null, uid=1001, pid=1109
07-09 17:58:18.847 D/PowerManagerService(  900): updateWakeLockSummaryLocked: mWakefulness=Awake, mWakeLockSummary=0x1
07-09 17:58:18.847 D/DisplayPowerController(  900): requestPowerState: screenState=2, useProximitySensor=false, screenBrightness=128, screenAutoBrightnessAdjustment=0.0, useAutoBrightness=true, blockScreenOn=false, waitForNegativeProximity=false
07-09 17:58:18.847 D/PowerManagerService(  900): updateScreenStateLocked: mDisplayReady=true, newScreenState=2, mWakefulness=1, mWakeLockSummary=0x1, mUserActivitySummary=0x1, mBootCompleted=false
07-09 17:58:18.847 D/PowerManagerService(  900): handleSandman: canDream=false, mWakefulness=Awake
07-09 17:58:18.848 V/AudioPolicyManagerBase(  188): setStreamVolumeIndex() stream 7, device 40000000, index 0
07-09 17:58:18.849 V/AudioPolicyManagerBase(  188): setStreamVolumeIndex() stream 7, device 0008, index 0
07-09 17:58:18.849 V/AudioPolicyManagerBase(  188): setStreamVolumeIndex() stream 7, device 0002, index 0
07-09 17:58:18.849 V/AudioPolicyManagerBase(  188): setStreamVolumeIndex() stream 7, device 10000, index 0
07-09 17:58:18.849 V/AudioPolicyManagerBase(  188): setStreamVolumeIndex() stream 7, device 0004, index 0
07-09 17:58:18.850 V/AudioPolicyManagerBase(  188): setStreamVolumeIndex() stream 1, device 40000000, index 0
07-09 17:58:18.850 V/AudioPolicyManagerBase(  188): setStreamVolumeIndex() stream 1, device 0008, index 0
07-09 17:58:18.850 V/AudioPolicyManagerBase(  188): setStreamVolumeIndex() stream 1, device 0002, index 0
07-09 17:58:18.850 V/AudioPolicyManagerBase(  188): setStreamVolumeIndex() stream 1, device 10000, index 0
07-09 17:58:18.851 V/AudioPolicyManagerBase(  188): setStreamVolumeIndex() stream 1, device 0004, index 0
07-09 17:58:18.859 D/PowerManagerService(  900): acquireWakeLockInternal: lock=1115859384, flags=0x1, tag="GsmInboundSmsHandler", ws=null, uid=1001, pid=1109
07-09 17:58:18.859 D/PowerManagerService(  900): updateWakeLockSummaryLocked: mWakefulness=Awake, mWakeLockSummary=0x1
07-09 17:58:18.859 D/DisplayPowerController(  900): requestPowerState: screenState=2, useProximitySensor=false, screenBrightness=128, screenAutoBrightnessAdjustment=0.0, useAutoBrightness=true, blockScreenOn=false, waitForNegativeProximity=false
07-09 17:58:18.859 D/PowerManagerService(  900): updateScreenStateLocked: mDisplayReady=true, newScreenState=2, mWakefulness=1, mWakeLockSummary=0x1, mUserActivitySummary=0x1, mBootCompleted=false
07-09 17:58:18.859 D/PowerManagerService(  900): handleSandman: canDream=false, mWakefulness=Awake
07-09 17:58:18.866 D/PowerManagerService(  900): acquireWakeLockInternal: lock=1115326264, flags=0x1, tag="LocationManagerService", ws=WorkSource{1000 android}, uid=1000, pid=900
07-09 17:58:18.873 D/PowerManagerService(  900): updateWakeLockSummaryLocked: mWakefulness=Awake, mWakeLockSummary=0x1
07-09 17:58:18.873 D/DisplayPowerController(  900): requestPowerState: screenState=2, useProximitySensor=false, screenBrightness=128, screenAutoBrightnessAdjustment=0.0, useAutoBrightness=true, blockScreenOn=false, waitForNegativeProximity=false
07-09 17:58:18.873 D/PowerManagerService(  900): updateScreenStateLocked: mDisplayReady=true, newScreenState=2, mWakefulness=1, mWakeLockSummary=0x1, mUserActivitySummary=0x1, mBootCompleted=false
07-09 17:58:18.873 D/PowerManagerService(  900): handleSandman: canDream=false, mWakefulness=Awake
07-09 17:58:18.874 D/PowerManagerService(  900): acquireWakeLockInternal: lock=1117580704, flags=0x1, tag="LocationManagerService", ws=WorkSource{1000 android}, uid=1000, pid=900
07-09 17:58:18.874 D/PowerManagerService(  900): updateWakeLockSummaryLocked: mWakefulness=Awake, mWakeLockSummary=0x1
07-09 17:58:18.874 D/DisplayPowerController(  900): requestPowerState: screenState=2, useProximitySensor=false, screenBrightness=128, screenAutoBrightnessAdjustment=0.0, useAutoBrightness=true, blockScreenOn=false, waitForNegativeProximity=false
07-09 17:58:18.874 D/PowerManagerService(  900): updateScreenStateLocked: mDisplayReady=true, newScreenState=2, mWakefulness=1, mWakeLockSummary=0x1, mUserActivitySummary=0x1, mBootCompleted=false
07-09 17:58:18.875 D/PowerManagerService(  900): handleSandman: canDream=false, mWakefulness=Awake
07-09 17:58:18.875 D/PowerManagerService(  900): acquireWakeLockInternal: lock=1115659752, flags=0x1, tag="LocationManagerService", ws=WorkSource{1000 android}, uid=1000, pid=900
07-09 17:58:18.875 D/PowerManagerService(  900): updateWakeLockSummaryLocked: mWakefulness=Awake, mWakeLockSummary=0x1
07-09 17:58:18.876 D/DisplayPowerController(  900): requestPowerState: screenState=2, useProximitySensor=false, screenBrightness=128, screenAutoBrightnessAdjustment=0.0, useAutoBrightness=true, blockScreenOn=false, waitForNegativeProximity=false
07-09 17:58:18.876 D/PowerManagerService(  900): updateScreenStateLocked: mDisplayReady=true, newScreenState=2, mWakefulness=1, mWakeLockSummary=0x1, mUserActivitySummary=0x1, mBootCompleted=false
07-09 17:58:18.876 D/PowerManagerService(  900): handleSandman: canDream=false, mWakefulness=Awake
