07-09 17:58:17.284 W/PackageManager(  900): Unknown permission com.android.vending.BILLING in package com.madfingergames.deadtrigger
07-09 17:58:17.284 W/PackageManager(  900): Unknown permission com.tencent.pad.qq.permission.READ_SETTINGS in package com.tencent.hd.qq
07-09 17:58:17.284 W/PackageManager(  900): Unknown permission com.tencent.pad.qq.permission.WRITE_SETTINGS in package com.tencent.hd.qq
07-09 17:58:17.285 W/PackageManager(  900): Unknown permission com.google.android.googleapps.permission.GOOGLE_AUTH in package com.android.settings
07-09 17:58:17.288 W/PackageManager(  900): Unknown permission com.xiaomi.permission.RECEIVE_BROADCAST_REPORT in package com.android.settings
07-09 17:58:17.288 W/PackageManager(  900): Unknown permission com.xiaomi.permission.WIFI_SHARE in package com.android.settings
07-09 17:58:17.289 W/PackageManager(  900): Not granting permission android.permission.ACCESS_DOWNLOAD_MANAGER to package com.xunlei.downloadprovider.pad (protectionLevel=18 flags=0x18be44)
07-09 17:58:17.289 W/PackageManager(  900): Not granting permission android.permission.MOUNT_UNMOUNT_FILESYSTEMS to package com.xunlei.downloadprovider.pad (protectionLevel=18 flags=0x18be44)
07-09 17:58:17.289 W/PackageManager(  900): Unknown permission android.permission.READ_SETTINGS in package com.xunlei.downloadprovider.pad
07-09 17:58:17.289 W/PackageManager(  900): Not granting permission android.permission.READ_LOGS to package com.xunlei.downloadprovider.pad (protectionLevel=50 flags=0x18be44)
07-09 17:58:17.289 W/PackageManager(  900): Unknown permission android.permission.WRITE_INTERNAL_STORAGE in package com.xunlei.downloadprovider.pad
07-09 17:58:17.290 W/PackageManager(  900): Unknown permission miui.permission.SHELL in package com.xiaomi.gamecenter.pad
07-09 17:58:17.291 W/PackageManager(  900): Not granting permission android.permission.BATTERY_STATS to package com.nd.assistance (protectionLevel=18 flags=0xae46)
07-09 17:58:17.291 W/PackageManager(  900): Unknown permission android.permission.READ_OWNER_DATA in package com.nd.assistance
07-09 17:58:17.291 W/PackageManager(  900): Unknown permission android.permission.WRITE_OWNER_DATA in package com.nd.assistance
07-09 17:58:17.291 W/PackageManager(  900): Not granting permission android.permission.DEVICE_POWER to package com.nd.assistance (protectionLevel=2 flags=0xae46)
07-09 17:58:17.293 W/PackageManager(  900): Unknown permission miui.permission.SHELL in package com.miui.home
07-09 17:58:17.293 W/PackageManager(  900): Unknown permission miui.permission.EXTRA_NETWORK in package com.miui.home
07-09 17:58:17.293 W/PackageManager(  900): Not granting permission android.permission.DELETE_PACKAGES to package com.svox.pico (protectionLevel=18 flags=0x8be45)
07-09 17:58:17.293 W/PackageManager(  900): Not granting permission android.permission.MOUNT_UNMOUNT_FILESYSTEMS to package com.storm.smart (protectionLevel=18 flags=0x18be44)
07-09 17:58:17.293 W/PackageManager(  900): Not granting permission android.permission.READ_LOGS to package com.storm.smart (protectionLevel=50 flags=0x18be44)
07-09 17:58:17.294 W/PackageManager(  900): Unknown permission com.antutu.ABenchMark.permission.MIPUSH_RECEIVE in package com.antutu.ABenchMark
07-09 17:58:17.294 W/PackageManager(  900): Unknown permission android.permission.VIBRATION in package com.baidu.padinput_mi
07-09 17:58:17.294 W/PackageManager(  900): Unknown permission com.google.android.c2dm.permission.RECEIVE in package com.justyo
07-09 17:58:17.294 W/PackageManager(  900): Unknown permission android.permission.ACCESS_GPS in package com.baidu.BaiduMap.pad
07-09 17:58:17.295 W/PackageManager(  900): Not granting permission android.permission.READ_LOGS to package com.cleanmaster.miui_module (protectionLevel=50 flags=0x8be45)
07-09 17:58:17.295 W/PackageManager(  900): Not granting permission android.permission.BATTERY_STATS to package com.cleanmaster.miui_module (protectionLevel=18 flags=0x8be45)
07-09 17:58:17.295 W/PackageManager(  900): Unknown permission com.google.android.c2dm.permission.RECEIVE in package flipboard.cn
07-09 17:58:17.295 W/PackageManager(  900): Unknown permission com.xiaomi.permission.ACTIVATE_SIM in package com.xiaomi.account
07-09 17:58:17.295 W/PackageManager(  900): Not granting permission android.permission.INSTALL_LOCATION_PROVIDER to package com.amap.android.location (protectionLevel=18 flags=0x8be4d)
07-09 17:58:17.295 W/PackageManager(  900): Not granting permission android.permission.WRITE_SECURE_SETTINGS to package com.amap.android.location (protectionLevel=50 flags=0x8be4d)
07-09 17:58:17.295 W/PackageManager(  900): Not granting permission android.permission.UPDATE_DEVICE_STATS to package com.amap.android.location (protectionLevel=18 flags=0x8be4d)
07-09 17:58:17.296 W/PackageManager(  900): Not granting permission android.permission.CHANGE_CONFIGURATION to package com.tencent.mobileqqi (protectionLevel=50 flags=0x8be44)
07-09 17:58:17.296 W/PackageManager(  900): Not granting permission android.permission.READ_LOGS to package com.tencent.mobileqqi (protectionLevel=50 flags=0x8be44)
07-09 17:58:17.296 W/PackageManager(  900): Unknown permission android.permission.WRITE_OWNER_DATA in package com.tencent.mobileqqi
07-09 17:58:17.296 W/PackageManager(  900): Unknown permission android.permission.SYSTEM_OVERLAY_WINDOW in package com.tencent.mobileqqi
07-09 17:58:17.296 W/PackageManager(  900): Unknown permission com.google.android.providers.gsf.permission.READ_GSERVICES in package com.tencent.mobileqqi
07-09 17:58:17.296 W/PackageManager(  900): Not granting permission android.permission.CHANGE_CONFIGURATION to package cn.yunyoyo.teeaohds.gfeng (protectionLevel=50 flags=0x8be44)
07-09 17:58:17.296 W/PackageManager(  900): Not granting permission android.permission.MOUNT_UNMOUNT_FILESYSTEMS to package cn.yunyoyo.teeaohds.gfeng (protectionLevel=18 flags=0x8be44)
07-09 17:58:17.296 W/PackageManager(  900): Not granting permission android.permission.CHANGE_CONFIGURATION to package com.baidu.video.pad (protectionLevel=50 flags=0x18be44)
07-09 17:58:17.296 W/PackageManager(  900): Not granting permission android.permission.MOUNT_UNMOUNT_FILESYSTEMS to package com.baidu.video.pad (protectionLevel=18 flags=0x18be44)
07-09 17:58:17.296 W/PackageManager(  900): Not granting permission android.permission.READ_LOGS to package com.baidu.video.pad (protectionLevel=50 flags=0x18be44)
07-09 17:58:17.296 W/PackageManager(  900): Unknown permission android.permission.ACCES_MOCK_LOCATION in package com.baidu.video.pad
07-09 17:58:17.296 W/PackageManager(  900): Unknown permission android.webkit.permission.PLUGIN in package com.baidu.video.pad
07-09 17:58:17.296 W/PackageManager(  900): Unknown permission com.android.vending.BILLING in package com.evernote
07-09 17:58:17.297 W/PackageManager(  900): Unknown permission com.sonymobile.permission.CAMERA_ADDON in package com.evernote
07-09 17:58:17.298 W/PackageManager(  900): Unknown permission miui.permission.SHELL in package com.xiaomi.market
07-09 17:58:17.298 W/PackageManager(  900): Unknown permission android.permission.RUN_INSTRUMENTATION in package com.funshion.video
07-09 17:58:17.299 W/PackageManager(  900): Not granting permission android.permission.MOUNT_UNMOUNT_FILESYSTEMS to package com.funshion.video (protectionLevel=18 flags=0xbe44)
07-09 17:58:17.299 W/PackageManager(  900): Unknown permission android.permission.RAISED_THREAD_PRIORITY in package com.funshion.video
07-09 17:58:17.299 W/PackageManager(  900): Not granting permission android.permission.READ_LOGS to package com.funshion.video (protectionLevel=50 flags=0xbe44)
07-09 17:58:17.299 W/PackageManager(  900): Not granting permission android.permission.PACKAGE_USAGE_STATS to package com.android.providers.applications (protectionLevel=18 flags=0x8be45)
07-09 17:58:17.299 W/PackageManager(  900): Unknown permission android.permission.RECEIVE_USER_PRESENT in package com.pplive.androidphone
07-09 17:58:17.299 W/PackageManager(  900): Not granting permission android.permission.CHANGE_CONFIGURATION to package com.pplive.androidphone (protectionLevel=50 flags=0xbe44)
07-09 17:58:17.299 W/PackageManager(  900): Not granting permission android.permission.READ_LOGS to package com.pplive.androidphone (protectionLevel=50 flags=0xbe44)
07-09 17:58:17.299 W/PackageManager(  900): Not granting permission android.permission.ACCESS_DOWNLOAD_MANAGER to package com.pplive.androidphone (protectionLevel=18 flags=0xbe44)
07-09 17:58:17.299 W/PackageManager(  900): Unknown permission android.permission.SYSTEM_OVERLAY_WINDOW in package com.pplive.androidphone
07-09 17:58:17.299 W/PackageManager(  900): Unknown permission android.permission.READ_SETTINGS in package com.pplive.androidphone
07-09 17:58:17.299 W/PackageManager(  900): Not granting permission android.permission.CHANGE_CONFIGURATION to package ctrip.pad.view (protectionLevel=50 flags=0x8be44)
07-09 17:58:17.299 W/PackageManager(  900): Not granting permission android.permission.READ_LOGS to package com.mappn.gfan (protectionLevel=50 flags=0x8be44)
07-09 17:58:17.299 W/PackageManager(  900): Not granting permission android.permission.INSTALL_PACKAGES to package com.mappn.gfan (protectionLevel=18 flags=0x8be44)
07-09 17:58:17.302 W/PackageManager(  900): Not granting permission android.permission.DEVICE_POWER to package com.android.deskclock (protectionLevel=2 flags=0x48be45)
07-09 17:58:17.302 W/PackageManager(  900): Not granting permission android.permission.READ_LOGS to package com.xiaomi.gamecenter.sdk.service (protectionLevel=50 flags=0x8be45)
07-09 17:58:17.302 W/PackageManager(  900): Not granting permission android.permission.INSTALL_PACKAGES to package com.xiaomi.gamecenter.sdk.service (protectionLevel=18 flags=0x8be45)
07-09 17:58:17.307 W/PackageManager(  900): Unknown permission com.xiaomi.permission.ACTIVATE_SIM in package com.xiaomi.xmsf
07-09 17:58:17.308 W/PackageManager(  900): Unknown permission .permission.MIPUSH_RECEIVE in package com.xiaomi.payment
07-09 17:58:17.308 W/PackageManager(  900): Unknown permission com.miui.video.permission.MIPUSH_RECEIVE in package com.miui.video
07-09 17:58:17.366 D/dalvikvm(  900): GC_CONCURRENT freed 726K, 8% free 9651K/10396K, paused 2ms+1ms, total 35ms
07-09 17:58:17.458 D/dalvikvm(  900): GC_EXPLICIT freed 166K, 8% free 9574K/10396K, paused 1ms+2ms, total 30ms
07-09 17:58:17.460 I/SystemServer(  900): Entropy Mixer
07-09 17:58:17.461 I/EntropyMixer(  900): Writing entropy...
07-09 17:58:17.469 I/SystemServer(  900): User Service
07-09 17:58:17.469 I/SystemServer(  900): Account Manager
07-09 17:58:17.473 I/SystemServer(  900): Content Manager
07-09 17:58:17.473 I/SystemServer(  900): System Content Providers
07-09 17:58:17.494 I/SystemServer(  900): Lights Service
07-09 17:58:17.540 I/SystemServer(  900): Battery Service
07-09 17:58:17.584 E/ConsumerIrService(  900): Can't open consumer IR HW Module, error: -2
07-09 17:58:17.584 I/SystemServer(  900): Vibrator Service
07-09 17:58:17.584 I/SystemServer(  900): Consumer IR Service
07-09 17:58:17.589 W/libsuspend(  900): Error writing 'on' to /sys/power/state: Invalid argument
07-09 17:58:17.589 I/libsuspend(  900): Selected autosleep
07-09 17:58:17.589 I/powerHAL::common(  900): Enabling input device:4
07-09 17:58:17.589 D/PermissionCache(  185): checking android.permission.ACCESS_SURFACE_FLINGER for uid=1000 => granted (175 us)
07-09 17:58:17.589 D/SurfaceFlinger(  185): Screen acquired, type=0 flinger=0xb6fcb450
07-09 17:58:17.589 D/SurfaceFlinger(  185):  screen was previously acquired
07-09 17:58:17.589 I/SystemServer(  900): Alarm Manager
07-09 17:58:17.590 D/AlarmManagerService(  900): Kernel timezone updated to -480 minutes west of GMT
07-09 17:58:17.597 I/SystemServer(  900): Init Watchdog
07-09 17:58:17.597 I/SystemServer(  900): Input Manager
07-09 17:58:17.597 I/InputManager(  900): Initializing input manager, mUseDevInputEventForAudioJack=true
07-09 17:58:17.597 I/SystemServer(  900): Window Manager
07-09 17:58:17.600 I/WindowManager(  900): No existing display settings /data/system/display_settings.xml; starting empty
07-09 17:58:17.627 D/SensorHAL(  900): lsm6db0_accel: batch mode set to "disabled", timeout 0, sampling frequency 15.0Hz.
07-09 17:58:17.660 D/SensorHAL(  900): lsm6db0_accel: power-on.
07-09 17:58:17.692 I/WindowManager(  900): No keyguard interface!
07-09 17:58:17.701 W/linker  (  900): libImmVibeJ.so has text relocations. This is wasting memory and is a security risk. Please fix.
07-09 17:58:17.702 I/ImmVibe (  900): JOEM_IMMVIBE: Version 3.7.10.1.
07-09 17:58:17.702 I/ImmVibe (  900): 
07-09 17:58:17.703 I/HapticFeedbackUtil(  900): 4Effect - virtual_key_long_press_normal
07-09 17:58:17.703 I/HapticFeedbackUtil(  900): 2Effect - virtual_key_tap_normal
07-09 17:58:17.703 I/HapticFeedbackUtil(  900): 2Effect - virtual_key_down_normal
07-09 17:58:17.703 I/HapticFeedbackUtil(  900): 3Effect - virtual_key_up_normal
07-09 17:58:17.703 I/HapticFeedbackUtil(  900): 4Effect - virtual_key_home_long_press_normal
07-09 17:58:17.703 I/HapticFeedbackUtil(  900): 4Effect - virtual_key_menu_long_press_normal
07-09 17:58:17.705 I/InputManager(  900): Starting input manager
07-09 17:58:17.707 I/InputManager-JNI(  900): Setting right stick mouse feature to enabled.
07-09 17:58:17.707 I/InputManager-JNI(  900): Setting show stylus feature to enabled.
07-09 17:58:17.707 I/InputManager-JNI(  900): Setting show eraser feature to enabled.
07-09 17:58:17.708 I/SystemServer(  900): Bluetooth Manager Service
07-09 17:58:17.709 D/BluetoothManagerService(  900): Loading stored name and address
07-09 17:58:17.709 D/BluetoothManagerService(  900): Stored bluetooth Name=Bluedroid,Address=22:22:47:78:34:91
07-09 17:58:17.709 I/SystemServer(  900): Input Method Service
07-09 17:58:17.710 W/InputMethodManagerService(  900): Couldn't create dir.: /data/system/inputmethod
07-09 17:58:17.711 I/InputReader(  900): Reconfiguring input devices.  changes=0x00000088
07-09 17:58:17.717 I/SystemServer(  900): Accessibility Manager
07-09 17:58:17.720 I/ActivityManager(  900): Config changes=1df8 {1.0 ?mcc?mnc zh_CN ldltr sw768dp w768dp h1024dp 320dpi xlrg port ?uimode ?night -touch -keyb/v/h -nav/h s.2 themeChanged=0 themeChangedFlags=0}
07-09 17:58:17.721 D/EventHub(  900): No input device configuration file found for device 'gpio-keys.4'.
07-09 17:58:17.725 W/EventHub(  900): Unable to disable kernel key repeat for /dev/input/event3: Function not implemented
07-09 17:58:17.725 I/EventHub(  900): New device: id=1, fd=181, path='/dev/input/event3', name='gpio-keys.4', classes=0x81, configuration='', keyLayout='/system/usr/keylayout/Generic.kl', keyCharacterMap='/system/usr/keychars/Generic.kcm', builtinKeyboard=false, usingSuspendBlockIoctl=true, usingClockIoctl=true
07-09 17:58:17.725 D/EventHub(  900): No input device configuration file found for device 'atmel-maxtouch'.
07-09 17:58:17.727 W/EventHub(  900): Unable to disable kernel key repeat for /dev/input/event4: Function not implemented
07-09 17:58:17.727 I/EventHub(  900): New device: id=2, fd=183, path='/dev/input/event4', name='atmel-maxtouch', classes=0x15, configuration='', keyLayout='/system/usr/keylayout/atmel-maxtouch.kl', keyCharacterMap='/system/usr/keychars/Generic.kcm', builtinKeyboard=false, usingSuspendBlockIoctl=true, usingClockIoctl=true
07-09 17:58:17.727 D/EventHub(  900): No input device configuration file found for device 'tegra-rt5671 headphone detect'.
07-09 17:58:17.728 W/EventHub(  900): Unable to disable kernel key repeat for /dev/input/event2: Function not implemented
07-09 17:58:17.728 I/EventHub(  900): New device: id=3, fd=184, path='/dev/input/event2', name='tegra-rt5671 headphone detect', classes=0x81, configuration='', keyLayout='/system/usr/keylayout/tegra-rt5671_headphone_detect.kl', keyCharacterMap='/system/usr/keychars/Generic.kcm', builtinKeyboard=false, usingSuspendBlockIoctl=true, usingClockIoctl=true
07-09 17:58:17.728 D/EventHub(  900): No input device configuration file found for device 'bmpX80'.
07-09 17:58:17.731 D/EventHub(  900): No input device configuration file found for device 'isl29035'.
07-09 17:58:17.733 I/ActivityManager(  900): Config changes=400 {1.0 ?mcc?mnc zh_CN ldltr sw768dp w768dp h999dp 320dpi xlrg port ?uimode ?night -touch -keyb/v/h -nav/h s.3 themeChanged=0 themeChangedFlags=0}
07-09 17:58:17.734 I/SystemServer(  900): Mount Service
07-09 17:58:17.737 I/InputReader(  900): Device added: id=-1, name='Virtual', sources=0x00000301
07-09 17:58:17.737 I/InputReader(  900): Device added: id=3, name='tegra-rt5671 headphone detect', sources=0x80000101
07-09 17:58:17.737 I/InputReader(  900): mTouchLocked after change from request: 0
07-09 17:58:17.737 I/InputReader(  900): mFingerOnlyMode after change from request: 1
07-09 17:58:17.737 I/InputReader(  900): mStylusWhitelistedApp after change from request: 0
07-09 17:58:17.737 I/InputReader(  900): mStylusLeftHandedMode after change from request: 0
07-09 17:58:17.737 I/InputReader(  900):   Touch device 'atmel-maxtouch' could not query the properties of its associated display.  The device will be inoperable until the display size becomes available.
07-09 17:58:17.738 I/InputReader(  900): Device added: id=2, name='atmel-maxtouch', sources=0x00001103
07-09 17:58:17.738 I/InputReader(  900): Device added: id=1, name='gpio-keys.4', sources=0x80000101
07-09 17:58:17.738 I/ActivityManager(  900): Config changes=8 {1.0 ?mcc?mnc zh_CN ldltr sw768dp w768dp h999dp 320dpi xlrg port ?uimode ?night finger -keyb/v/h -nav/h s.4 themeChanged=0 themeChangedFlags=0}
07-09 17:58:17.739 I/InputReader(  900): Reconfiguring input devices.  changes=0x00000004
07-09 17:58:17.748 D/MountService(  900): got storage path: /storage/sdcard0 description:  primary: true removable: false emulated: true mtpReserve: 100 allowMassStorage: false maxFileSize: 0
07-09 17:58:17.750 D/MountService(  900): addVolumeLocked() StorageVolume:
07-09 17:58:17.750 D/MountService(  900):     mStorageId=65537 mPath=/storage/emulated/0 mDescriptionId=17040680 
07-09 17:58:17.750 D/MountService(  900):     mPrimary=true mRemovable=false mEmulated=true mMtpReserveSpace=100 
07-09 17:58:17.750 D/MountService(  900):     mAllowMassStorage=false mMaxFileSize=0 mOwner=UserHandle{0} mUuid=null 
07-09 17:58:17.750 D/MountService(  900):     mUserLabel=null mState=null 
07-09 17:58:17.750 D/MountService(  900): got storage path: /storage/sdcard1 description: SD  primary: false removable: true emulated: false mtpReserve: 0 allowMassStorage: false maxFileSize: 0
07-09 17:58:17.750 D/MountService(  900): addVolumeLocked() StorageVolume:
07-09 17:58:17.750 D/MountService(  900):     mStorageId=0 mPath=/storage/sdcard1 mDescriptionId=17040681 mPrimary=false 
07-09 17:58:17.750 D/MountService(  900):     mRemovable=true mEmulated=false mMtpReserveSpace=0 mAllowMassStorage=false 
07-09 17:58:17.750 D/MountService(  900):     mMaxFileSize=0 mOwner=null mUuid=null mUserLabel=null mState=null 
07-09 17:58:17.750 D/MountService(  900): got storage path: /storage/usbdrive description: USB  primary: false removable: true emulated: false mtpReserve: 0 allowMassStorage: false maxFileSize: 0
07-09 17:58:17.750 D/MountService(  900): addVolumeLocked() StorageVolume:
07-09 17:58:17.750 D/MountService(  900):     mStorageId=0 mPath=/storage/usbdrive mDescriptionId=17040682 
07-09 17:58:17.750 D/MountService(  900):     mPrimary=false mRemovable=true mEmulated=false mMtpReserveSpace=0 
07-09 17:58:17.750 D/MountService(  900):     mAllowMassStorage=false mMaxFileSize=0 mOwner=null mUuid=null 
07-09 17:58:17.750 D/MountService(  900):     mUserLabel=null mState=null 
07-09 17:58:17.759 I/SystemServer(  900): LockSettingsService
07-09 17:58:17.759 I/SystemServer(  900): Device Policy
07-09 17:58:17.760 I/SystemServer(  900): Status Bar
07-09 17:58:17.761 I/SystemServer(  900): Clipboard Service
07-09 17:58:17.761 I/SystemServer(  900): NetworkManagement Service
07-09 17:58:17.765 I/SystemServer(  900): Text Service Manager Service
07-09 17:58:17.765 W/TextServicesManagerService(  900): no available spell checker services found
07-09 17:58:17.765 I/SystemServer(  900): NetworkStats Service
07-09 17:58:17.779 D/dalvikvm(  900): GC_CONCURRENT freed 769K, 8% free 9688K/10480K, paused 2ms+1ms, total 39ms
07-09 17:58:17.779 D/dalvikvm(  900): WAIT_FOR_CONCURRENT_GC blocked 30ms
07-09 17:58:17.781 D/dalvikvm(  900): WAIT_FOR_CONCURRENT_GC blocked 11ms
07-09 17:58:17.781 D/dalvikvm(  900): WAIT_FOR_CONCURRENT_GC blocked 11ms
07-09 17:58:17.781 D/dalvikvm(  900): WAIT_FOR_CONCURRENT_GC blocked 11ms
07-09 17:58:17.781 D/MountService(  900): volume state changed for /storage/sdcard1 (unmounted -> removed)
07-09 17:58:17.781 D/MountService(  900): volume state changed for /storage/usbdrive (unmounted -> removed)
07-09 17:58:17.781 W/MountService(  900): Duplicate state transition (removed -> removed) for /storage/usbdrive
07-09 17:58:17.783 I/SystemServer(  900): NetworkPolicy Service
07-09 17:58:17.787 W/MountService(  900): Duplicate state transition (removed -> removed) for /storage/usbdrive
07-09 17:58:17.787 W/MountService(  900): Duplicate state transition (removed -> removed) for /storage/usbdrive
07-09 17:58:17.788 I/InputReader(  900): Device reconfigured: id=2, name='atmel-maxtouch', size 1536x2048, orientation 0, mode 1, display id 0
07-09 17:58:17.788 I/InputReader(  900): Setting mIIRLowPassFactor from property to 1.000000
07-09 17:58:17.788 I/InputReader(  900): Setting mPressureEBC from property to 0.000000
07-09 17:58:17.789 I/PackageManager(  900): No secure containers on sdcard
07-09 17:58:17.789 I/PackageManager(  900): Loading packages
07-09 17:58:17.789 W/PackageManager(  900): Unknown permission android.permission.READ_INTERNAL_STORAGE in package com.miui.gallery
07-09 17:58:17.789 W/PackageManager(  900): Unknown permission android.permission.WRITE_INTERNAL_STORAGE in package com.miui.gallery
07-09 17:58:17.790 I/SystemServer(  900): Wi-Fi P2pService
07-09 17:58:17.792 W/PackageManager(  900): Unknown permission miui.permission.SHELL in package com.miui.gallery
07-09 17:58:17.792 W/PackageManager(  900): Not granting permission android.permission.MOUNT_UNMOUNT_FILESYSTEMS to package com.sohu.tv (protectionLevel=18 flags=0x8be44)
07-09 17:58:17.794 W/PackageManager(  900): Not granting permission android.permission.MOUNT_UNMOUNT_FILESYSTEMS to package com.popstar2.zplay (protectionLevel=18 flags=0x8be44)
07-09 17:58:17.796 W/PackageManager(  900): Unknown permission com.android.smspush.WAPPUSH_MANAGER_BIND in package com.android.phone
07-09 17:58:17.797 W/PackageManager(  900): Unknown permission android.permission.WRITE_INTERNAL_STORAGE in package com.miui.player
07-09 17:58:17.797 W/PackageManager(  900): Unknown permission adnroid.permission.CHANGE_WIFI_STATE in package com.miui.guardprovider
07-09 17:58:17.799 W/PackageManager(  900): Unknown permission com.google.android.gallery3d.permission.GALLERY_PROVIDER in package com.android.bluetooth
07-09 17:58:17.799 W/PackageManager(  900): Unknown permission com.android.gallery3d.permission.GALLERY_PROVIDER in package com.android.bluetooth
07-09 17:58:17.799 W/PackageManager(  900): Unknown permission android.permission.MMS_SEND_OUTBOX_MSG in package com.android.bluetooth
07-09 17:58:17.799 W/PackageManager(  900): Unknown permission com.google.android.googleapps.permission.GOOGLE_AUTH in package com.android.providers.calendar
07-09 17:58:17.799 W/PackageManager(  900): Unknown permission com.google.android.googleapps.permission.GOOGLE_AUTH.cl in package com.android.providers.calendar
07-09 17:58:17.799 W/PackageManager(  900): Not granting permission android.permission.MANAGE_USERS to package com.android.calendar (protectionLevel=18 flags=0x9be45)
07-09 17:58:17.799 W/PackageManager(  900): Unknown permission com.google.android.googleapps.permission.GOOGLE_AUTH.mail in package com.android.calendar
07-09 17:58:17.800 W/PackageManager(  900): Unknown permission android.permission.ACCESS_COARSE_UPDATES in package com.miui.cloudservice
07-09 17:58:17.800 W/PackageManager(  900): Unknown permission com.xiaomi.permission.ACTIVATE_SIM in package com.miui.cloudservice
07-09 17:58:17.800 W/PackageManager(  900): Unknown permission com.xiaomi.permission.DATA_UPDATE in package com.miui.cloudservice
07-09 17:58:17.800 W/PackageManager(  900): Unknown permission miui.permission.SHELL in package com.miui.cloudservice
07-09 17:58:17.804 W/PackageManager(  900): Unknown permission com.android.vending.CHECK_LICENSE in package com.SpicyHorse.CF
07-09 17:58:17.804 W/PackageManager(  900): Not granting permission android.permission.MOUNT_UNMOUNT_FILESYSTEMS to package com.SpicyHorse.CF (protectionLevel=18 flags=0x8be44)
07-09 17:58:17.804 W/PackageManager(  900): Unknown permission com.android.vending.BILLING in package com.SpicyHorse.CF
07-09 17:58:17.804 W/PackageManager(  900): Unknown permission android.permission.WRITE_INTERNAL_STORAGE in package com.android.updater
07-09 17:58:17.805 W/PackageManager(  900): Unknown permission miui.permission.SHELL in package com.android.updater
07-09 17:58:17.805 W/PackageManager(  900): Unknown permission com.android.vending.CHECK_LICENSE in package com.madfingergames.deadtrigger
07-09 17:58:17.805 W/PackageManager(  900): Unknown permission com.google.android.c2dm.permission.RECEIVE in package com.madfingergames.deadtrigger
07-09 17:58:17.805 W/PackageManager(  900): Unknown permission com.android.vending.BILLING in package com.madfingergames.deadtrigger
07-09 17:58:17.805 W/PackageManager(  900): Unknown permission com.tencent.pad.qq.permission.READ_SETTINGS in package com.tencent.hd.qq
07-09 17:58:17.805 W/PackageManager(  900): Unknown permission com.tencent.pad.qq.permission.WRITE_SETTINGS in package com.tencent.hd.qq
07-09 17:58:17.806 W/PackageManager(  900): Unknown permission com.google.android.googleapps.permission.GOOGLE_AUTH in package com.android.settings
07-09 17:58:17.808 W/PackageManager(  900): Unknown permission com.xiaomi.permission.RECEIVE_BROADCAST_REPORT in package com.android.settings
07-09 17:58:17.808 W/PackageManager(  900): Unknown permission com.xiaomi.permission.WIFI_SHARE in package com.android.settings
07-09 17:58:17.809 W/PackageManager(  900): Not granting permission android.permission.ACCESS_DOWNLOAD_MANAGER to package com.xunlei.downloadprovider.pad (protectionLevel=18 flags=0x18be44)
07-09 17:58:17.809 W/PackageManager(  900): Not granting permission android.permission.MOUNT_UNMOUNT_FILESYSTEMS to package com.xunlei.downloadprovider.pad (protectionLevel=18 flags=0x18be44)
07-09 17:58:17.809 W/PackageManager(  900): Unknown permission android.permission.READ_SETTINGS in package com.xunlei.downloadprovider.pad
07-09 17:58:17.810 W/PackageManager(  900): Not granting permission android.permission.READ_LOGS to package com.xunlei.downloadprovider.pad (protectionLevel=50 flags=0x18be44)
07-09 17:58:17.810 W/PackageManager(  900): Unknown permission android.permission.WRITE_INTERNAL_STORAGE in package com.xunlei.downloadprovider.pad
07-09 17:58:17.810 W/PackageManager(  900): Unknown permission miui.permission.SHELL in package com.xiaomi.gamecenter.pad
07-09 17:58:17.811 W/PackageManager(  900): Not granting permission android.permission.BATTERY_STATS to package com.nd.assistance (protectionLevel=18 flags=0xae46)
07-09 17:58:17.811 W/PackageManager(  900): Unknown permission android.permission.READ_OWNER_DATA in package com.nd.assistance
07-09 17:58:17.811 W/PackageManager(  900): Unknown permission android.permission.WRITE_OWNER_DATA in package com.nd.assistance
07-09 17:58:17.811 W/PackageManager(  900): Not granting permission android.permission.DEVICE_POWER to package com.nd.assistance (protectionLevel=2 flags=0xae46)
07-09 17:58:17.814 W/PackageManager(  900): Unknown permission miui.permission.SHELL in package com.miui.home
07-09 17:58:17.814 W/PackageManager(  900): Unknown permission miui.permission.EXTRA_NETWORK in package com.miui.home
07-09 17:58:17.815 W/PackageManager(  900): Not granting permission android.permission.DELETE_PACKAGES to package com.svox.pico (protectionLevel=18 flags=0x8be45)
07-09 17:58:17.815 W/PackageManager(  900): Not granting permission android.permission.MOUNT_UNMOUNT_FILESYSTEMS to package com.storm.smart (protectionLevel=18 flags=0x18be44)
07-09 17:58:17.815 W/PackageManager(  900): Not granting permission android.permission.READ_LOGS to package com.storm.smart (protectionLevel=50 flags=0x18be44)
07-09 17:58:17.816 W/PackageManager(  900): Unknown permission com.antutu.ABenchMark.permission.MIPUSH_RECEIVE in package com.antutu.ABenchMark
07-09 17:58:17.816 W/PackageManager(  900): Unknown permission android.permission.VIBRATION in package com.baidu.padinput_mi
07-09 17:58:17.816 W/PackageManager(  900): Unknown permission com.google.android.c2dm.permission.RECEIVE in package com.justyo
07-09 17:58:17.817 W/PackageManager(  900): Unknown permission android.permission.ACCESS_GPS in package com.baidu.BaiduMap.pad
07-09 17:58:17.817 W/PackageManager(  900): Not granting permission android.permission.READ_LOGS to package com.cleanmaster.miui_module (protectionLevel=50 flags=0x8be45)
07-09 17:58:17.817 W/PackageManager(  900): Not granting permission android.permission.BATTERY_STATS to package com.cleanmaster.miui_module (protectionLevel=18 flags=0x8be45)
07-09 17:58:17.817 W/PackageManager(  900): Unknown permission com.google.android.c2dm.permission.RECEIVE in package flipboard.cn
07-09 17:58:17.817 W/PackageManager(  900): Unknown permission com.xiaomi.permission.ACTIVATE_SIM in package com.xiaomi.account
07-09 17:58:17.817 W/PackageManager(  900): Not granting permission android.permission.INSTALL_LOCATION_PROVIDER to package com.amap.android.location (protectionLevel=18 flags=0x8be4d)
07-09 17:58:17.817 W/PackageManager(  900): Not granting permission android.permission.WRITE_SECURE_SETTINGS to package com.amap.android.location (protectionLevel=50 flags=0x8be4d)
07-09 17:58:17.817 W/PackageManager(  900): Not granting permission android.permission.UPDATE_DEVICE_STATS to package com.amap.android.location (protectionLevel=18 flags=0x8be4d)
07-09 17:58:17.818 W/PackageManager(  900): Not granting permission android.permission.CHANGE_CONFIGURATION to package com.tencent.mobileqqi (protectionLevel=50 flags=0x8be44)
07-09 17:58:17.818 W/PackageManager(  900): Not granting permission android.permission.READ_LOGS to package com.tencent.mobileqqi (protectionLevel=50 flags=0x8be44)
07-09 17:58:17.818 W/PackageManager(  900): Unknown permission android.permission.WRITE_OWNER_DATA in package com.tencent.mobileqqi
07-09 17:58:17.818 W/PackageManager(  900): Unknown permission android.permission.SYSTEM_OVERLAY_WINDOW in package com.tencent.mobileqqi
07-09 17:58:17.818 W/PackageManager(  900): Unknown permission com.google.android.providers.gsf.permission.READ_GSERVICES in package com.tencent.mobileqqi
07-09 17:58:17.818 W/PackageManager(  900): Not granting permission android.permission.CHANGE_CONFIGURATION to package cn.yunyoyo.teeaohds.gfeng (protectionLevel=50 flags=0x8be44)
07-09 17:58:17.818 W/PackageManager(  900): Not granting permission android.permission.MOUNT_UNMOUNT_FILESYSTEMS to package cn.yunyoyo.teeaohds.gfeng (protectionLevel=18 flags=0x8be44)
07-09 17:58:17.818 W/PackageManager(  900): Not granting permission android.permission.CHANGE_CONFIGURATION to package com.baidu.video.pad (protectionLevel=50 flags=0x18be44)
07-09 17:58:17.818 W/PackageManager(  900): Not granting permission android.permission.MOUNT_UNMOUNT_FILESYSTEMS to package com.baidu.video.pad (protectionLevel=18 flags=0x18be44)
07-09 17:58:17.819 W/PackageManager(  900): Not granting permission android.permission.READ_LOGS to package com.baidu.video.pad (protectionLevel=50 flags=0x18be44)
07-09 17:58:17.819 W/PackageManager(  900): Unknown permission android.permission.ACCES_MOCK_LOCATION in package com.baidu.video.pad
07-09 17:58:17.819 W/PackageManager(  900): Unknown permission android.webkit.permission.PLUGIN in package com.baidu.video.pad
07-09 17:58:17.819 W/PackageManager(  900): Unknown permission com.android.vending.BILLING in package com.evernote
07-09 17:58:17.819 W/PackageManager(  900): Unknown permission com.sonymobile.permission.CAMERA_ADDON in package com.evernote
07-09 17:58:17.820 W/PackageManager(  900): Unknown permission miui.permission.SHELL in package com.xiaomi.market
07-09 17:58:17.820 W/PackageManager(  900): Unknown permission android.permission.RUN_INSTRUMENTATION in package com.funshion.video
07-09 17:58:17.820 W/PackageManager(  900): Not granting permission android.permission.MOUNT_UNMOUNT_FILESYSTEMS to package com.funshion.video (protectionLevel=18 flags=0xbe44)
07-09 17:58:17.821 W/PackageManager(  900): Unknown permission android.permission.RAISED_THREAD_PRIORITY in package com.funshion.video
07-09 17:58:17.821 W/PackageManager(  900): Not granting permission android.permission.READ_LOGS to package com.funshion.video (protectionLevel=50 flags=0xbe44)
07-09 17:58:17.821 W/PackageManager(  900): Not granting permission android.permission.PACKAGE_USAGE_STATS to package com.android.providers.applications (protectionLevel=18 flags=0x8be45)
07-09 17:58:17.821 W/PackageManager(  900): Unknown permission android.permission.RECEIVE_USER_PRESENT in package com.pplive.androidphone
07-09 17:58:17.821 W/PackageManager(  900): Not granting permission android.permission.CHANGE_CONFIGURATION to package com.pplive.androidphone (protectionLevel=50 flags=0xbe44)
07-09 17:58:17.821 W/PackageManager(  900): Not granting permission android.permission.READ_LOGS to package com.pplive.androidphone (protectionLevel=50 flags=0xbe44)
07-09 17:58:17.821 W/PackageManager(  900): Not granting permission android.permission.ACCESS_DOWNLOAD_MANAGER to package com.pplive.androidphone (protectionLevel=18 flags=0xbe44)
07-09 17:58:17.821 W/PackageManager(  900): Unknown permission android.permission.SYSTEM_OVERLAY_WINDOW in package com.pplive.androidphone
07-09 17:58:17.821 W/PackageManager(  900): Unknown permission android.permission.READ_SETTINGS in package com.pplive.androidphone
07-09 17:58:17.821 W/PackageManager(  900): Not granting permission android.permission.CHANGE_CONFIGURATION to package ctrip.pad.view (protectionLevel=50 flags=0x8be44)
07-09 17:58:17.821 W/PackageManager(  900): Not granting permission android.permission.READ_LOGS to package com.mappn.gfan (protectionLevel=50 flags=0x8be44)
07-09 17:58:17.821 W/PackageManager(  900): Not granting permission android.permission.INSTALL_PACKAGES to package com.mappn.gfan (protectionLevel=18 flags=0x8be44)
07-09 17:58:17.824 W/PackageManager(  900): Not granting permission android.permission.DEVICE_POWER to package com.android.deskclock (protectionLevel=2 flags=0x48be45)
07-09 17:58:17.824 W/PackageManager(  900): Not granting permission android.permission.READ_LOGS to package com.xiaomi.gamecenter.sdk.service (protectionLevel=50 flags=0x8be45)
07-09 17:58:17.824 W/PackageManager(  900): Not granting permission android.permission.INSTALL_PACKAGES to package com.xiaomi.gamecenter.sdk.service (protectionLevel=18 flags=0x8be45)
07-09 17:58:17.830 W/PackageManager(  900): Unknown permission com.xiaomi.permission.ACTIVATE_SIM in package com.xiaomi.xmsf
07-09 17:58:17.830 W/PackageManager(  900): Unknown permission .permission.MIPUSH_RECEIVE in package com.xiaomi.payment
07-09 17:58:17.830 W/PackageManager(  900): Unknown permission com.miui.video.permission.MIPUSH_RECEIVE in package com.miui.video
07-09 17:58:17.856 D/dalvikvm(  900): GC_CONCURRENT freed 821K, 8% free 9706K/10548K, paused 2ms+1ms, total 25ms
07-09 17:58:17.856 D/dalvikvm(  900): WAIT_FOR_CONCURRENT_GC blocked 7ms
07-09 17:58:17.932 I/SystemServer(  900): Wi-Fi Service
07-09 17:58:17.961 I/SystemServer(  900): Connectivity Service
07-09 17:58:17.961 D/ConnectivityService(  900): ConnectivityService starting up
07-09 17:58:17.962 D/ConnectivityService(  900): wifiOnly=true
07-09 17:58:17.962 E/ConnectivityService(  900): Ignoring protectedNetwork 10
07-09 17:58:17.962 E/ConnectivityService(  900): Ignoring protectedNetwork 11
07-09 17:58:17.962 E/ConnectivityService(  900): Ignoring protectedNetwork 12
07-09 17:58:17.962 E/ConnectivityService(  900): Ignoring protectedNetwork 14
07-09 17:58:17.968 D/BluetoothTethering(  900): startMonitoring: target: Handler (com.android.server.ConnectivityService$NetworkStateTrackerHandler) {424dfb88}
07-09 17:58:17.968 D/BluetoothTethering(  900): startMonitoring: mCsHandler: Handler (com.android.server.ConnectivityService$NetworkStateTrackerHandler) {424dfb88}
07-09 17:58:17.968 D/WifiService(  900): New client listening to asynchronous messages
07-09 17:58:17.969 D/BluetoothManagerService(  900): Message: 30
07-09 17:58:17.969 W/ContextImpl(  900): Calling a method in the system process without a qualified user: android.app.ContextImpl.bindService:1543 android.bluetooth.BluetoothPan.doBind:149 android.bluetooth.BluetoothPan.<init>:141 android.bluetooth.BluetoothAdapter.getProfileProxy:1272 android.bluetooth.BluetoothTetheringDataTracker.startMonitoring:116 
07-09 17:58:17.971 I/WifiService(  900): WifiService starting up with Wi-Fi disabled
07-09 17:58:17.974 D/WifiWatchdogStateMachine(  900): Disabling poor network avoidance for wi-fi only device
07-09 17:58:17.974 I/SystemServer(  900): Network Service Discovery Service
07-09 17:58:17.975 D/NsdService(  900): Network service discovery enabled true
07-09 17:58:17.975 I/SystemServer(  900): UpdateLock Service
07-09 17:58:17.976 I/SystemServer(  900): Notification Manager
07-09 17:58:17.977 I/SystemServer(  900): Device Storage Monitor
07-09 17:58:17.978 I/SystemServer(  900): Location Manager
07-09 17:58:17.978 I/SystemServer(  900): Country Detector
07-09 17:58:17.978 I/SystemServer(  900): Search Service
07-09 17:58:17.978 I/SystemServer(  900): DropBox Service
07-09 17:58:17.979 I/SystemServer(  900): Wallpaper Service
07-09 17:58:17.983 I/SystemServer(  900): Audio Service
07-09 17:58:17.994 I/dalvikvm-heap(  900): Grow heap (frag case) to 11.664MB for 547616-byte allocation
07-09 17:58:18.054 D/dalvikvm(  900): GC_CONCURRENT freed 410K, 4% free 11436K/11876K, paused 2ms+12ms, total 60ms
07-09 17:58:18.054 D/dalvikvm(  900): WAIT_FOR_CONCURRENT_GC blocked 1ms
07-09 17:58:18.057 V/nvaudio_hw(  188): nvaudio_out_get_latency: latency 85 flags = 2 
07-09 17:58:18.057 D/PowerManagerService(  900): acquireWakeLockInternal: lock=1114374344, flags=0x1, tag="AudioMix", ws=null, uid=1013, pid=188
07-09 17:58:18.058 I/MediaFocusControl(  900):   Remote Control   registerMediaButtonIntent() for PendingIntent{425e1780: PendingIntentRecord{4277b6e8 android broadcastIntent}}
07-09 17:58:18.058 D/PowerManagerService(  900): updateWakeLockWorkSourceInternal: lock=1114374344 [AudioMix], ws=null
07-09 17:58:18.059 V/AudioPolicyManagerBase(  188): initStreamVolume() stream 0, min 0, max 5
07-09 17:58:18.060 V/AudioPolicyManagerBase(  188): initStreamVolume() stream 1, min 0, max 7
07-09 17:58:18.060 V/AudioPolicyManagerBase(  188): initStreamVolume() stream 2, min 0, max 7
07-09 17:58:18.060 V/AudioPolicyManagerBase(  188): initStreamVolume() stream 3, min 0, max 15
07-09 17:58:18.061 V/AudioPolicyManagerBase(  188): initStreamVolume() stream 4, min 0, max 7
07-09 17:58:18.062 V/AudioPolicyManagerBase(  188): initStreamVolume() stream 5, min 0, max 7
07-09 17:58:18.064 V/AudioPolicyManagerBase(  188): initStreamVolume() stream 6, min 0, max 15
07-09 17:58:18.066 V/AudioPolicyManagerBase(  188): initStreamVolume() stream 7, min 0, max 7
07-09 17:58:18.066 V/AudioPolicyManagerBase(  188): initStreamVolume() stream 8, min 0, max 15
07-09 17:58:18.066 V/NvAudioPolicyManager(  188): setForceUse() usage 4, config 0, mPhoneState 0
07-09 17:58:18.066 V/NvAudioPolicyManager(  188): getNewDevice() selected device 0
07-09 17:58:18.066 V/NvAudioPolicyManager(  188): setOutputDevice() output 2 device 0000 delayMs 0
07-09 17:58:18.066 V/NvAudioPolicyManager(  188): setOutputDevice() prevDevice 0002
07-09 17:58:18.066 V/NvAudioPolicyManager(  188): setOutputDevice() setting same device 0000 or null device for output 2
07-09 17:58:18.066 V/nvaudio_hw(  188): nvaudio_dev_set_parameters : nv_param_media_routing=2
07-09 17:58:18.066 V/nvaudio_hw(  188): Media is routed to :2
07-09 17:58:18.067 V/NvAudioPolicyManager(  188): setForceUse() usage 3, config 8, mPhoneState 0
07-09 17:58:18.067 V/NvAudioPolicyManager(  188): getNewDevice() selected device 0
07-09 17:58:18.067 V/NvAudioPolicyManager(  188): setOutputDevice() output 2 device 0000 delayMs 0
07-09 17:58:18.067 V/NvAudioPolicyManager(  188): setOutputDevice() prevDevice 0002
07-09 17:58:18.067 V/NvAudioPolicyManager(  188): setOutputDevice() setting same device 0000 or null device for output 2
07-09 17:58:18.067 V/nvaudio_hw(  188): nvaudio_dev_set_parameters : nv_param_media_routing=2
07-09 17:58:18.067 V/nvaudio_hw(  188): Media is routed to :2
07-09 17:58:18.067 V/AudioPolicyManagerBase(  188): initStreamVolume() stream 9, min 0, max 15
07-09 17:58:18.068 V/AudioPolicyManagerBase(  188): setStreamVolumeIndex() stream 0, device 40000000, index 4
07-09 17:58:18.068 V/nvaudio_hw(  188): nvaudio_dev_set_voice_volume : vol 0.800000
07-09 17:58:18.069 V/AudioPolicyManagerBase(  188): setStreamVolumeIndex() stream 0, device 10000, index 4
07-09 17:58:18.070 V/AudioPolicyManagerBase(  188): setStreamVolumeIndex() stream 1, device 40000000, index 5
07-09 17:58:18.070 V/AudioPolicyManagerBase(  188): setStreamVolumeIndex() stream 1, device 0008, index 5
07-09 17:58:18.070 V/AudioPolicyManagerBase(  188): setStreamVolumeIndex() stream 1, device 0002, index 3
07-09 17:58:18.070 V/AudioPolicyManagerBase(  188): setStreamVolumeIndex() stream 1, device 10000, index 5
07-09 17:58:18.070 V/AudioPolicyManagerBase(  188): setStreamVolumeIndex() stream 1, device 0004, index 3
07-09 17:58:18.070 V/AudioPolicyManagerBase(  188): setStreamVolumeIndex() stream 2, device 40000000, index 5
07-09 17:58:18.070 V/AudioPolicyManagerBase(  188): setStreamVolumeIndex() stream 2, device 10000, index 5
07-09 17:58:18.071 V/AudioPolicyManagerBase(  188): setStreamVolumeIndex() stream 3, device 40000000, index 11
07-09 17:58:18.071 V/AudioPolicyManagerBase(  188): setStreamVolumeIndex() stream 3, device 0008, index 10
07-09 17:58:18.071 V/AudioPolicyManagerBase(  188): setStreamVolumeIndex() stream 3, device 0002, index 6
07-09 17:58:18.071 V/AudioPolicyManagerBase(  188): setStreamVolumeIndex() stream 3, device 10000, index 11
07-09 17:58:18.071 V/AudioPolicyManagerBase(  188): setStreamVolumeIndex() stream 3, device 0004, index 6
07-09 17:58:18.071 V/AudioPolicyManagerBase(  188): setStreamVolumeIndex() stream 4, device 40000000, index 6
07-09 17:58:18.071 V/AudioPolicyManagerBase(  188): setStreamVolumeIndex() stream 4, device 10000, index 6
07-09 17:58:18.071 V/AudioPolicyManagerBase(  188): setStreamVolumeIndex() stream 5, device 40000000, index 5
07-09 17:58:18.072 V/AudioPolicyManagerBase(  188): setStreamVolumeIndex() stream 5, device 10000, index 5
07-09 17:58:18.072 V/AudioPolicyManagerBase(  188): setStreamVolumeIndex() stream 6, device 40000000, index 7
07-09 17:58:18.072 V/NvAudioPolicyManager(  188): checkAndSetVolume() cannot set stream 6 volume with force use = 0 for comm
07-09 17:58:18.072 V/AudioPolicyManagerBase(  188): setStreamVolumeIndex() stream 6, device 10000, index 7
07-09 17:58:18.072 V/AudioPolicyManagerBase(  188): setStreamVolumeIndex() stream 7, device 40000000, index 5
07-09 17:58:18.073 V/AudioPolicyManagerBase(  188): setStreamVolumeIndex() stream 7, device 0008, index 5
07-09 17:58:18.073 V/AudioPolicyManagerBase(  188): setStreamVolumeIndex() stream 7, device 0002, index 3
07-09 17:58:18.073 V/AudioPolicyManagerBase(  188): setStreamVolumeIndex() stream 7, device 10000, index 5
07-09 17:58:18.074 V/AudioPolicyManagerBase(  188): setStreamVolumeIndex() stream 7, device 0004, index 3
07-09 17:58:18.074 V/AudioPolicyManagerBase(  188): setStreamVolumeIndex() stream 8, device 40000000, index 11
07-09 17:58:18.074 V/AudioPolicyManagerBase(  188): setStreamVolumeIndex() stream 8, device 0008, index 10
07-09 17:58:18.074 V/AudioPolicyManagerBase(  188): setStreamVolumeIndex() stream 8, device 0002, index 6
07-09 17:58:18.075 V/AudioPolicyManagerBase(  188): setStreamVolumeIndex() stream 8, device 10000, index 11
07-09 17:58:18.075 V/AudioPolicyManagerBase(  188): setStreamVolumeIndex() stream 8, device 0004, index 6
07-09 17:58:18.075 V/AudioPolicyManagerBase(  188): setStreamVolumeIndex() stream 9, device 40000000, index 11
07-09 17:58:18.075 V/AudioPolicyManagerBase(  188): setStreamVolumeIndex() stream 9, device 0008, index 10
07-09 17:58:18.075 V/AudioPolicyManagerBase(  188): setStreamVolumeIndex() stream 9, device 0002, index 6
07-09 17:58:18.076 V/AudioPolicyManagerBase(  188): setStreamVolumeIndex() stream 9, device 10000, index 11
07-09 17:58:18.076 V/AudioPolicyManagerBase(  188): setStreamVolumeIndex() stream 9, device 0004, index 6
07-09 17:58:18.076 I/SystemServer(  900): Dock Observer
07-09 17:58:18.076 W/DockObserver(  900): This kernel does not have dock station support
07-09 17:58:18.077 V/AudioPolicyManagerBase(  188): setStreamVolumeIndex() stream 7, device 40000000, index 0
07-09 17:58:18.077 V/AudioPolicyManagerBase(  188): setStreamVolumeIndex() stream 7, device 0008, index 0
07-09 17:58:18.077 V/AudioPolicyManagerBase(  188): setStreamVolumeIndex() stream 7, device 0002, index 0
07-09 17:58:18.077 V/AudioPolicyManagerBase(  188): setStreamVolumeIndex() stream 7, device 10000, index 0
07-09 17:58:18.077 V/AudioPolicyManagerBase(  188): setStreamVolumeIndex() stream 7, device 0004, index 0
07-09 17:58:18.077 I/SystemServer(  900): Wired Accessory Manager
07-09 17:58:18.078 V/AudioPolicyManagerBase(  188): setStreamVolumeIndex() stream 5, device 40000000, index 0
07-09 17:58:18.078 V/AudioPolicyManagerBase(  188): setStreamVolumeIndex() stream 5, device 10000, index 0
07-09 17:58:18.078 V/AudioPolicyManagerBase(  188): setStreamVolumeIndex() stream 3, device 40000000, index 0
07-09 17:58:18.078 V/AudioPolicyManagerBase(  188): setStreamVolumeIndex() stream 3, device 0008, index 0
07-09 17:58:18.078 V/AudioPolicyManagerBase(  188): setStreamVolumeIndex() stream 3, device 0002, index 0
07-09 17:58:18.078 V/AudioPolicyManagerBase(  188): setStreamVolumeIndex() stream 3, device 10000, index 0
07-09 17:58:18.078 V/AudioPolicyManagerBase(  188): setStreamVolumeIndex() stream 3, device 0004, index 0
07-09 17:58:18.079 V/AudioPolicyManagerBase(  188): setStreamVolumeIndex() stream 9, device 40000000, index 11
07-09 17:58:18.079 V/AudioPolicyManagerBase(  188): setStreamVolumeIndex() stream 9, device 0008, index 10
07-09 17:58:18.079 V/AudioPolicyManagerBase(  188): setStreamVolumeIndex() stream 9, device 0002, index 6
07-09 17:58:18.079 V/AudioPolicyManagerBase(  188): setStreamVolumeIndex() stream 9, device 10000, index 11
07-09 17:58:18.079 V/AudioPolicyManagerBase(  188): setStreamVolumeIndex() stream 9, device 0004, index 6
07-09 17:58:18.079 V/AudioPolicyManagerBase(  188): setStreamVolumeIndex() stream 8, device 40000000, index 11
07-09 17:58:18.079 W/WiredAccessoryManager(  900): This kernel does not have HDMI audio support
07-09 17:58:18.079 I/SystemServer(  900): USB Service
07-09 17:58:18.080 V/AudioPolicyManagerBase(  188): setStreamVolumeIndex() stream 8, device 0008, index 10
07-09 17:58:18.080 V/AudioPolicyManagerBase(  188): setStreamVolumeIndex() stream 8, device 0002, index 6
07-09 17:58:18.080 V/AudioPolicyManagerBase(  188): setStreamVolumeIndex() stream 8, device 10000, index 11
07-09 17:58:18.080 V/AudioPolicyManagerBase(  188): setStreamVolumeIndex() stream 8, device 0004, index 6
07-09 17:58:18.080 V/AudioPolicyManagerBase(  188): setStreamVolumeIndex() stream 7, device 40000000, index 0
07-09 17:58:18.080 V/AudioPolicyManagerBase(  188): setStreamVolumeIndex() stream 7, device 0008, index 0
07-09 17:58:18.081 V/AudioPolicyManagerBase(  188): setStreamVolumeIndex() stream 7, device 0002, index 0
07-09 17:58:18.081 V/AudioPolicyManagerBase(  188): setStreamVolumeIndex() stream 7, device 10000, index 0
07-09 17:58:18.081 V/AudioPolicyManagerBase(  188): setStreamVolumeIndex() stream 7, device 0004, index 0
07-09 17:58:18.081 V/AudioPolicyManagerBase(  188): setStreamVolumeIndex() stream 1, device 40000000, index 0
07-09 17:58:18.082 V/AudioPolicyManagerBase(  188): setStreamVolumeIndex() stream 1, device 0008, index 0
07-09 17:58:18.082 V/AudioPolicyManagerBase(  188): setStreamVolumeIndex() stream 1, device 0002, index 0
07-09 17:58:18.082 V/AudioPolicyManagerBase(  188): setStreamVolumeIndex() stream 1, device 10000, index 0
07-09 17:58:18.082 W/Settings(  900): Setting adb_enabled has moved from android.provider.Settings.Secure to android.provider.Settings.Global, returning global URI.
07-09 17:58:18.082 V/AudioPolicyManagerBase(  188): setStreamVolumeIndex() stream 1, device 0004, index 0
07-09 17:58:18.082 V/AudioPolicyManagerBase(  188): setStreamVolumeIndex() stream 2, device 40000000, index 0
07-09 17:58:18.082 V/AudioPolicyManagerBase(  188): setStreamVolumeIndex() stream 2, device 10000, index 0
07-09 17:58:18.082 I/SystemServer(  900): Serial Service
07-09 17:58:18.082 I/SystemServer(  900): Twilight Service
07-09 17:58:18.083 V/AudioPolicyManagerBase(  188): setStreamVolumeIndex() stream 5, device 40000000, index 0
