--------- beginning of /dev/log/main
07-09 17:58:05.656 E/SensorSelect(  179): No Compass on AP, not to start akmd 
07-09 17:58:05.671 I/installd(  189): installd firing up
07-09 17:58:05.683 I/DEBUG   (  184): debuggerd: Jul  8 2014 05:15:12
07-09 17:58:05.698 I/TLK_Daemon(  212): started
07-09 17:58:05.709 D/SensorSelect(  207): Select Sensor HAL lsm6db0 
07-09 17:58:05.726 I/PowerService(  201): Publishing PowerService
07-09 17:58:05.727 I/PowerService(  201): Initializing PowerService
07-09 17:58:05.737 D/WLBWService(  200): WLBWService::instantiate
07-09 17:58:05.737 D/WLBWService(  200): Current PID 200
07-09 17:58:05.748 E/mdb_debug(  234): mdb_usb_sharenet.c:mdb_usb_sharnet_create[L-199]: mdb usb share net create successed, fd: 6: 2, No such file or directory
--------- beginning of /dev/log/system
07-09 17:58:05.753 I/Vold    (  181): Vold 2.1 (the revenge) firing up
07-09 17:58:05.753 D/Vold    (  181): Volume sdcard1 state changing -1 (Initializing) -> 0 (No-Media)
07-09 17:58:05.753 D/Vold    (  181): Volume usbdrive state changing -1 (Initializing) -> 0 (No-Media)
07-09 17:58:05.753 D/Vold    (  181): Volume usbdrive state changing -1 (Initializing) -> 0 (No-Media)
07-09 17:58:05.753 D/Vold    (  181): Volume usbdrive state changing -1 (Initializing) -> 0 (No-Media)
07-09 17:58:05.753 D/Vold    (  181): Volume usbdrive state changing -1 (Initializing) -> 0 (No-Media)
07-09 17:58:05.762 I/powerHAL::common(  201): input device id:0 present with name:isl29035
07-09 17:58:05.762 I/powerHAL::common(  201): input device id:1 present with name:bmpX80
07-09 17:58:05.762 I/powerHAL::common(  201): input device id:2 present with name:tegra-rt5671 headphone detect
07-09 17:58:05.763 I/powerHAL::common(  201): input device id:3 present with name:gpio-keys.4
07-09 17:58:05.763 I/powerHAL::common(  201): input device id:4 present with name:atmel-maxtouch
07-09 17:58:05.763 I/Netd    (  183): Netd 1.0 starting
07-09 17:58:05.764 W/InterfaceController(  183): Warning (dlopen failed: library "/system/lib/libnetcmdiface.so" not found) while opening the net interface command library
07-09 17:58:05.826 I/SurfaceFlinger(  185): SurfaceFlinger is starting
07-09 17:58:05.826 I/SurfaceFlinger(  185): async cursor enabled
07-09 17:58:05.826 I/SurfaceFlinger(  185): SurfaceFlinger's main thread ready to run. Initializing graphics H/W...
07-09 17:58:05.855 D/mdb_debug(  234): usb_linux_client.c:usb_open_thread[L-223]: register_transport usb_fd16
07-09 17:58:05.869 D/libEGL  (  185): loaded /system/lib/egl/libEGL_tegra.so
07-09 17:58:05.912 I/        (  185): Attempting to load EGL implementation libEGL_tegra_impl
07-09 17:58:06.025 I/        (  185): Loaded EGL implementation libEGL_tegra_impl
07-09 17:58:06.029 D/libEGL  (  185): loaded /system/lib/egl/libGLESv1_CM_tegra.so
07-09 17:58:06.037 I/recovery(  379): Recovery image already installed 
07-09 17:58:06.055 D/libEGL  (  185): loaded /system/lib/egl/libGLESv2_tegra.so
07-09 17:58:06.112 I/mediaserver(  188): ServiceManager: 0xb7f064f0
07-09 17:58:06.112 I/AudioFlinger(  188): Using 500 mSec as standby time.
07-09 17:58:06.113 I/CameraService(  188): CameraService started (pid=188)
07-09 17:58:06.121 I/mshell  (  205): ServiceManager: 0xb7821298
07-09 17:58:06.197 D/AndroidRuntime(  186): 
07-09 17:58:06.197 D/AndroidRuntime(  186): >>>>>> AndroidRuntime START com.android.internal.os.ZygoteInit <<<<<<
07-09 17:58:06.198 D/AndroidRuntime(  186): CheckJNI is OFF
07-09 17:58:06.207 D/AndroidRuntime(  248): 
07-09 17:58:06.207 D/AndroidRuntime(  248): >>>>>> AndroidRuntime START com.android.internal.os.RuntimeInit <<<<<<
07-09 17:58:06.209 D/AndroidRuntime(  248): CheckJNI is OFF
07-09 17:58:06.344 W/linker  (  188): libFaceProc.so has text relocations. This is wasting memory and is a security risk. Please fix.
07-09 17:58:06.427 I/CameraService(  188): Loaded "NVIDIA Development Platform Camera HAL" camera module
07-09 17:58:06.428 D/NvOsDebugPrintf(  188): ImagerDeviceDetect Detect 0xb5413f40
07-09 17:58:06.429 D/NvOsDebugPrintf(  188): ImagerDeviceDetect Detect 0xb5413f20
07-09 17:58:06.433 D/hwcomposer(  185): cursor_async set to: 1
07-09 17:58:06.433 D/hwcomposer(  185): didim_normal set to: 3
07-09 17:58:06.433 D/hwcomposer(  185): didim_video set to: 5
07-09 17:58:06.433 W/hwcomposer(  185): Invalid display_resolution property: ""
07-09 17:58:06.433 D/hwcomposer(  185): HDMI preferred resolution set to: Auto
07-09 17:58:06.433 D/hwcomposer(  185): Compositor set to: glcomposer
07-09 17:58:06.433 D/hwcomposer(  185): Composite policy set to: auto
07-09 17:58:06.433 D/hwcomposer(  185): composite_fallback set to: 1
07-09 17:58:06.433 D/hwcomposer(  185): Overriding minimum_fps, new value = 1
07-09 17:58:06.433 D/hwcomposer(  185): imp_enable set to: 1
07-09 17:58:06.433 D/hwcomposer(  185): Display 0: found 1 modes
07-09 17:58:06.433 D/hwcomposer(  185): unmatched: 1536 x 2048 @ 60.01 Hz
07-09 17:58:06.433 D/hwcomposer(  185): display type 0: vblank period = 16663256 ns
07-09 17:58:06.433 D/hwcomposer(  185): dc_blank: display 0, [-1 -> 1]
07-09 17:58:06.433 D/hwcomposer(  185): Setting vblank display to Internal, new vblank period 16663256 ns
07-09 17:58:06.439 D/NvOsDebugPrintf(  188): ImagerDeviceDetect Detect 0xb5413f50
07-09 17:58:06.496 D/hwcomposer(  185): Creating nvcap video capture service
07-09 17:58:06.508 D/hwcomposer(  185): display type 2: vblank period = 16666214 ns
07-09 17:58:06.512 D/dalvikvm(  248): Trying to load lib libjavacore.so 0x0
07-09 17:58:06.512 D/dalvikvm(  186): Trying to load lib libjavacore.so 0x0
07-09 17:58:06.514 D/hwcomposer(  185): Display 0 layer clip is 1536 x 2048
07-09 17:58:06.514 D/hwcomposer(  185): Display 0 device clip is 1536 x 2048
07-09 17:58:06.514 I/SurfaceFlinger(  185): Using composer version 1.1
07-09 17:58:06.514 D/hwcomposer(  185): config[0].x = 1536
07-09 17:58:06.514 D/hwcomposer(  185): config[0].y = 2048
07-09 17:58:06.514 W/SurfaceFlinger(  185): no suitable EGLConfig found, trying a simpler query
07-09 17:58:06.514 I/SurfaceFlinger(  185): EGL informations:
07-09 17:58:06.514 I/SurfaceFlinger(  185): vendor    : Android
07-09 17:58:06.514 I/SurfaceFlinger(  185): version   : 1.4 Android META-EGL
07-09 17:58:06.514 I/SurfaceFlinger(  185): extensions: EGL_KHR_get_all_proc_addresses EGL_ANDROID_presentation_time EGL_KHR_image EGL_KHR_image_base EGL_KHR_gl_texture_2D_image EGL_KHR_gl_texture_cubemap_image EGL_KHR_gl_renderbuffer_image EGL_KHR_reusable_sync EGL_KHR_fence_sync EGL_KHR_config_attribs EGL_KHR_create_context EGL_EXT_buffer_age EGL_EXT_create_context_robustness EGL_KHR_surfaceless_context EGL_KHR_gl_texture_cubemap_image EGL_KHR_stream EGL_KHR_stream_fifo EGL_KHR_stream_producer_eglsurface EGL_KHR_stream_consumer_gltexture EGL_KHR_reusable_sync EGL_KHR_create_context EGL_NV_system_time EGL_NV_sync EGL_NV_stream_sync EGL_ANDROID_image_native_buffer EGL_KHR_wait_sync EGL_ANDROID_recordable 
07-09 17:58:06.514 I/SurfaceFlinger(  185): Client API: OpenGL_ES
07-09 17:58:06.514 I/SurfaceFlinger(  185): EGLSurface: 8-8-8-8, config=0xcaf32d
07-09 17:58:06.517 D/dalvikvm(  248): Added shared lib libjavacore.so 0x0
07-09 17:58:06.517 D/dalvikvm(  186): Added shared lib libjavacore.so 0x0
07-09 17:58:06.568 D/NvOsDebugPrintf(  188): Get otp vendor 0x0, size: 1
07-09 17:58:06.574 D/NvOsDebugPrintf(  188): NvCameraIspInitialize: disable3A=0x0
07-09 17:58:06.605 D/dalvikvm(  186): Trying to load lib libnativehelper.so 0x0
07-09 17:58:06.606 D/dalvikvm(  186): Added shared lib libnativehelper.so 0x0
07-09 17:58:06.606 D/dalvikvm(  186): No JNI_OnLoad found in libnativehelper.so 0x0, skipping init
07-09 17:58:06.606 D/dalvikvm(  248): Trying to load lib libnativehelper.so 0x0
07-09 17:58:06.606 D/dalvikvm(  248): Added shared lib libnativehelper.so 0x0
07-09 17:58:06.606 D/dalvikvm(  248): No JNI_OnLoad found in libnativehelper.so 0x0, skipping init
07-09 17:58:06.611 D/NvOsDebugPrintf(  188): LSC: LSC surface is not based on full res!
07-09 17:58:06.614 D/NvOsDebugPrintf(  188): -- NvIspAFinit -- min 138, max 698
07-09 17:58:06.615 D/NvOsDebugPrintf(  188): NvIspSetStats: WARNING: FM can't be enabled because AP is not enabled!!
07-09 17:58:06.626 D/NvOsDebugPrintf(  188): NvCamScaler_OutputThread-- (error 0x0)
07-09 17:58:06.762 V/NatController(  183): runCmd(/system/bin/iptables -F natctrl_FORWARD) res=0
07-09 17:58:06.766 V/NatController(  183): runCmd(/system/bin/iptables -A natctrl_FORWARD -j DROP) res=0
07-09 17:58:06.768 V/NatController(  183): runCmd(/system/bin/iptables -t nat -F natctrl_nat_POSTROUTING) res=0
07-09 17:58:06.785 D/dalvikvm(  186): Note: class Landroid/app/ActivityManagerNative; has 179 unimplemented (abstract) methods
07-09 17:58:06.785 V/NatController(  183): runCmd(/system/bin/ip rule flush) res=0
07-09 17:58:06.786 D/dalvikvm(  248): Note: class Landroid/app/ActivityManagerNative; has 179 unimplemented (abstract) methods
07-09 17:58:06.791 I/        (  185): Loading GLESv2 implementation libGLESv2_tegra_impl
07-09 17:58:06.794 I/SurfaceFlinger(  185): OpenGL ES informations:
07-09 17:58:06.794 I/SurfaceFlinger(  185): vendor    : NVIDIA Corporation
07-09 17:58:06.794 I/SurfaceFlinger(  185): renderer  : NVIDIA Tegra
07-09 17:58:06.794 I/SurfaceFlinger(  185): version   : OpenGL ES 3.1 334.00
07-09 17:58:06.794 I/SurfaceFlinger(  185): extensions: GL_EXT_debug_marker GL_EXT_blend_minmax GL_EXT_color_buffer_float GL_EXT_color_buffer_half_float GL_EXT_copy_image GL_EXT_debug_label GL_EXT_draw_buffers_indexed GL_EXT_frag_depth GL_EXT_geometry_point_size GL_EXT_geometry_shader GL_EXT_gpu_shader5 GL_EXT_map_buffer_range GL_EXT_occlusion_query_boolean GL_EXT_robustness GL_EXT_separate_shader_objects GL_EXT_shader_implicit_conversions GL_EXT_shader_integer_mix GL_EXT_shader_io_blocks GL_EXT_shadow_samplers GL_EXT_sRGB GL_EXT_sRGB_write_control GL_EXT_tessellation_point_size GL_EXT_tessellation_shader GL_EXT_texture_border_clamp GL_EXT_texture_buffer GL_EXT_texture_compression_dxt1 GL_EXT_texture_compression_s3tc GL_EXT_texture_cube_map_array GL_EXT_texture_filter_anisotropic GL_EXT_texture_format_BGRA8888 GL_EXT_texture_rg GL_EXT_texture_sRGB_decode GL_EXT_texture_storage GL_EXT_texture_view GL_EXT_unpack_subimage GL_KHR_debug GL_KHR_texture_compression_astc_ldr GL_NV_bgr GL_NV_bindless_texture GL_NV_blend_equation_advanced GL_NV_blend_equation_a
07-09 17:58:06.794 I/SurfaceFlinger(  185): GL_MAX_TEXTURE_SIZE = 16384
07-09 17:58:06.794 I/SurfaceFlinger(  185): GL_MAX_VIEWPORT_DIMS = 16384
07-09 17:58:06.799 V/NatController(  183): runCmd(/system/bin/ip -6 rule flush) res=0
07-09 17:58:06.803 V/NatController(  183): runCmd(/system/bin/ip rule add from all lookup default prio 32767) res=0
07-09 17:58:06.808 D/SurfaceFlinger(  185): Screen acquired, type=0 flinger=0xb6fcb450
07-09 17:58:06.808 D/hwcomposer(  185): hwc_blank: display 0: unblank
07-09 17:58:06.808 D/hwcomposer(  185): hwc_blank_display: display 0: [1 -> 0]
07-09 17:58:06.809 D/hwcomposer(  185): Display 0 layer clip is 1536 x 2048
07-09 17:58:06.809 D/hwcomposer(  185): Display 0 device clip is 1536 x 2048
07-09 17:58:06.809 D/hwcomposer(  185): dc_blank: display 0, [1 -> 0]
07-09 17:58:06.816 V/NatController(  183): runCmd(/system/bin/ip rule add from all lookup main prio 32766) res=0
07-09 17:58:06.829 V/NatController(  183): runCmd(/system/bin/ip -6 rule add from all lookup default prio 32767) res=0
07-09 17:58:06.847 D/libEGL  (  774): loaded /system/lib/egl/libEGL_tegra.so
07-09 17:58:06.847 I/        (  774): Attempting to load EGL implementation libEGL_tegra_impl
07-09 17:58:06.850 I/        (  774): Loaded EGL implementation libEGL_tegra_impl
07-09 17:58:06.851 D/libEGL  (  774): loaded /system/lib/egl/libGLESv1_CM_tegra.so
07-09 17:58:06.852 D/libEGL  (  774): loaded /system/lib/egl/libGLESv2_tegra.so
07-09 17:58:06.855 V/NatController(  183): runCmd(/system/bin/ip -6 rule add from all lookup main prio 32766) res=0
07-09 17:58:06.868 V/NatController(  183): runCmd(/system/bin/ip route flush cache) res=0
07-09 17:58:06.876 E/memtrack(  186): Couldn't load memtrack module (No such file or directory)
07-09 17:58:06.876 E/android.os.Debug(  186): failed to load memtrack module: -2
07-09 17:58:06.877 E/memtrack(  248): Couldn't load memtrack module (No such file or directory)
07-09 17:58:06.877 E/android.os.Debug(  248): failed to load memtrack module: -2
07-09 17:58:06.880 V/NatController(  183): runCmd(/system/bin/iptables -F natctrl_tether_counters) res=1
07-09 17:58:06.885 V/NatController(  183): runCmd(/system/bin/iptables -X natctrl_tether_counters) res=1
07-09 17:58:06.891 V/NatController(  183): runCmd(/system/bin/iptables -N natctrl_tether_counters) res=0
07-09 17:58:06.920 I/SamplingProfilerIntegration(  186): Profiling disabled.
07-09 17:58:06.931 I/Zygote  (  186): Preloading classes...
07-09 17:58:06.934 D/dalvikvm(  186): GC_EXPLICIT freed 39K, 8% free 524K/568K, paused 0ms+0ms, total 2ms
07-09 17:58:06.940 I/dalvikvm(  248): Total arena pages for JIT: 11
07-09 17:58:06.941 I/dalvikvm(  248): Total arena pages for JIT: 12
07-09 17:58:06.941 I/dalvikvm(  248): Total arena pages for JIT: 13
07-09 17:58:06.941 I/dalvikvm(  248): Total arena pages for JIT: 14
07-09 17:58:06.950 D/dalvikvm(  186): GC_EXPLICIT freed 4K, 3% free 601K/620K, paused 1ms+0ms, total 2ms
07-09 17:58:06.956 D/AndroidRuntime(  248): Calling main entry com.android.commands.am.Am
07-09 17:58:06.959 I/AndroidRuntime(  248): VM exiting with result code 1.
07-09 17:58:06.986 D/dalvikvm(  186): GC_EXPLICIT freed 16K, 3% free 645K/664K, paused 0ms+0ms, total 2ms
07-09 17:58:07.011 I/        (  774): Loading GLESv1_CM implementation libGLESv1_CM_tegra_impl
07-09 17:58:07.021 D/dalvikvm(  186): GC_EXPLICIT freed 15K, 3% free 683K/704K, paused 0ms+1ms, total 2ms
07-09 17:58:07.049 D/dalvikvm(  186): GC_EXPLICIT freed 13K, 3% free 725K/744K, paused 1ms+0ms, total 2ms
07-09 17:58:07.061 D/dalvikvm(  186): GC_EXPLICIT freed 26K, 4% free 754K/784K, paused 0ms+0ms, total 2ms
07-09 17:58:07.064 D/NvOsDebugPrintf(  188): NvCameraIspInitialize: disable3A=0x0
07-09 17:58:07.075 D/NvOsDebugPrintf(  188): -- NvIspAFinit -- min 0, max 0
07-09 17:58:07.076 D/NvOsDebugPrintf(  188): NvIspSetStats: WARNING: FM can't be enabled because AP is not enabled!!
07-09 17:58:07.094 D/NvOsDebugPrintf(  188): NvCamScaler_OutputThread-- (error 0x0)
07-09 17:58:07.121 V/AudioPolicyManagerBase(  188): loadGlobalConfig() mSpeakerDrcEnabled = 1
07-09 17:58:07.121 V/AudioPolicyManagerBase(  188): stringToEnum() found AUDIO_DEVICE_OUT_SPEAKER
07-09 17:58:07.121 V/AudioPolicyManagerBase(  188): loadGlobalConfig() mAttachedOutputDevices 0002
07-09 17:58:07.121 V/AudioPolicyManagerBase(  188): stringToEnum() found AUDIO_DEVICE_OUT_SPEAKER
07-09 17:58:07.121 V/AudioPolicyManagerBase(  188): loadGlobalConfig() mDefaultOutputDevice 0002
07-09 17:58:07.121 V/AudioPolicyManagerBase(  188): stringToEnum() found AUDIO_DEVICE_IN_BUILTIN_MIC
07-09 17:58:07.121 V/AudioPolicyManagerBase(  188): stringToEnum() found AUDIO_DEVICE_IN_REMOTE_SUBMIX
07-09 17:58:07.121 V/AudioPolicyManagerBase(  188): loadGlobalConfig() mAvailableInputDevices 0104
07-09 17:58:07.121 V/AudioPolicyManagerBase(  188): loadHwModules() loading module primary
07-09 17:58:07.121 V/AudioPolicyManagerBase(  188): loadHwModule() loading output primary
07-09 17:58:07.121 V/AudioPolicyManagerBase(  188): loadSamplingRates() adding rate 48000
07-09 17:58:07.121 V/AudioPolicyManagerBase(  188): loadOutChannels() AUDIO_CHANNEL_OUT_STEREO
07-09 17:58:07.121 V/AudioPolicyManagerBase(  188): stringToEnum() found AUDIO_CHANNEL_OUT_STEREO
07-09 17:58:07.121 V/AudioPolicyManagerBase(  188): stringToEnum() found AUDIO_FORMAT_PCM_16_BIT
07-09 17:58:07.121 V/AudioPolicyManagerBase(  188): stringToEnum() found AUDIO_DEVICE_OUT_SPEAKER
07-09 17:58:07.121 V/AudioPolicyManagerBase(  188): stringToEnum() found AUDIO_DEVICE_OUT_WIRED_HEADSET
07-09 17:58:07.121 V/AudioPolicyManagerBase(  188): stringToEnum() found AUDIO_DEVICE_OUT_WIRED_HEADPHONE
07-09 17:58:07.121 V/AudioPolicyManagerBase(  188): stringToEnum() found AUDIO_DEVICE_OUT_AUX_DIGITAL
07-09 17:58:07.121 V/AudioPolicyManagerBase(  188): stringToEnum() found AUDIO_DEVICE_OUT_ALL_SCO
07-09 17:58:07.121 V/AudioPolicyManagerBase(  188): stringToEnum() found AUDIO_DEVICE_OUT_REMOTE_SUBMIX
07-09 17:58:07.121 V/AudioPolicyManagerBase(  188): stringToEnum() found AUDIO_DEVICE_OUT_FM
07-09 17:58:07.121 V/AudioPolicyManagerBase(  188): stringToEnum() found AUDIO_OUTPUT_FLAG_PRIMARY
07-09 17:58:07.121 V/AudioPolicyManagerBase(  188): loadOutput() adding output mSupportedDevices 1847e, mFlags 0002
07-09 17:58:07.121 V/AudioPolicyManagerBase(  188): loadHwModule() loading output multichannel
07-09 17:58:07.121 V/AudioPolicyManagerBase(  188): loadSamplingRates() adding rate 8000
07-09 17:58:07.121 V/AudioPolicyManagerBase(  188): loadSamplingRates() adding rate 16000
07-09 17:58:07.121 V/AudioPolicyManagerBase(  188): loadSamplingRates() adding rate 32000
07-09 17:58:07.121 V/AudioPolicyManagerBase(  188): loadSamplingRates() adding rate 64000
07-09 17:58:07.121 V/AudioPolicyManagerBase(  188): loadSamplingRates() adding rate 128000
07-09 17:58:07.121 V/AudioPolicyManagerBase(  188): loadSamplingRates() adding rate 11025
07-09 17:58:07.121 V/AudioPolicyManagerBase(  188): loadSamplingRates() adding rate 22050
07-09 17:58:07.121 V/AudioPolicyManagerBase(  188): loadSamplingRates() adding rate 44100
07-09 17:58:07.121 V/AudioPolicyManagerBase(  188): loadSamplingRates() adding rate 88200
07-09 17:58:07.121 V/AudioPolicyManagerBase(  188): loadSamplingRates() adding rate 176400
07-09 17:58:07.121 V/AudioPolicyManagerBase(  188): loadSamplingRates() adding rate 12000
07-09 17:58:07.121 V/AudioPolicyManagerBase(  188): loadSamplingRates() adding rate 24000
07-09 17:58:07.121 V/AudioPolicyManagerBase(  188): loadSamplingRates() adding rate 48000
07-09 17:58:07.121 V/AudioPolicyManagerBase(  188): loadSamplingRates() adding rate 96000
07-09 17:58:07.121 V/AudioPolicyManagerBase(  188): loadSamplingRates() adding rate 192000
07-09 17:58:07.121 V/AudioPolicyManagerBase(  188): loadOutChannels() AUDIO_CHANNEL_OUT_QUAD
07-09 17:58:07.122 V/AudioPolicyManagerBase(  188): stringToEnum() found AUDIO_CHANNEL_OUT_5POINT1
07-09 17:58:07.122 V/AudioPolicyManagerBase(  188): stringToEnum() found AUDIO_CHANNEL_OUT_7POINT1
07-09 17:58:07.122 V/AudioPolicyManagerBase(  188): stringToEnum() found AUDIO_FORMAT_PCM_16_BIT
07-09 17:58:07.122 V/AudioPolicyManagerBase(  188): stringToEnum() found AUDIO_DEVICE_OUT_SPEAKER
07-09 17:58:07.122 V/AudioPolicyManagerBase(  188): stringToEnum() found AUDIO_DEVICE_OUT_WIRED_HEADSET
07-09 17:58:07.122 V/AudioPolicyManagerBase(  188): stringToEnum() found AUDIO_DEVICE_OUT_WIRED_HEADPHONE
07-09 17:58:07.122 V/AudioPolicyManagerBase(  188): stringToEnum() found AUDIO_DEVICE_OUT_AUX_DIGITAL
07-09 17:58:07.122 V/AudioPolicyManagerBase(  188): stringToEnum() found AUDIO_DEVICE_OUT_ALL_SCO
07-09 17:58:07.122 V/AudioPolicyManagerBase(  188): stringToEnum() found AUDIO_DEVICE_OUT_REMOTE_SUBMIX
07-09 17:58:07.122 V/AudioPolicyManagerBase(  188): stringToEnum() found AUDIO_OUTPUT_FLAG_DIRECT
07-09 17:58:07.122 V/AudioPolicyManagerBase(  188): loadOutput() adding output mSupportedDevices 847e, mFlags 0001
07-09 17:58:07.122 V/AudioPolicyManagerBase(  188): loadHwModule() loading output aux_ac3_dts_pass_through
07-09 17:58:07.122 V/AudioPolicyManagerBase(  188): loadSamplingRates() adding rate 44100
07-09 17:58:07.122 V/AudioPolicyManagerBase(  188): loadSamplingRates() adding rate 48000
07-09 17:58:07.122 V/AudioPolicyManagerBase(  188): loadOutChannels() AUDIO_CHANNEL_OUT_STEREO
07-09 17:58:07.122 V/AudioPolicyManagerBase(  188): stringToEnum() found AUDIO_CHANNEL_OUT_STEREO
07-09 17:58:07.122 V/AudioPolicyManagerBase(  188): stringToEnum() found AUDIO_FORMAT_IEC61937_AC3
07-09 17:58:07.122 V/AudioPolicyManagerBase(  188): stringToEnum() found AUDIO_FORMAT_IEC61937_EAC3
07-09 17:58:07.122 V/AudioPolicyManagerBase(  188): stringToEnum() found AUDIO_FORMAT_IEC61937_DTS
07-09 17:58:07.122 V/AudioPolicyManagerBase(  188): stringToEnum() found AUDIO_DEVICE_OUT_AUX_DIGITAL
07-09 17:58:07.122 V/AudioPolicyManagerBase(  188): stringToEnum() found AUDIO_DEVICE_OUT_SPEAKER
07-09 17:58:07.122 V/AudioPolicyManagerBase(  188): stringToEnum() found AUDIO_DEVICE_OUT_WIRED_HEADSET
07-09 17:58:07.122 V/AudioPolicyManagerBase(  188): stringToEnum() found AUDIO_DEVICE_OUT_WIRED_HEADPHONE
07-09 17:58:07.122 V/AudioPolicyManagerBase(  188): stringToEnum() found AUDIO_OUTPUT_FLAG_DIRECT
07-09 17:58:07.122 V/AudioPolicyManagerBase(  188): loadOutput() adding output mSupportedDevices 040e, mFlags 0001
07-09 17:58:07.122 V/AudioPolicyManagerBase(  188): loadHwModule() loading output ulp_output
07-09 17:58:07.122 V/AudioPolicyManagerBase(  188): loadSamplingRates() adding rate 48000
07-09 17:58:07.122 V/AudioPolicyManagerBase(  188): loadSamplingRates() adding rate 44100
07-09 17:58:07.122 V/AudioPolicyManagerBase(  188): loadOutChannels() AUDIO_CHANNEL_OUT_STEREO
07-09 17:58:07.122 V/AudioPolicyManagerBase(  188): stringToEnum() found AUDIO_CHANNEL_OUT_STEREO
07-09 17:58:07.122 V/AudioPolicyManagerBase(  188): stringToEnum() found AUDIO_FORMAT_MP3
07-09 17:58:07.122 V/AudioPolicyManagerBase(  188): stringToEnum() found AUDIO_FORMAT_AAC
07-09 17:58:07.122 V/AudioPolicyManagerBase(  188): stringToEnum() found AUDIO_DEVICE_OUT_SPEAKER
07-09 17:58:07.122 V/AudioPolicyManagerBase(  188): stringToEnum() found AUDIO_DEVICE_OUT_WIRED_HEADSET
07-09 17:58:07.122 V/AudioPolicyManagerBase(  188): stringToEnum() found AUDIO_DEVICE_OUT_WIRED_HEADPHONE
07-09 17:58:07.122 V/AudioPolicyManagerBase(  188): stringToEnum() found AUDIO_OUTPUT_FLAG_DIRECT
07-09 17:58:07.122 V/AudioPolicyManagerBase(  188): loadOutput() adding output mSupportedDevices 000e, mFlags 0001
07-09 17:58:07.122 V/AudioPolicyManagerBase(  188): loadHwModule() loading output dual_audio
07-09 17:58:07.122 V/AudioPolicyManagerBase(  188): loadSamplingRates() adding rate 8000
07-09 17:58:07.122 V/AudioPolicyManagerBase(  188): loadSamplingRates() adding rate 16000
07-09 17:58:07.122 V/AudioPolicyManagerBase(  188): loadSamplingRates() adding rate 32000
07-09 17:58:07.122 V/AudioPolicyManagerBase(  188): loadSamplingRates() adding rate 64000
07-09 17:58:07.122 V/AudioPolicyManagerBase(  188): loadSamplingRates() adding rate 128000
07-09 17:58:07.122 V/AudioPolicyManagerBase(  188): loadSamplingRates() adding rate 11025
07-09 17:58:07.122 V/AudioPolicyManagerBase(  188): loadSamplingRates() adding rate 22050
07-09 17:58:07.122 V/AudioPolicyManagerBase(  188): loadSamplingRates() adding rate 44100
07-09 17:58:07.122 V/AudioPolicyManagerBase(  188): loadSamplingRates() adding rate 88200
07-09 17:58:07.122 V/AudioPolicyManagerBase(  188): loadSamplingRates() adding rate 176400
07-09 17:58:07.122 V/AudioPolicyManagerBase(  188): loadSamplingRates() adding rate 12000
07-09 17:58:07.122 V/AudioPolicyManagerBase(  188): loadSamplingRates() adding rate 24000
07-09 17:58:07.122 V/AudioPolicyManagerBase(  188): loadSamplingRates() adding rate 48000
07-09 17:58:07.122 V/AudioPolicyManagerBase(  188): loadSamplingRates() adding rate 96000
07-09 17:58:07.122 V/AudioPolicyManagerBase(  188): loadSamplingRates() adding rate 192000
07-09 17:58:07.122 V/AudioPolicyManagerBase(  188): loadOutChannels() AUDIO_CHANNEL_OUT_STEREO
07-09 17:58:07.122 V/AudioPolicyManagerBase(  188): stringToEnum() found AUDIO_CHANNEL_OUT_STEREO
07-09 17:58:07.122 V/AudioPolicyManagerBase(  188): stringToEnum() found AUDIO_CHANNEL_OUT_5POINT1
07-09 17:58:07.122 V/AudioPolicyManagerBase(  188): stringToEnum() found AUDIO_CHANNEL_OUT_7POINT1
07-09 17:58:07.122 V/AudioPolicyManagerBase(  188): stringToEnum() found AUDIO_FORMAT_PCM_16_BIT
07-09 17:58:07.122 V/AudioPolicyManagerBase(  188): stringToEnum() found AUDIO_DEVICE_OUT_SPEAKER
07-09 17:58:07.122 V/AudioPolicyManagerBase(  188): stringToEnum() found AUDIO_DEVICE_OUT_WIRED_HEADSET
07-09 17:58:07.122 V/AudioPolicyManagerBase(  188): stringToEnum() found AUDIO_DEVICE_OUT_WIRED_HEADPHONE
07-09 17:58:07.122 V/AudioPolicyManagerBase(  188): stringToEnum() found AUDIO_DEVICE_OUT_AUX_DIGITAL
07-09 17:58:07.122 V/AudioPolicyManagerBase(  188): stringToEnum() found AUDIO_DEVICE_OUT_ALL_SCO
07-09 17:58:07.122 V/AudioPolicyManagerBase(  188): stringToEnum() found AUDIO_DEVICE_OUT_REMOTE_SUBMIX
07-09 17:58:07.122 V/AudioPolicyManagerBase(  188): stringToEnum() found AUDIO_OUTPUT_FLAG_DIRECT
07-09 17:58:07.122 V/AudioPolicyManagerBase(  188): loadOutput() adding output mSupportedDevices 847e, mFlags 0001
07-09 17:58:07.122 V/AudioPolicyManagerBase(  188): loadHwModule() loading input primary
07-09 17:58:07.122 V/AudioPolicyManagerBase(  188): loadSamplingRates() adding rate 8000
07-09 17:58:07.122 V/AudioPolicyManagerBase(  188): loadSamplingRates() adding rate 11025
07-09 17:58:07.122 V/AudioPolicyManagerBase(  188): loadSamplingRates() adding rate 12000
07-09 17:58:07.122 V/AudioPolicyManagerBase(  188): loadSamplingRates() adding rate 16000
07-09 17:58:07.122 V/AudioPolicyManagerBase(  188): loadSamplingRates() adding rate 22050
07-09 17:58:07.122 V/AudioPolicyManagerBase(  188): loadSamplingRates() adding rate 24000
07-09 17:58:07.122 V/AudioPolicyManagerBase(  188): loadSamplingRates() adding rate 32000
07-09 17:58:07.122 V/AudioPolicyManagerBase(  188): loadSamplingRates() adding rate 44100
07-09 17:58:07.122 V/AudioPolicyManagerBase(  188): loadSamplingRates() adding rate 48000
07-09 17:58:07.122 V/AudioPolicyManagerBase(  188): loadInChannels() AUDIO_CHANNEL_IN_MONO
07-09 17:58:07.122 V/AudioPolicyManagerBase(  188): stringToEnum() found AUDIO_CHANNEL_IN_MONO
07-09 17:58:07.122 V/AudioPolicyManagerBase(  188): loadInChannels() adding channelMask 0010
07-09 17:58:07.122 V/AudioPolicyManagerBase(  188): stringToEnum() found AUDIO_CHANNEL_IN_STEREO
07-09 17:58:07.122 V/AudioPolicyManagerBase(  188): loadInChannels() adding channelMask 000c
07-09 17:58:07.122 V/AudioPolicyManagerBase(  188): stringToEnum() found AUDIO_FORMAT_PCM_16_BIT
07-09 17:58:07.122 V/AudioPolicyManagerBase(  188): stringToEnum() found AUDIO_DEVICE_IN_BUILTIN_MIC
07-09 17:58:07.122 V/AudioPolicyManagerBase(  188): stringToEnum() found AUDIO_DEVICE_IN_BLUETOOTH_SCO_HEADSET
07-09 17:58:07.122 V/AudioPolicyManagerBase(  188): stringToEnum() found AUDIO_DEVICE_IN_WIRED_HEADSET
07-09 17:58:07.122 V/AudioPolicyManagerBase(  188): stringToEnum() found AUDIO_DEVICE_IN_REMOTE_SUBMIX
07-09 17:58:07.122 V/AudioPolicyManagerBase(  188): stringToEnum() found AUDIO_DEVICE_IN_FM
07-09 17:58:07.122 V/AudioPolicyManagerBase(  188): loadInput() adding input mSupportedDevices 8000211c
07-09 17:58:07.122 V/AudioPolicyManagerBase(  188): loadHwModules() loading module a2dp
07-09 17:58:07.122 V/AudioPolicyManagerBase(  188): loadHwModule() loading output a2dp
07-09 17:58:07.122 V/AudioPolicyManagerBase(  188): loadSamplingRates() adding rate 44100
07-09 17:58:07.122 V/AudioPolicyManagerBase(  188): loadOutChannels() AUDIO_CHANNEL_OUT_STEREO
07-09 17:58:07.122 V/AudioPolicyManagerBase(  188): stringToEnum() found AUDIO_CHANNEL_OUT_STEREO
07-09 17:58:07.122 V/AudioPolicyManagerBase(  188): stringToEnum() found AUDIO_FORMAT_PCM_16_BIT
07-09 17:58:07.122 V/AudioPolicyManagerBase(  188): stringToEnum() found AUDIO_DEVICE_OUT_ALL_A2DP
07-09 17:58:07.122 V/AudioPolicyManagerBase(  188): loadOutput() adding output mSupportedDevices 0380, mFlags 0000
07-09 17:58:07.122 V/AudioPolicyManagerBase(  188): loadHwModules() loading module usb
07-09 17:58:07.122 V/AudioPolicyManagerBase(  188): loadHwModule() loading output usb
07-09 17:58:07.122 V/AudioPolicyManagerBase(  188): loadSamplingRates() adding rate 44100
07-09 17:58:07.122 V/AudioPolicyManagerBase(  188): loadOutChannels() AUDIO_CHANNEL_OUT_STEREO
07-09 17:58:07.122 V/AudioPolicyManagerBase(  188): stringToEnum() found AUDIO_CHANNEL_OUT_STEREO
07-09 17:58:07.122 V/AudioPolicyManagerBase(  188): stringToEnum() found AUDIO_FORMAT_PCM_16_BIT
07-09 17:58:07.122 V/AudioPolicyManagerBase(  188): stringToEnum() found AUDIO_DEVICE_OUT_ALL_USB
07-09 17:58:07.122 V/AudioPolicyManagerBase(  188): stringToEnum() found AUDIO_DEVICE_OUT_ANLG_DOCK_HEADSET
07-09 17:58:07.122 V/AudioPolicyManagerBase(  188): stringToEnum() found AUDIO_DEVICE_OUT_DGTL_DOCK_HEADSET
07-09 17:58:07.122 V/AudioPolicyManagerBase(  188): loadOutput() adding output mSupportedDevices 7800, mFlags 0000
07-09 17:58:07.122 V/AudioPolicyManagerBase(  188): loadHwModule() loading input usb
07-09 17:58:07.122 V/AudioPolicyManagerBase(  188): loadSamplingRates() adding rate 8000
07-09 17:58:07.122 V/AudioPolicyManagerBase(  188): loadSamplingRates() adding rate 11025
07-09 17:58:07.122 V/AudioPolicyManagerBase(  188): loadSamplingRates() adding rate 12000
07-09 17:58:07.122 V/AudioPolicyManagerBase(  188): loadSamplingRates() adding rate 16000
07-09 17:58:07.122 V/AudioPolicyManagerBase(  188): loadSamplingRates() adding rate 22050
07-09 17:58:07.122 V/AudioPolicyManagerBase(  188): loadSamplingRates() adding rate 24000
07-09 17:58:07.122 V/AudioPolicyManagerBase(  188): loadSamplingRates() adding rate 32000
07-09 17:58:07.122 V/AudioPolicyManagerBase(  188): loadSamplingRates() adding rate 44100
07-09 17:58:07.122 V/AudioPolicyManagerBase(  188): loadSamplingRates() adding rate 48000
07-09 17:58:07.122 V/AudioPolicyManagerBase(  188): loadInChannels() AUDIO_CHANNEL_IN_MONO
07-09 17:58:07.122 V/AudioPolicyManagerBase(  188): stringToEnum() found AUDIO_CHANNEL_IN_MONO
07-09 17:58:07.122 V/AudioPolicyManagerBase(  188): loadInChannels() adding channelMask 0010
07-09 17:58:07.122 V/AudioPolicyManagerBase(  188): stringToEnum() found AUDIO_CHANNEL_IN_STEREO
07-09 17:58:07.122 V/AudioPolicyManagerBase(  188): loadInChannels() adding channelMask 000c
07-09 17:58:07.122 V/AudioPolicyManagerBase(  188): stringToEnum() found AUDIO_FORMAT_PCM_16_BIT
07-09 17:58:07.122 V/AudioPolicyManagerBase(  188): stringToEnum() found AUDIO_DEVICE_IN_ANLG_DOCK_HEADSET
07-09 17:58:07.122 V/AudioPolicyManagerBase(  188): stringToEnum() found AUDIO_DEVICE_IN_DGTL_DOCK_HEADSET
07-09 17:58:07.122 V/AudioPolicyManagerBase(  188): loadInput() adding input mSupportedDevices 80000600
07-09 17:58:07.122 I/AudioPolicyManagerBase(  188): loadAudioPolicyConfig() loaded /system/etc/audio_policy.conf
07-09 17:58:07.141 V/nvaudio_hw(  188): nvaudio_dev_open : audio_hw_if
07-09 17:58:07.141 V/nvaudio_hw(  188): config_parse
07-09 17:58:07.141 I/nvaudio_hw(  188): Failed to open /lbh/etc/nvaudio_conf.xml, trying /etc/nvaudio_conf.xml
07-09 17:58:07.142 V/nvaudio_hw(  188): config_parse_start: elem AudioConfigs
07-09 17:58:07.142 V/nvaudio_hw(  188): config_parse_start: elem alsa_device
07-09 17:58:07.142 V/nvaudio_hw(  188): Found Card number 1 for name tegrart5671 
07-09 17:58:07.142 V/nvaudio_hw(  188): alsa_device: name music
07-09 17:58:07.143 V/nvaudio_hw(  188): alsa_device: card id -1
07-09 17:58:07.143 V/nvaudio_hw(  188): alsa_device: device id 0
07-09 17:58:07.143 V/nvaudio_hw(  188): alsa_device: card name tegrart5671
07-09 17:58:07.143 V/nvaudio_hw(  188): config_parse_start: elem pcm_config
07-09 17:58:07.143 V/nvaudio_hw(  188): PCM config : rate 48000
07-09 17:58:07.143 V/nvaudio_hw(  188): PCM config : channels 2
07-09 17:58:07.143 V/nvaudio_hw(  188): PCM config : format 0
07-09 17:58:07.143 V/nvaudio_hw(  188): PCM config : period_size 1024
07-09 17:58:07.143 V/nvaudio_hw(  188): PCM config : period_count 4
07-09 17:58:07.143 V/nvaudio_hw(  188): PCM config : start_threshold 4095
07-09 17:58:07.143 V/nvaudio_hw(  188): PCM config : stop_threshold 4096
07-09 17:58:07.143 V/nvaudio_hw(  188): PCM config : avail_min 1
07-09 17:58:07.143 V/nvaudio_hw(  188): config_parse_end: elem pcm_config
07-09 17:58:07.143 V/nvaudio_hw(  188): config_parse_start: elem param
07-09 17:58:07.143 V/nvaudio_hw(  188): ULP is not supported
07-09 17:58:07.143 V/nvaudio_hw(  188): config_parse_end: elem param
07-09 17:58:07.143 V/nvaudio_hw(  188): config_parse_start: elem param
07-09 17:58:07.143 V/nvaudio_hw(  188): config_parse_end: elem param
07-09 17:58:07.143 V/nvaudio_hw(  188): config_parse_start: elem param
07-09 17:58:07.143 V/nvaudio_hw(  188): Supported ULP audio rates are 48000 44100
07-09 17:58:07.143 V/nvaudio_hw(  188): config_parse_end: elem param
07-09 17:58:07.143 V/nvaudio_hw(  188): config_parse_start: elem path
07-09 17:58:07.143 V/nvaudio_hw(  188): config_parse_start: elem ctl
07-09 17:58:07.143 V/nvaudio_hw(  188): Parsing control Left Spk Reg Addr => 0x40
07-09 17:58:07.143 V/nvaudio_hw(  188): config_parse_end: elem ctl
07-09 17:58:07.143 V/nvaudio_hw(  188): config_parse_start: elem ctl
07-09 17:58:07.143 V/nvaudio_hw(  188): Parsing control Left Spk Reg Value => 0x5a6b
07-09 17:58:07.143 V/nvaudio_hw(  188): config_parse_end: elem ctl
07-09 17:58:07.143 V/nvaudio_hw(  188): config_parse_start: elem ctl
07-09 17:58:07.143 V/nvaudio_hw(  188): Parsing control Left Spk Reg Addr => 0x59
07-09 17:58:07.143 V/nvaudio_hw(  188): config_parse_end: elem ctl
07-09 17:58:07.143 V/nvaudio_hw(  188): config_parse_start: elem ctl
07-09 17:58:07.143 V/nvaudio_hw(  188): Parsing control Left Spk Reg Value => 0x05cf
07-09 17:58:07.143 V/nvaudio_hw(  188): config_parse_end: elem ctl
07-09 17:58:07.143 V/nvaudio_hw(  188): config_parse_start: elem ctl
07-09 17:58:07.143 V/nvaudio_hw(  188): Parsing control Left Spk Reg Addr => 0x40
07-09 17:58:07.143 V/nvaudio_hw(  188): config_parse_end: elem ctl
07-09 17:58:07.143 V/nvaudio_hw(  188): config_parse_start: elem ctl
07-09 17:58:07.144 V/nvaudio_hw(  188): Parsing control Left Spk Reg Value => 0x0000
07-09 17:58:07.144 V/nvaudio_hw(  188): config_parse_end: elem ctl
07-09 17:58:07.144 V/nvaudio_hw(  188): config_parse_start: elem ctl
07-09 17:58:07.144 V/nvaudio_hw(  188): Parsing control Right Spk Reg Addr => 0x40
07-09 17:58:07.144 V/nvaudio_hw(  188): config_parse_end: elem ctl
07-09 17:58:07.144 V/nvaudio_hw(  188): config_parse_start: elem ctl
07-09 17:58:07.144 V/nvaudio_hw(  188): Parsing control Right Spk Reg Value => 0x5a6b
07-09 17:58:07.144 V/nvaudio_hw(  188): config_parse_end: elem ctl
07-09 17:58:07.144 V/nvaudio_hw(  188): config_parse_start: elem ctl
07-09 17:58:07.144 V/nvaudio_hw(  188): Parsing control Right Spk Reg Addr => 0x59
07-09 17:58:07.144 V/nvaudio_hw(  188): config_parse_end: elem ctl
07-09 17:58:07.144 V/nvaudio_hw(  188): config_parse_start: elem ctl
07-09 17:58:07.144 V/nvaudio_hw(  188): Parsing control Right Spk Reg Value => 0x05cf
07-09 17:58:07.144 V/nvaudio_hw(  188): config_parse_end: elem ctl
07-09 17:58:07.144 V/nvaudio_hw(  188): config_parse_start: elem ctl
07-09 17:58:07.144 V/nvaudio_hw(  188): Parsing control Right Spk Reg Addr => 0x40
07-09 17:58:07.144 V/nvaudio_hw(  188): config_parse_end: elem ctl
07-09 17:58:07.144 V/nvaudio_hw(  188): config_parse_start: elem ctl
07-09 17:58:07.144 V/nvaudio_hw(  188): Parsing control Right Spk Reg Value => 0x0000
07-09 17:58:07.144 V/nvaudio_hw(  188): config_parse_end: elem ctl
07-09 17:58:07.144 V/nvaudio_hw(  188): config_parse_start: elem ctl
07-09 17:58:07.144 V/nvaudio_hw(  188): Parsing control Left Spk Safeguard Threshold => 3.53V
07-09 17:58:07.144 V/nvaudio_hw(  188): config_parse_end: elem ctl
07-09 17:58:07.144 V/nvaudio_hw(  188): config_parse_start: elem ctl
07-09 17:58:07.144 V/nvaudio_hw(  188): Parsing control Right Spk Safeguard Threshold => 3.53V
07-09 17:58:07.144 V/nvaudio_hw(  188): config_parse_end: elem ctl
07-09 17:58:07.144 V/nvaudio_hw(  188): config_parse_start: elem ctl
07-09 17:58:07.144 V/nvaudio_hw(  188): Parsing control Left Spk Safeguard Bypass => 0
07-09 17:58:07.144 V/nvaudio_hw(  188): config_parse_end: elem ctl
07-09 17:58:07.144 V/nvaudio_hw(  188): config_parse_start: elem ctl
07-09 17:58:07.144 V/nvaudio_hw(  188): Parsing control Right Spk Safeguard Bypass => 0
07-09 17:58:07.144 V/nvaudio_hw(  188): config_parse_end: elem ctl
07-09 17:58:07.144 V/nvaudio_hw(  188): config_parse_start: elem ctl
07-09 17:58:07.144 V/nvaudio_hw(  188): Parsing control Left Spk Coil Value => 1uH
07-09 17:58:07.144 V/nvaudio_hw(  188): config_parse_end: elem ctl
07-09 17:58:07.144 V/nvaudio_hw(  188): config_parse_start: elem ctl
07-09 17:58:07.144 V/nvaudio_hw(  188): Parsing control Right Spk Coil Value => 1uH
07-09 17:58:07.144 V/nvaudio_hw(  188): config_parse_end: elem ctl
07-09 17:58:07.144 V/nvaudio_hw(  188): config_parse_start: elem ctl
07-09 17:58:07.144 V/nvaudio_hw(  188): Parsing control Left Spk Inductance => 39uH
07-09 17:58:07.144 V/nvaudio_hw(  188): config_parse_end: elem ctl
07-09 17:58:07.144 V/nvaudio_hw(  188): config_parse_start: elem ctl
07-09 17:58:07.144 V/nvaudio_hw(  188): Parsing control Right Spk Inductance => 39uH
07-09 17:58:07.144 V/nvaudio_hw(  188): config_parse_end: elem ctl
07-09 17:58:07.144 V/nvaudio_hw(  188): config_parse_start: elem ctl
07-09 17:58:07.144 V/nvaudio_hw(  188): Parsing control Left Spk Boot Patch => tfa9890_boot.patch
07-09 17:58:07.144 V/nvaudio_hw(  188): config_parse_end: elem ctl
07-09 17:58:07.144 V/nvaudio_hw(  188): config_parse_start: elem ctl
07-09 17:58:07.144 V/nvaudio_hw(  188): Parsing control Right Spk Boot Patch => tfa9890_boot.patch
07-09 17:58:07.144 V/nvaudio_hw(  188): config_parse_end: elem ctl
07-09 17:58:07.144 V/nvaudio_hw(  188): config_parse_start: elem ctl
07-09 17:58:07.144 V/nvaudio_hw(  188): Parsing control Left Spk ROM Patch => tfa9890_rom.patch
07-09 17:58:07.144 V/nvaudio_hw(  188): config_parse_end: elem ctl
07-09 17:58:07.144 V/nvaudio_hw(  188): config_parse_start: elem ctl
07-09 17:58:07.144 V/nvaudio_hw(  188): Parsing control Right Spk ROM Patch => tfa9890_rom.patch
07-09 17:58:07.144 V/nvaudio_hw(  188): config_parse_end: elem ctl
07-09 17:58:07.144 V/nvaudio_hw(  188): config_parse_start: elem ctl
07-09 17:58:07.144 V/nvaudio_hw(  188): Parsing control Left Spk Speaker File => tfa9890_left.speaker
07-09 17:58:07.144 V/nvaudio_hw(  188): config_parse_end: elem ctl
07-09 17:58:07.144 V/nvaudio_hw(  188): config_parse_start: elem ctl
07-09 17:58:07.144 V/nvaudio_hw(  188): Parsing control Right Spk Speaker File => tfa9890_right.speaker
07-09 17:58:07.144 V/nvaudio_hw(  188): config_parse_end: elem ctl
07-09 17:58:07.144 V/nvaudio_hw(  188): config_parse_start: elem ctl
07-09 17:58:07.144 V/nvaudio_hw(  188): Parsing control Left Spk Config File => tfa9890.config
07-09 17:58:07.144 V/nvaudio_hw(  188): config_parse_end: elem ctl
07-09 17:58:07.144 V/nvaudio_hw(  188): config_parse_start: elem ctl
07-09 17:58:07.144 V/nvaudio_hw(  188): Parsing control Right Spk Config File => tfa9890.config
07-09 17:58:07.144 V/nvaudio_hw(  188): config_parse_end: elem ctl
07-09 17:58:07.144 V/nvaudio_hw(  188): config_parse_end: elem path
07-09 17:58:07.144 V/nvaudio_hw(  188): set_route_by_array: mode 0 srate 0 tags 
07-09 17:58:07.144 V/nvaudio_hw(  188): Set 'Left Spk Reg Addr' to 64 mode = 0 r->mode = -2 srate = 0 r->srate = 0 
07-09 17:58:07.144 V/nvaudio_hw(  188): Set 'Left Spk Reg Value' to 23147 mode = 0 r->mode = -2 srate = 0 r->srate = 0 
07-09 17:58:07.144 V/nvaudio_hw(  188): Set 'Left Spk Reg Addr' to 89 mode = 0 r->mode = -2 srate = 0 r->srate = 0 
07-09 17:58:07.145 V/nvaudio_hw(  188): Set 'Left Spk Reg Value' to 1487 mode = 0 r->mode = -2 srate = 0 r->srate = 0 
07-09 17:58:07.145 V/nvaudio_hw(  188): Set 'Left Spk Reg Addr' to 64 mode = 0 r->mode = -2 srate = 0 r->srate = 0 
07-09 17:58:07.145 V/nvaudio_hw(  188): Set 'Left Spk Reg Value' to 0 mode = 0 r->mode = -2 srate = 0 r->srate = 0 
07-09 17:58:07.145 V/nvaudio_hw(  188): Set 'Right Spk Reg Addr' to 64 mode = 0 r->mode = -2 srate = 0 r->srate = 0 
07-09 17:58:07.145 V/nvaudio_hw(  188): Set 'Right Spk Reg Value' to 23147 mode = 0 r->mode = -2 srate = 0 r->srate = 0 
07-09 17:58:07.145 V/nvaudio_hw(  188): Set 'Right Spk Reg Addr' to 89 mode = 0 r->mode = -2 srate = 0 r->srate = 0 
07-09 17:58:07.146 V/nvaudio_hw(  188): Set 'Right Spk Reg Value' to 1487 mode = 0 r->mode = -2 srate = 0 r->srate = 0 
07-09 17:58:07.146 V/nvaudio_hw(  188): Set 'Right Spk Reg Addr' to 64 mode = 0 r->mode = -2 srate = 0 r->srate = 0 
07-09 17:58:07.146 V/nvaudio_hw(  188): Set 'Right Spk Reg Value' to 0 mode = 0 r->mode = -2 srate = 0 r->srate = 0 
07-09 17:58:07.147 V/nvaudio_hw(  188): Set 'Left Spk Safeguard Threshold' to '3.53V' mode = 0 r->mode = -2
07-09 17:58:07.148 V/nvaudio_hw(  188): Set 'Right Spk Safeguard Threshold' to '3.53V' mode = 0 r->mode = -2
07-09 17:58:07.149 V/nvaudio_hw(  188): Set 'Left Spk Safeguard Bypass' to 0 mode = 0 r->mode = -2 srate = 0 r->srate = 0 
07-09 17:58:07.149 D/dalvikvm(  186): GC_EXPLICIT freed 71K, 9% free 848K/924K, paused 1ms+1ms, total 3ms
07-09 17:58:07.149 V/nvaudio_hw(  188): Set 'Right Spk Safeguard Bypass' to 0 mode = 0 r->mode = -2 srate = 0 r->srate = 0 
07-09 17:58:07.150 V/nvaudio_hw(  188): Set 'Left Spk Coil Value' to '1uH' mode = 0 r->mode = -2
07-09 17:58:07.150 V/nvaudio_hw(  188): Set 'Right Spk Coil Value' to '1uH' mode = 0 r->mode = -2
07-09 17:58:07.151 V/nvaudio_hw(  188): Set 'Left Spk Inductance' to '39uH' mode = 0 r->mode = -2
07-09 17:58:07.151 V/nvaudio_hw(  188): Set 'Right Spk Inductance' to '39uH' mode = 0 r->mode = -2
07-09 17:58:07.152 V/nvaudio_hw(  188): Set 'Left Spk Boot Patch' to 'tfa9890_boot.patch' mode = 0 r->mode = -2
07-09 17:58:07.152 V/nvaudio_hw(  188): Set 'Right Spk Boot Patch' to 'tfa9890_boot.patch' mode = 0 r->mode = -2
07-09 17:58:07.153 V/nvaudio_hw(  188): Set 'Left Spk ROM Patch' to 'tfa9890_rom.patch' mode = 0 r->mode = -2
07-09 17:58:07.153 V/nvaudio_hw(  188): Set 'Right Spk ROM Patch' to 'tfa9890_rom.patch' mode = 0 r->mode = -2
07-09 17:58:07.153 V/nvaudio_hw(  188): Set 'Left Spk Speaker File' to 'tfa9890_left.speaker' mode = 0 r->mode = -2
07-09 17:58:07.153 V/nvaudio_hw(  188): Set 'Right Spk Speaker File' to 'tfa9890_right.speaker' mode = 0 r->mode = -2
07-09 17:58:07.154 V/nvaudio_hw(  188): Set 'Left Spk Config File' to 'tfa9890.config' mode = 0 r->mode = -2
07-09 17:58:07.154 V/nvaudio_hw(  188): Set 'Right Spk Config File' to 'tfa9890.config' mode = 0 r->mode = -2
07-09 17:58:07.154 V/nvaudio_hw(  188): config_parse_start: elem playback
07-09 17:58:07.154 V/nvaudio_hw(  188): config_parse_start: elem device
07-09 17:58:07.154 V/nvaudio_hw(  188): device: name speaker
07-09 17:58:07.154 V/nvaudio_hw(  188): config_parse_start: elem path
07-09 17:58:07.154 V/nvaudio_hw(  188): config_parse_start: elem ctl
07-09 17:58:07.154 V/nvaudio_hw(  188): Parsing control RxDP Mux => IF1 DAC => AUDIO_MODE_IN_COMMUNICATION
07-09 17:58:07.154 V/nvaudio_hw(  188): config_parse_end: elem ctl
07-09 17:58:07.154 V/nvaudio_hw(  188): config_parse_start: elem ctl
07-09 17:58:07.154 V/nvaudio_hw(  188): Parsing control RxDP SRC Switch => Divided by 3 => AUDIO_MODE_IN_COMMUNICATION
07-09 17:58:07.154 V/nvaudio_hw(  188): config_parse_end: elem ctl
07-09 17:58:07.154 V/nvaudio_hw(  188): config_parse_start: elem ctl
07-09 17:58:07.154 V/nvaudio_hw(  188): Parsing control DSP DL Mux => DSP => AUDIO_MODE_IN_COMMUNICATION
07-09 17:58:07.154 V/nvaudio_hw(  188): config_parse_end: elem ctl
07-09 17:58:07.154 V/nvaudio_hw(  188): config_parse_start: elem ctl
07-09 17:58:07.154 V/nvaudio_hw(  188): Parsing control DSP ASRC Switch => clk_i2s1_track => AUDIO_MODE_IN_COMMUNICATION
07-09 17:58:07.154 V/nvaudio_hw(  188): config_parse_end: elem ctl
07-09 17:58:07.154 V/nvaudio_hw(  188): config_parse_start: elem ctl
07-09 17:58:07.154 V/nvaudio_hw(  188): Parsing control DAC L2 Mux => IF1 DAC => AUDIO_MODE_NORMAL
07-09 17:58:07.154 V/nvaudio_hw(  188): config_parse_end: elem ctl
07-09 17:58:07.154 V/nvaudio_hw(  188): config_parse_start: elem ctl
07-09 17:58:07.154 V/nvaudio_hw(  188): Parsing control DAC L2 Mux => TxDC DAC => AUDIO_MODE_IN_COMMUNICATION
07-09 17:58:07.154 V/nvaudio_hw(  188): config_parse_end: elem ctl
07-09 17:58:07.154 V/nvaudio_hw(  188): config_parse_start: elem ctl
07-09 17:58:07.154 V/nvaudio_hw(  188): Parsing control DAC R2 Mux => IF1 DAC => AUDIO_MODE_NORMAL
07-09 17:58:07.154 V/nvaudio_hw(  188): config_parse_end: elem ctl
07-09 17:58:07.154 V/nvaudio_hw(  188): config_parse_start: elem ctl
07-09 17:58:07.154 V/nvaudio_hw(  188): Parsing control DA MONOL ASRC Switch => clk_sysy_div_out => AUDIO_MODE_NORMAL
07-09 17:58:07.154 V/nvaudio_hw(  188): config_parse_end: elem ctl
07-09 17:58:07.154 V/nvaudio_hw(  188): config_parse_start: elem ctl
07-09 17:58:07.154 V/nvaudio_hw(  188): Parsing control DA MONOL ASRC Switch => clk_i2s1_track => AUDIO_MODE_IN_COMMUNICATION
07-09 17:58:07.154 V/nvaudio_hw(  188): config_parse_end: elem ctl
07-09 17:58:07.154 V/nvaudio_hw(  188): config_parse_start: elem ctl
07-09 17:58:07.154 V/nvaudio_hw(  188): Parsing control DA MONOR ASRC Switch => clk_sysy_div_out => AUDIO_MODE_NORMAL
07-09 17:58:07.154 V/nvaudio_hw(  188): config_parse_end: elem ctl
07-09 17:58:07.154 V/nvaudio_hw(  188): config_parse_start: elem ctl
07-09 17:58:07.154 V/nvaudio_hw(  188): Parsing control DAC2 Playback Volume => 175
07-09 17:58:07.154 V/nvaudio_hw(  188): config_parse_end: elem ctl
07-09 17:58:07.154 V/nvaudio_hw(  188): config_parse_start: elem ctl
07-09 17:58:07.154 V/nvaudio_hw(  188): Parsing control Mono DAC MIXL DAC L2 Switch => 1
07-09 17:58:07.154 V/nvaudio_hw(  188): config_parse_end: elem ctl
07-09 17:58:07.154 V/nvaudio_hw(  188): config_parse_start: elem ctl
07-09 17:58:07.154 V/nvaudio_hw(  188): Parsing control Mono DAC MIXR DAC L2 Switch => 0 => AUDIO_MODE_NORMAL
07-09 17:58:07.154 V/nvaudio_hw(  188): config_parse_end: elem ctl
07-09 17:58:07.154 V/nvaudio_hw(  188): config_parse_start: elem ctl
07-09 17:58:07.154 V/nvaudio_hw(  188): Parsing control Mono DAC MIXR DAC L2 Switch => 1 => AUDIO_MODE_IN_COMMUNICATION
07-09 17:58:07.154 V/nvaudio_hw(  188): config_parse_end: elem ctl
07-09 17:58:07.154 V/nvaudio_hw(  188): config_parse_start: elem ctl
07-09 17:58:07.154 V/nvaudio_hw(  188): Parsing control Mono DAC MIXR DAC R2 Switch => 1 => AUDIO_MODE_NORMAL
07-09 17:58:07.154 V/nvaudio_hw(  188): config_parse_end: elem ctl
07-09 17:58:07.154 V/nvaudio_hw(  188): config_parse_start: elem ctl
07-09 17:58:07.154 V/nvaudio_hw(  188): Parsing control Mono DAC MIXR DAC R2 Switch => 0 => AUDIO_MODE_IN_COMMUNICATION
07-09 17:58:07.154 V/nvaudio_hw(  188): config_parse_end: elem ctl
07-09 17:58:07.154 V/nvaudio_hw(  188): config_parse_start: elem ctl
07-09 17:58:07.154 V/nvaudio_hw(  188): Parsing control Mono ADC L1 Mux => Mono DAC MIXL
07-09 17:58:07.154 V/nvaudio_hw(  188): config_parse_end: elem ctl
07-09 17:58:07.154 V/nvaudio_hw(  188): config_parse_start: elem ctl
07-09 17:58:07.154 V/nvaudio_hw(  188): Parsing control Mono ADC R1 Mux => Mono DAC MIXR
07-09 17:58:07.154 V/nvaudio_hw(  188): config_parse_end: elem ctl
07-09 17:58:07.154 V/nvaudio_hw(  188): config_parse_start: elem ctl
07-09 17:58:07.154 V/nvaudio_hw(  188): Parsing control AD MONOL ASRC Switch => clk_sysy_div_out
07-09 17:58:07.154 V/nvaudio_hw(  188): config_parse_end: elem ctl
07-09 17:58:07.154 V/nvaudio_hw(  188): config_parse_start: elem ctl
07-09 17:58:07.154 V/nvaudio_hw(  188): Parsing control AD MONOR ASRC Switch => clk_sysy_div_out
07-09 17:58:07.154 V/nvaudio_hw(  188): config_parse_end: elem ctl
07-09 17:58:07.154 V/nvaudio_hw(  188): config_parse_start: elem ctl
07-09 17:58:07.154 V/nvaudio_hw(  188): Parsing control Mono ADC MIXL ADC1 Switch => 1
07-09 17:58:07.154 V/nvaudio_hw(  188): config_parse_end: elem ctl
07-09 17:58:07.154 V/nvaudio_hw(  188): config_parse_start: elem ctl
07-09 17:58:07.154 V/nvaudio_hw(  188): Parsing control Mono ADC MIXR ADC1 Switch => 1
07-09 17:58:07.154 V/nvaudio_hw(  188): config_parse_end: elem ctl
07-09 17:58:07.154 V/nvaudio_hw(  188): config_parse_start: elem ctl
07-09 17:58:07.154 V/nvaudio_hw(  188): Parsing control IF2 ADC Mux => IF_ADC2
07-09 17:58:07.154 V/nvaudio_hw(  188): config_parse_end: elem ctl
07-09 17:58:07.154 V/nvaudio_hw(  188): config_parse_start: elem ctl
07-09 17:58:07.154 V/nvaudio_hw(  188): Parsing control Left Spk Output Voltage => 8.5V
07-09 17:58:07.154 V/nvaudio_hw(  188): config_parse_end: elem ctl
07-09 17:58:07.154 V/nvaudio_hw(  188): config_parse_start: elem ctl
07-09 17:58:07.155 V/nvaudio_hw(  188): Parsing control Left Spk Output Voltage => 9.5V
07-09 17:58:07.155 V/nvaudio_hw(  188): config_parse_end: elem ctl
07-09 17:58:07.155 V/nvaudio_hw(  188): config_parse_start: elem ctl
07-09 17:58:07.155 V/nvaudio_hw(  188): Parsing control Left Spk Output Voltage => 9.5V
07-09 17:58:07.155 V/nvaudio_hw(  188): config_parse_end: elem ctl
07-09 17:58:07.155 V/nvaudio_hw(  188): config_parse_start: elem ctl
07-09 17:58:07.155 V/nvaudio_hw(  188): Parsing control Left Spk Output Voltage => 9.5V
07-09 17:58:07.155 V/nvaudio_hw(  188): config_parse_end: elem ctl
07-09 17:58:07.155 V/nvaudio_hw(  188): config_parse_start: elem ctl
07-09 17:58:07.155 V/nvaudio_hw(  188): Parsing control Right Spk Output Voltage => 8.5V
07-09 17:58:07.155 V/nvaudio_hw(  188): config_parse_end: elem ctl
07-09 17:58:07.155 V/nvaudio_hw(  188): config_parse_start: elem ctl
07-09 17:58:07.155 V/nvaudio_hw(  188): Parsing control Right Spk Output Voltage => 9.5V
07-09 17:58:07.155 V/nvaudio_hw(  188): config_parse_end: elem ctl
07-09 17:58:07.155 V/nvaudio_hw(  188): config_parse_start: elem ctl
07-09 17:58:07.155 V/nvaudio_hw(  188): Parsing control Right Spk Output Voltage => 9.5V
