07-09 17:58:07.160 V/nvaudio_hw(  188): config_parse_end: elem ctl
07-09 17:58:07.160 V/nvaudio_hw(  188): config_parse_start: elem ctl
07-09 17:58:07.160 V/nvaudio_hw(  188): Parsing control DAC IF3 Data Switch => left copy to right
07-09 17:58:07.160 V/nvaudio_hw(  188): config_parse_end: elem ctl
07-09 17:58:07.160 V/nvaudio_hw(  188): config_parse_start: elem ctl
07-09 17:58:07.160 V/nvaudio_hw(  188): Parsing control BT Mic Switch => 1
07-09 17:58:07.160 V/nvaudio_hw(  188): config_parse_end: elem ctl
07-09 17:58:07.160 V/nvaudio_hw(  188): config_parse_end: elem path
07-09 17:58:07.160 V/nvaudio_hw(  188): config_parse_start: elem path
07-09 17:58:07.160 V/nvaudio_hw(  188): config_parse_start: elem ctl
07-09 17:58:07.160 V/nvaudio_hw(  188): Parsing control BT Mic Switch => 0
07-09 17:58:07.160 V/nvaudio_hw(  188): config_parse_end: elem ctl
07-09 17:58:07.160 V/nvaudio_hw(  188): config_parse_end: elem path
07-09 17:58:07.160 V/nvaudio_hw(  188): config_parse_end: elem device
07-09 17:58:07.160 V/nvaudio_hw(  188): config_parse_start: elem device
07-09 17:58:07.160 V/nvaudio_hw(  188): device: name fm-rx
07-09 17:58:07.160 V/nvaudio_hw(  188): config_parse_start: elem path
07-09 17:58:07.160 V/nvaudio_hw(  188): config_parse_start: elem ctl
07-09 17:58:07.160 V/nvaudio_hw(  188): Parsing control IF1 ADC Mux => IF1_ADC1
07-09 17:58:07.160 V/nvaudio_hw(  188): config_parse_end: elem ctl
07-09 17:58:07.160 V/nvaudio_hw(  188): config_parse_start: elem ctl
07-09 17:58:07.160 V/nvaudio_hw(  188): Parsing control IF1 ADC1 IN2 Mux => IF1_ADC1_IN1
07-09 17:58:07.160 V/nvaudio_hw(  188): config_parse_end: elem ctl
07-09 17:58:07.160 V/nvaudio_hw(  188): config_parse_start: elem ctl
07-09 17:58:07.160 V/nvaudio_hw(  188): Parsing control IF1 ADC1 IN1 Mux => IF_ADC1
07-09 17:58:07.160 V/nvaudio_hw(  188): config_parse_end: elem ctl
07-09 17:58:07.160 V/nvaudio_hw(  188): config_parse_start: elem ctl
07-09 17:58:07.160 V/nvaudio_hw(  188): Parsing control DRC Switch => Disable
07-09 17:58:07.160 V/nvaudio_hw(  188): config_parse_end: elem ctl
07-09 17:58:07.160 V/nvaudio_hw(  188): config_parse_start: elem ctl
07-09 17:58:07.160 V/nvaudio_hw(  188): Parsing control Sto1 ADC MIXL ADC1 Switch => 1
07-09 17:58:07.160 V/nvaudio_hw(  188): config_parse_end: elem ctl
07-09 17:58:07.160 V/nvaudio_hw(  188): config_parse_start: elem ctl
07-09 17:58:07.160 V/nvaudio_hw(  188): Parsing control Sto1 ADC MIXR ADC1 Switch => 1
07-09 17:58:07.160 V/nvaudio_hw(  188): config_parse_end: elem ctl
07-09 17:58:07.160 V/nvaudio_hw(  188): config_parse_start: elem ctl
07-09 17:58:07.160 V/nvaudio_hw(  188): Parsing control AD STO1 ASRC Switch => clk_sysy_div_out
07-09 17:58:07.160 V/nvaudio_hw(  188): config_parse_end: elem ctl
07-09 17:58:07.160 V/nvaudio_hw(  188): config_parse_start: elem ctl
07-09 17:58:07.160 V/nvaudio_hw(  188): Parsing control Stereo1 ADC1 Mux => ADC
07-09 17:58:07.160 V/nvaudio_hw(  188): config_parse_end: elem ctl
07-09 17:58:07.160 V/nvaudio_hw(  188): config_parse_start: elem ctl
07-09 17:58:07.160 V/nvaudio_hw(  188): Parsing control Stereo1 ADC Mux => ADC1L ADC2R
07-09 17:58:07.160 V/nvaudio_hw(  188): config_parse_end: elem ctl
07-09 17:58:07.160 V/nvaudio_hw(  188): config_parse_start: elem ctl
07-09 17:58:07.160 V/nvaudio_hw(  188): Parsing control ADC 1_2 => Stereo DAC
07-09 17:58:07.160 V/nvaudio_hw(  188): config_parse_end: elem ctl
07-09 17:58:07.160 V/nvaudio_hw(  188): config_parse_end: elem path
07-09 17:58:07.160 V/nvaudio_hw(  188): config_parse_end: elem device
07-09 17:58:07.160 V/nvaudio_hw(  188): config_parse_end: elem capture
07-09 17:58:07.160 V/nvaudio_hw(  188): config_parse_end: elem alsa_device
07-09 17:58:07.160 V/nvaudio_hw(  188): config_parse_start: elem alsa_device
07-09 17:58:07.160 V/nvaudio_hw(  188): Found Card number 0 for name Tegra 
07-09 17:58:07.160 V/nvaudio_hw(  188): alsa_device: name aux
07-09 17:58:07.160 V/nvaudio_hw(  188): alsa_device: card id -1
07-09 17:58:07.160 V/nvaudio_hw(  188): alsa_device: device id 3
07-09 17:58:07.160 V/nvaudio_hw(  188): alsa_device: card name Tegra
07-09 17:58:07.160 V/nvaudio_hw(  188): config_parse_start: elem pcm_config
07-09 17:58:07.160 V/nvaudio_hw(  188): PCM config : rate 48000
07-09 17:58:07.160 V/nvaudio_hw(  188): PCM config : channels 2
07-09 17:58:07.160 V/nvaudio_hw(  188): PCM config : format 0
07-09 17:58:07.160 V/nvaudio_hw(  188): PCM config : period_size 1024
07-09 17:58:07.160 V/nvaudio_hw(  188): PCM config : period_count 4
07-09 17:58:07.160 V/nvaudio_hw(  188): PCM config : start_threshold 4095
07-09 17:58:07.160 V/nvaudio_hw(  188): PCM config : stop_threshold 4096
07-09 17:58:07.160 V/nvaudio_hw(  188): PCM config : avail_min 1
07-09 17:58:07.161 V/nvaudio_hw(  188): config_parse_end: elem pcm_config
07-09 17:58:07.161 V/nvaudio_hw(  188): config_parse_start: elem param
07-09 17:58:07.161 V/nvaudio_hw(  188): Supported HW rates are 180
07-09 17:58:07.161 V/nvaudio_hw(  188): config_parse_end: elem param
07-09 17:58:07.161 V/nvaudio_hw(  188): config_parse_start: elem playback
07-09 17:58:07.161 V/nvaudio_hw(  188): config_parse_start: elem device
07-09 17:58:07.161 V/nvaudio_hw(  188): device: name aux
07-09 17:58:07.161 V/nvaudio_hw(  188): config_parse_end: elem device
07-09 17:58:07.161 V/nvaudio_hw(  188): config_parse_end: elem playback
07-09 17:58:07.161 V/nvaudio_hw(  188): config_parse_end: elem alsa_device
07-09 17:58:07.161 V/nvaudio_hw(  188): config_parse_start: elem alsa_device
07-09 17:58:07.161 V/nvaudio_hw(  188): alsa_device: name wfd
07-09 17:58:07.161 V/nvaudio_hw(  188): config_parse_start: elem pcm_config
07-09 17:58:07.161 V/nvaudio_hw(  188): PCM config : rate 48000
07-09 17:58:07.161 V/nvaudio_hw(  188): PCM config : channels 2
07-09 17:58:07.161 V/nvaudio_hw(  188): PCM config : format 0
07-09 17:58:07.161 V/nvaudio_hw(  188): PCM config : period_size 1024
07-09 17:58:07.161 V/nvaudio_hw(  188): PCM config : period_count 4
07-09 17:58:07.161 V/nvaudio_hw(  188): PCM config : start_threshold 0
07-09 17:58:07.161 V/nvaudio_hw(  188): PCM config : stop_threshold 0
07-09 17:58:07.161 V/nvaudio_hw(  188): PCM config : avail_min 0
07-09 17:58:07.161 V/nvaudio_hw(  188): config_parse_end: elem pcm_config
07-09 17:58:07.161 V/nvaudio_hw(  188): config_parse_start: elem playback
07-09 17:58:07.161 V/nvaudio_hw(  188): config_parse_start: elem device
07-09 17:58:07.161 V/nvaudio_hw(  188): device: name wfd
07-09 17:58:07.161 V/nvaudio_hw(  188): config_parse_end: elem device
07-09 17:58:07.161 V/nvaudio_hw(  188): config_parse_end: elem playback
07-09 17:58:07.161 V/nvaudio_hw(  188): config_parse_end: elem alsa_device
07-09 17:58:07.161 V/nvaudio_hw(  188): config_parse_end: elem AudioConfigs
07-09 17:58:07.161 V/nvaudio_service(  188): instantiate_nvaudio_service
07-09 17:58:07.161 V/nvaudio_service(  188): NvAudioALSAService
07-09 17:58:07.161 I/ServiceManager(  188): Waiting for service media.nvidia.audio_alsa...
07-09 17:58:07.210 D/dalvikvm(  186): GC_EXPLICIT freed 7K, 2% free 909K/924K, paused 0ms+0ms, total 3ms
07-09 17:58:07.240 D/MDnsDS  (  183): MDnsSdListener::Hander starting up
07-09 17:58:07.240 D/MDnsDS  (  183): MDnsSdListener starting to monitor
07-09 17:58:07.240 D/MDnsDS  (  183): Going to poll with pollCount 1
07-09 17:58:07.435 D/dalvikvm(  186): GC_EXPLICIT freed 29K, 4% free 935K/968K, paused 0ms+0ms, total 2ms
07-09 17:58:07.474 D/TextLayoutCache(  186): Using debug level = 0 - Debug Enabled = 0
07-09 17:58:07.478 D/dalvikvm(  186): GC_EXPLICIT freed 19K, 3% free 976K/1000K, paused 1ms+0ms, total 3ms
07-09 17:58:07.502 I/dalvikvm(  186): threadid=1: recursive native library load attempt (/system/lib/libmedia_jni.so)
07-09 17:58:07.503 D/MtpDeviceJNI(  186): register_android_mtp_MtpDevice
07-09 17:58:07.503 I/dalvikvm(  186): threadid=1: recursive native library load attempt (/system/lib/libmedia_jni.so)
07-09 17:58:07.503 I/dalvikvm(  186): threadid=1: recursive native library load attempt (/system/lib/libmedia_jni.so)
07-09 17:58:07.503 I/dalvikvm(  186): threadid=1: recursive native library load attempt (/system/lib/libmedia_jni.so)
07-09 17:58:07.514 D/dalvikvm(  186): GC_EXPLICIT freed 19K, 3% free 1012K/1036K, paused 0ms+0ms, total 3ms
07-09 17:58:07.541 D/dalvikvm(  186): GC_EXPLICIT freed 21K, 3% free 1048K/1072K, paused 0ms+1ms, total 3ms
07-09 17:58:07.559 D/dalvikvm(  186): GC_EXPLICIT freed 15K, 2% free 1086K/1104K, paused 0ms+1ms, total 3ms
07-09 17:58:07.576 D/dalvikvm(  186): GC_EXPLICIT freed 28K, 3% free 1112K/1144K, paused 0ms+0ms, total 3ms
07-09 17:58:07.583 D/dalvikvm(  186): GC_EXPLICIT freed 15K, 2% free 1167K/1188K, paused 0ms+1ms, total 3ms
07-09 17:58:07.595 E/EmojiFactory_jni(  186): Failed to load libemoji.so: dlopen failed: library "libemoji.so" not found
07-09 17:58:07.617 D/dalvikvm(  186): GC_EXPLICIT freed 33K, 3% free 1484K/1520K, paused 0ms+0ms, total 4ms
07-09 17:58:07.634 D/dalvikvm(  186): GC_EXPLICIT freed 35K, 3% free 1508K/1548K, paused 0ms+0ms, total 6ms
07-09 17:58:07.658 D/dalvikvm(  186): GC_EXPLICIT freed 30K, 3% free 1533K/1568K, paused 1ms+1ms, total 5ms
07-09 17:58:07.686 D/dalvikvm(  186): GC_EXPLICIT freed 37K, 3% free 1550K/1592K, paused 1ms+0ms, total 4ms
07-09 17:58:07.694 I/LibraryLoader(  186): loading: webviewchromium
07-09 17:58:07.752 I/phs:machine(  199): Found and read configuration file "/system/etc/ussrd.conf"
07-09 17:58:07.759 I/phs:governor(  199): loaded governors: boot generic graphics camera gpucompute il force tbc combinator
07-09 17:58:07.759 I/phs     (  199): ussrd now running
07-09 17:58:07.855 I/LibraryLoader(  186): loaded: webviewchromium
07-09 17:58:07.871 D/dalvikvm(  186): GC_EXPLICIT freed 16K, 2% free 1595K/1616K, paused 0ms+0ms, total 4ms
07-09 17:58:07.929 D/dalvikvm(  186): GC_EXPLICIT freed 24K, 2% free 1623K/1652K, paused 0ms+1ms, total 6ms
07-09 17:58:07.959 D/dalvikvm(  186): GC_EXPLICIT freed 81K, 5% free 1669K/1752K, paused 1ms+0ms, total 5ms
07-09 17:58:07.973 D/dalvikvm(  186): GC_EXPLICIT freed 36K, 4% free 1687K/1752K, paused 0ms+0ms, total 5ms
07-09 17:58:07.984 D/dalvikvm(  186): GC_EXPLICIT freed 31K, 3% free 1713K/1752K, paused 1ms+0ms, total 5ms
07-09 17:58:07.994 D/dalvikvm(  186): GC_EXPLICIT freed 19K, 2% free 1775K/1796K, paused 1ms+1ms, total 6ms
07-09 17:58:08.012 D/dalvikvm(  186): GC_EXPLICIT freed 23K, 2% free 1806K/1836K, paused 1ms+0ms, total 9ms
07-09 17:58:08.021 D/dalvikvm(  186): GC_EXPLICIT freed 29K, 2% free 1832K/1864K, paused 1ms+0ms, total 5ms
07-09 17:58:08.052 D/dalvikvm(  186): GC_FOR_ALLOC freed 252K, 11% free 2094K/2348K, paused 9ms, total 9ms
07-09 17:58:08.076 D/dalvikvm(  186): GC_EXPLICIT freed 208K, 9% free 2213K/2428K, paused 1ms+1ms, total 8ms
07-09 17:58:08.088 D/dalvikvm(  186): GC_EXPLICIT freed 35K, 9% free 2233K/2428K, paused 1ms+0ms, total 8ms
07-09 17:58:08.102 D/dalvikvm(  186): GC_EXPLICIT freed 25K, 7% free 2265K/2436K, paused 0ms+0ms, total 7ms
07-09 17:58:08.103 W/Zygote  (  186): Class not found for preloading: java.lang.UnsafeByteSequence
07-09 17:58:08.114 D/dalvikvm(  186): GC_EXPLICIT freed 36K, 7% free 2286K/2436K, paused 0ms+0ms, total 8ms
07-09 17:58:08.126 D/dalvikvm(  186): GC_EXPLICIT freed 41K, 6% free 2302K/2436K, paused 1ms+1ms, total 8ms
07-09 17:58:08.141 D/dalvikvm(  186): GC_EXPLICIT freed 41K, 5% free 2315K/2436K, paused 1ms+1ms, total 10ms
07-09 17:58:08.161 I/ServiceManager(  188): Waiting for service media.nvidia.audio_alsa...
07-09 17:58:08.182 I/System  (  186): Loaded time zone names for "" in 34ms (31ms in ICU)
07-09 17:58:08.201 I/System  (  186): Loaded time zone names for "en_US" in 18ms (15ms in ICU)
07-09 17:58:08.226 I/System  (  186): Loaded time zone names for "zh_CN" in 25ms (22ms in ICU)
07-09 17:58:08.235 D/dalvikvm(  186): GC_EXPLICIT freed 280K, 11% free 2531K/2828K, paused 1ms+1ms, total 9ms
07-09 17:58:08.247 D/dalvikvm(  186): GC_EXPLICIT freed 14K, 9% free 2595K/2828K, paused 1ms+1ms, total 9ms
07-09 17:58:08.263 D/dalvikvm(  186): GC_EXPLICIT freed 30K, 8% free 2621K/2828K, paused 0ms+0ms, total 11ms
07-09 17:58:08.274 D/dalvikvm(  186): GC_EXPLICIT freed 34K, 7% free 2641K/2828K, paused 0ms+0ms, total 8ms
07-09 17:58:08.289 D/dalvikvm(  186): GC_EXPLICIT freed 32K, 6% free 2662K/2828K, paused 0ms+0ms, total 10ms
07-09 17:58:08.304 D/dalvikvm(  186): GC_EXPLICIT freed 29K, 5% free 2688K/2828K, paused 0ms+0ms, total 12ms
07-09 17:58:08.305 I/Zygote  (  186): ...preloaded 2777 classes in 1374ms.
07-09 17:58:08.443 D/dalvikvm(  186): GC_EXPLICIT freed 17K, 5% free 2691K/2828K, paused 0ms+1ms, total 9ms
07-09 17:58:08.443 I/Zygote  (  186): Preloading resources...
07-09 17:58:08.457 D/dalvikvm(  186): GC_EXPLICIT freed 2K, 3% free 2749K/2828K, paused 1ms+1ms, total 9ms
07-09 17:58:08.487 D/dalvikvm(  186): GC_EXPLICIT freed 4K, 3% free 2884K/2956K, paused 1ms+0ms, total 10ms
07-09 17:58:08.511 D/dalvikvm(  186): GC_EXPLICIT freed 1K, 2% free 3986K/4060K, paused 1ms+0ms, total 13ms
07-09 17:58:08.526 D/dalvikvm(  186): GC_EXPLICIT freed 4K, 2% free 5218K/5276K, paused 1ms+1ms, total 9ms
07-09 17:58:08.535 W/Resources(  186): Preloaded drawable resource #0x10800cb (android:drawable/background_holo_light) that varies with configuration!!
07-09 17:58:08.545 D/dalvikvm(  186): GC_EXPLICIT freed 1027K, 18% free 5218K/6304K, paused 1ms+1ms, total 10ms
07-09 17:58:08.548 W/Resources(  186): Preloaded drawable resource #0x10800ca (android:drawable/background_holo_dark) that varies with configuration!!
07-09 17:58:08.560 D/dalvikvm(  186): GC_EXPLICIT freed 1026K, 18% free 5219K/6304K, paused 1ms+0ms, total 12ms
07-09 17:58:08.574 D/dalvikvm(  186): GC_EXPLICIT freed 4K, 17% free 5272K/6304K, paused 0ms+1ms, total 9ms
07-09 17:58:08.586 D/dalvikvm(  186): GC_EXPLICIT freed 2K, 16% free 5321K/6304K, paused 1ms+1ms, total 9ms
07-09 17:58:08.603 D/dalvikvm(  186): GC_EXPLICIT freed 4K, 14% free 5440K/6304K, paused 0ms+1ms, total 11ms
07-09 17:58:08.614 D/dalvikvm(  186): GC_EXPLICIT freed 3K, 13% free 5522K/6304K, paused 1ms+1ms, total 10ms
07-09 17:58:08.627 D/dalvikvm(  186): GC_EXPLICIT freed 2K, 12% free 5580K/6304K, paused 1ms+1ms, total 10ms
07-09 17:58:08.642 D/dalvikvm(  186): GC_EXPLICIT freed 1K, 11% free 5636K/6304K, paused 1ms+0ms, total 13ms
07-09 17:58:08.655 D/dalvikvm(  186): GC_EXPLICIT freed 5K, 10% free 5693K/6304K, paused 0ms+0ms, total 10ms
07-09 17:58:08.668 D/dalvikvm(  186): GC_EXPLICIT freed 1K, 5% free 5999K/6304K, paused 1ms+0ms, total 10ms
07-09 17:58:08.683 D/dalvikvm(  186): GC_EXPLICIT freed 1K, 4% free 6075K/6304K, paused 0ms+0ms, total 13ms
07-09 17:58:08.695 D/dalvikvm(  186): GC_EXPLICIT freed 4K, 3% free 6123K/6304K, paused 0ms+1ms, total 9ms
07-09 17:58:08.708 D/dalvikvm(  186): GC_EXPLICIT freed 10K, 3% free 6163K/6304K, paused 1ms+1ms, total 10ms
07-09 17:58:08.725 D/dalvikvm(  186): GC_EXPLICIT freed 2K, 2% free 6221K/6304K, paused 0ms+1ms, total 13ms
07-09 17:58:08.737 D/dalvikvm(  186): GC_EXPLICIT freed 2K, 1% free 6272K/6304K, paused 0ms+1ms, total 10ms
07-09 17:58:08.749 D/dalvikvm(  186): GC_EXPLICIT freed 1K, 1% free 6337K/6368K, paused 0ms+0ms, total 10ms
07-09 17:58:08.750 I/Zygote  (  186): ...preloaded 88 resources in 307ms.
07-09 17:58:08.750 I/Zygote  (  186): ...preloaded 0 resources in 0ms.
07-09 17:58:08.763 D/dalvikvm(  186): GC_EXPLICIT freed 2K, 1% free 6342K/6368K, paused 1ms+1ms, total 13ms
07-09 17:58:08.773 D/dalvikvm(  186): GC_EXPLICIT freed 2K, 1% free 6340K/6368K, paused 1ms+0ms, total 10ms
07-09 17:58:08.783 D/dalvikvm(  186): GC_EXPLICIT freed <1K, 1% free 6340K/6368K, paused 0ms+1ms, total 10ms
07-09 17:58:08.788 I/dalvikvm(  186): System server process 900 has been created
07-09 17:58:08.799 I/Zygote  (  186): Accepting command socket connections
07-09 17:58:08.814 D/SensorService(  900): nuSensorService starting...
07-09 17:58:08.814 I/SystemServer(  900): Entered the Android system server!
07-09 17:58:08.830 D/SensorHAL(  900): lsm6db0_accel: Sampling frequency available [ 5 15 50 100 ].
07-09 17:58:08.830 D/SensorHAL(  900): lsm6db0_accel: Batch mode available [ disabled continuos ].
07-09 17:58:08.836 D/SensorHAL(  900): lsm6db0_magn: Sampling frequency available [ 5 15 50 100 ].
07-09 17:58:08.836 D/SensorHAL(  900): lsm6db0_magn: Batch mode available [ disabled continuos ].
07-09 17:58:09.161 I/ServiceManager(  188): Waiting for service media.nvidia.audio_alsa...
07-09 17:58:10.162 I/ServiceManager(  188): Waiting for service media.nvidia.audio_alsa...
07-09 17:58:10.328 D/SensorHAL(  900): lsm6db0_magn_u: Sampling frequency available [ 5 15 50 100 ].
07-09 17:58:10.328 D/SensorHAL(  900): lsm6db0_magn_u: Batch mode available [ disabled continuos ].
07-09 17:58:10.334 D/SensorHAL(  900): lsm6db0_gyro: Sampling frequency available [ 5 15 50 200 ].
07-09 17:58:10.334 D/SensorHAL(  900): lsm6db0_gyro: Batch mode available [ disabled continuos ].
07-09 17:58:11.162 I/ServiceManager(  188): Waiting for service media.nvidia.audio_alsa...
07-09 17:58:11.834 D/SensorHAL(  900): lsm6db0_gyro_u: Sampling frequency available [ 5 15 50 200 ].
07-09 17:58:11.835 D/SensorHAL(  900): lsm6db0_gyro_u: Batch mode available [ disabled continuos ].
07-09 17:58:11.839 D/SensorHAL(  900): lsm6db0_quat: Sampling frequency available [ 5 15 50 100 ].
07-09 17:58:11.839 D/SensorHAL(  900): lsm6db0_quat: Batch mode available [ disabled continuos ].
07-09 17:58:11.844 D/SensorHAL(  900): lsm6db0_game_quat: Sampling frequency available [ 5 15 50 100 ].
07-09 17:58:11.844 D/SensorHAL(  900): lsm6db0_game_quat: Batch mode available [ disabled continuos ].
07-09 17:58:11.853 D/SensorHAL(  900): lsm6db0_step_d: Batch mode available [ disabled continuos ].
07-09 17:58:11.860 D/SensorHAL(  900): lsm6db0_euler: Sampling frequency available [ 5 15 50 100 ].
07-09 17:58:11.862 D/SensorHAL(  900): lsm6db0_euler: Batch mode available [ disabled continuos ].
07-09 17:58:11.868 D/SensorHAL(  900): lsm6db0_linear: Sampling frequency available [ 5 15 50 100 ].
07-09 17:58:11.868 D/SensorHAL(  900): lsm6db0_linear: Batch mode available [ disabled continuos ].
07-09 17:58:11.870 D/SensorHAL(  900): lsm6db0_gravity: Sampling frequency available [ 5 15 50 100 ].
07-09 17:58:11.870 D/SensorHAL(  900): lsm6db0_gravity: Batch mode available [ disabled continuos ].
07-09 17:58:11.885 D/SensorHAL(  900): lsm6db0_step_c: Batch mode available [ disabled continuos ].
07-09 17:58:11.895 D/SensorHAL(  900): lsm6db0_geo_quat: Sampling frequency available [ 5 15 50 100 ].
07-09 17:58:11.895 D/SensorHAL(  900): lsm6db0_geo_quat: Batch mode available [ disabled continuos ].
07-09 17:58:11.901 E/SensorHAL(  900): failed to scan sensor type 6 on iio
07-09 17:58:11.902 E/SensorHAL(  900): check_input_sensor_exist: dev_num=1 on input for type 6
07-09 17:58:11.902 E/SensorHAL(  900): failed to scan sensor type 5 on iio
07-09 17:58:11.902 E/SensorHAL(  900): check_input_sensor_exist: dev_num=0 on input for type 5
07-09 17:58:11.903 E/SensorHAL(  900): size of SWSensorList: 0
07-09 17:58:11.903 E/SensorHAL(  900): Failed to load accel calibration data.
07-09 17:58:11.904 D/SensorHAL(  900): lsm6db0_quat: Thread started.
07-09 17:58:11.904 D/SensorHAL(  900): lsm6db0_game_quat: Thread started.
07-09 17:58:11.904 D/SensorHAL(  900): lsm6db0_step_d: Thread started.
07-09 17:58:11.904 D/SensorHAL(  900): lsm6db0_euler: Thread started.
07-09 17:58:11.904 D/SensorHAL(  900): lsm6db0_linear: Thread started.
07-09 17:58:11.904 D/SensorHAL(  900): lsm6db0_gravity: Thread started.
07-09 17:58:11.904 D/SensorHAL(  900): lsm6db0_step_c: Thread started.
07-09 17:58:11.904 D/SensorHAL(  900): lsm6db0_geo_quat: Thread started.
07-09 17:58:11.904 D/SensorHAL(  900): bmpX80: input Thread started.
07-09 17:58:11.904 D/SensorHAL(  900): isl29035: input Thread started.
07-09 17:58:11.904 D/SensorHAL(  900): lsm6db0_sign_motion: Thread started.
07-09 17:58:11.904 D/SensorHAL(  900): lsm6db0_gyro_u: Thread started.
07-09 17:58:11.904 D/SensorHAL(  900): lsm6db0_gyro: Thread started.
07-09 17:58:11.904 D/SensorHAL(  900): lsm6db0_magn_u: Thread started.
07-09 17:58:11.904 D/SensorHAL(  900): lsm6db0_magn: Thread started.
07-09 17:58:11.904 D/SensorHAL(  900): lsm6db0_accel: Thread started.
07-09 17:58:12.162 V/nvaudio_hw(  188): ro.boot.modem = none
07-09 17:58:12.162 E/nvaudio_submix(  188): submix open
07-09 17:58:12.162 V/nvaudio_hw(  188): set_route_by_array: mode 0 srate 48000 tags 
07-09 17:58:12.162 V/nvaudio_hw(  188): set_route_by_array: mode 0 srate 48000 tags 
07-09 17:58:12.162 V/nvaudio_hw(  188): Set 'Int Left Spk Switch' to 0 mode = 0 r->mode = -2 srate = 48000 r->srate = 0 
07-09 17:58:12.162 V/nvaudio_hw(  188): Set 'Int Right Spk Switch' to 0 mode = 0 r->mode = -2 srate = 48000 r->srate = 0 
07-09 17:58:12.162 V/nvaudio_hw(  188): set_route_by_array: mode 0 srate 48000 tags 
07-09 17:58:12.162 V/nvaudio_hw(  188): Set 'Headphone Jack Switch' to 0 mode = 0 r->mode = -2 srate = 48000 r->srate = 0 
07-09 17:58:12.162 V/nvaudio_hw(  188): set_route_by_array: mode 0 srate 48000 tags 
07-09 17:58:12.162 V/nvaudio_hw(  188): Set 'BT Headphone Switch' to 0 mode = 0 r->mode = -2 srate = 48000 r->srate = 0 
07-09 17:58:12.162 V/nvaudio_hw(  188): set_route_by_array: mode 0 srate 48000 tags 
07-09 17:58:12.163 V/nvaudio_hw(  188): Set 'FM Switch' to 0 mode = 0 r->mode = -2 srate = 48000 r->srate = 0 
07-09 17:58:12.163 V/nvaudio_hw(  188): set_route_by_array: mode 0 srate 48000 tags 
07-09 17:58:12.163 V/nvaudio_hw(  188): set_route_by_array: mode 0 srate 48000 tags 
07-09 17:58:12.163 V/nvaudio_hw(  188): set_route_by_array: mode 0 srate 48000 tags 
07-09 17:58:12.163 V/nvaudio_hw(  188): set_route_by_array: mode 0 srate 48000 tags 
07-09 17:58:12.163 V/nvaudio_hw(  188): set_route_by_array: mode 0 srate 48000 tags 
07-09 17:58:12.163 V/nvaudio_hw(  188): set_route_by_array: mode 0 srate 48000 tags 
07-09 17:58:12.163 V/nvaudio_hw(  188): Set 'Int Mic Switch' to 0 mode = 0 r->mode = -2 srate = 48000 r->srate = 0 
07-09 17:58:12.163 V/nvaudio_hw(  188): set_route_by_array: mode 0 srate 48000 tags 
07-09 17:58:12.163 V/nvaudio_hw(  188): Set 'Mic Jack Switch' to 0 mode = 0 r->mode = -2 srate = 48000 r->srate = 0 
07-09 17:58:12.163 V/nvaudio_hw(  188): set_route_by_array: mode 0 srate 48000 tags 
07-09 17:58:12.163 V/nvaudio_hw(  188): Set 'BT Mic Switch' to 0 mode = 0 r->mode = -2 srate = 48000 r->srate = 0 
07-09 17:58:12.163 V/nvaudio_hw(  188): set_route_by_array: mode 0 srate 48000 tags 
07-09 17:58:12.163 V/nvaudio_hw(  188): nvaudio_dev_init_check 
07-09 17:58:12.163 V/nvaudio_hw(  188): nvaudio_dev_set_master_volume : vol 1.000000
07-09 17:58:12.163 I/AudioFlinger(  188): loadHwModule() Loaded primary audio interface from Nvidia Audio HW HAL (audio) handle 1
07-09 17:58:12.163 V/nvaudio_hw(  188): nvaudio_dev_open_output_stream:: dev 2 fmt 1 ch 3 rate 48000
07-09 17:58:12.163 V/nvaudio_hw(  188): set_route : dev id 0 ref 0 devices 0x0 -> 0x2
07-09 17:58:12.163 V/nvaudio_hw(  188): set_route_by_array: mode 0 srate 48000 tags 
07-09 17:58:12.163 V/nvaudio_hw(  188): set_route_by_array: mode 0 srate 48000 tags 
07-09 17:58:12.163 V/nvaudio_hw(  188): Set 'DAC L2 Mux' to 'IF1 DAC' mode = 0 r->mode = 0
07-09 17:58:12.163 V/nvaudio_hw(  188): Set 'DAC R2 Mux' to 'IF1 DAC' mode = 0 r->mode = 0
07-09 17:58:12.163 V/nvaudio_hw(  188): Set 'DA MONOL ASRC Switch' to 'clk_sysy_div_out' mode = 0 r->mode = 0
07-09 17:58:12.163 V/nvaudio_hw(  188): Set 'DA MONOR ASRC Switch' to 'clk_sysy_div_out' mode = 0 r->mode = 0
07-09 17:58:12.163 V/nvaudio_hw(  188): Set 'DAC2 Playback Volume' to 175 mode = 0 r->mode = -2 srate = 48000 r->srate = 0 
07-09 17:58:12.163 V/nvaudio_hw(  188): Set 'DAC2 Playback Volume' to 175 mode = 0 r->mode = -2 srate = 48000 r->srate = 0 
07-09 17:58:12.168 V/nvaudio_hw(  188): Set 'Mono DAC MIXL DAC L2 Switch' to 1 mode = 0 r->mode = -2 srate = 48000 r->srate = 0 
07-09 17:58:12.168 V/nvaudio_hw(  188): Set 'Mono DAC MIXR DAC L2 Switch' to 0 mode = 0 r->mode = 0 srate = 48000 r->srate = 0 
07-09 17:58:12.168 V/nvaudio_hw(  188): Set 'Mono DAC MIXR DAC R2 Switch' to 1 mode = 0 r->mode = 0 srate = 48000 r->srate = 0 
07-09 17:58:12.168 V/nvaudio_hw(  188): Set 'Mono ADC L1 Mux' to 'Mono DAC MIXL' mode = 0 r->mode = -2
07-09 17:58:12.168 V/nvaudio_hw(  188): Set 'Mono ADC R1 Mux' to 'Mono DAC MIXR' mode = 0 r->mode = -2
07-09 17:58:12.168 V/nvaudio_hw(  188): Set 'AD MONOL ASRC Switch' to 'clk_sysy_div_out' mode = 0 r->mode = -2
07-09 17:58:12.168 V/nvaudio_hw(  188): Set 'AD MONOR ASRC Switch' to 'clk_sysy_div_out' mode = 0 r->mode = -2
07-09 17:58:12.169 V/nvaudio_hw(  188): Set 'Mono ADC MIXL ADC1 Switch' to 1 mode = 0 r->mode = -2 srate = 48000 r->srate = 0 
07-09 17:58:12.169 V/nvaudio_hw(  188): Set 'Mono ADC MIXR ADC1 Switch' to 1 mode = 0 r->mode = -2 srate = 48000 r->srate = 0 
07-09 17:58:12.169 V/nvaudio_hw(  188): Set 'IF2 ADC Mux' to 'IF_ADC2' mode = 0 r->mode = -2
07-09 17:58:12.169 V/nvaudio_hw(  188): Set 'Left Spk Output Voltage' to '8.5V' mode = 0 r->mode = -2
07-09 17:58:12.170 V/nvaudio_hw(  188): Set 'Right Spk Output Voltage' to '8.5V' mode = 0 r->mode = -2
07-09 17:58:12.170 V/nvaudio_hw(  188): Set 'Left Spk Max Coil Current' to '1.9A' mode = 0 r->mode = -2
07-09 17:58:12.171 V/nvaudio_hw(  188): Set 'Right Spk Max Coil Current' to '1.9A' mode = 0 r->mode = -2
07-09 17:58:12.173 V/nvaudio_hw(  188): Set 'Left Spk Resistance' to 'Auto' mode = 0 r->mode = -2
07-09 17:58:12.173 D/SensorHAL(  900): lsm6db0_magn_u: power-off.
07-09 17:58:12.173 V/nvaudio_hw(  188): Set 'Right Spk Resistance' to 'Auto' mode = 0 r->mode = -2
07-09 17:58:12.174 V/nvaudio_hw(  188): Set 'Left Spk Input Interface Mux' to 'Input1' mode = 0 r->mode = -2
07-09 17:58:12.174 V/nvaudio_hw(  188): Set 'Right Spk Input Interface Mux' to 'Input1' mode = 0 r->mode = -2
07-09 17:58:12.174 V/nvaudio_hw(  188): Set 'Left Spk Input Channel Mux' to 'Left' mode = 0 r->mode = -2
07-09 17:58:12.175 V/nvaudio_hw(  188): Set 'Right Spk Input Channel Mux' to 'Right' mode = 0 r->mode = -2
07-09 17:58:12.175 V/nvaudio_hw(  188): Set 'Left Spk Amplifier Channel Mux' to 'DSP' mode = 0 r->mode = -2
07-09 17:58:12.176 V/nvaudio_hw(  188): Set 'Right Spk Amplifier Channel Mux' to 'DSP' mode = 0 r->mode = -2
07-09 17:58:12.176 V/nvaudio_hw(  188): Set 'Left Spk Output Channel Mux' to 'Gain' mode = 0 r->mode = -2
07-09 17:58:12.177 V/nvaudio_hw(  188): Set 'Left Spk Output Channel Mux' to 'AEC' mode = 0 r->mode = -2
07-09 17:58:12.177 V/nvaudio_hw(  188): Set 'Right Spk Output Channel Mux' to 'Current' mode = 0 r->mode = -2
07-09 17:58:12.178 V/nvaudio_hw(  188): Set 'Right Spk Output Channel Mux' to 'Gain' mode = 0 r->mode = -2
07-09 17:58:12.178 V/nvaudio_hw(  188): Set 'Left Spk Output Interface Mux' to 'DSP' mode = 0 r->mode = -2
07-09 17:58:12.179 V/nvaudio_hw(  188): Set 'Right Spk Output Interface Mux' to 'DSP' mode = 0 r->mode = -2
07-09 17:58:12.179 V/nvaudio_hw(  188): Set 'Left Spk Gain Channel Mux' to 'Right' mode = 0 r->mode = -2
07-09 17:58:12.179 V/nvaudio_hw(  188): Set 'Right Spk Gain Channel Mux' to 'Left' mode = 0 r->mode = -2
07-09 17:58:12.181 V/nvaudio_hw(  188): Set 'Left Spk Preset File' to 'tfa9890_left_music.preset' mode = 0 r->mode = 0
07-09 17:58:12.181 V/nvaudio_hw(  188): Set 'Right Spk Preset File' to 'tfa9890_right_music.preset' mode = 0 r->mode = 0
07-09 17:58:12.181 V/nvaudio_hw(  188): Set 'Left Spk Equalizer File' to 'tfa9890_left_music.eq' mode = 0 r->mode = 0
07-09 17:58:12.181 V/nvaudio_hw(  188): Set 'Right Spk Equalizer File' to 'tfa9890_right_music.eq' mode = 0 r->mode = 0
07-09 17:58:12.182 V/nvaudio_hw(  188): Set 'Int Left Spk Switch' to 1 mode = 0 r->mode = -2 srate = 48000 r->srate = 0 
07-09 17:58:12.182 V/nvaudio_hw(  188): Set 'Int Right Spk Switch' to 1 mode = 0 r->mode = -2 srate = 48000 r->srate = 0 
07-09 17:58:12.182 V/nvaudio_hw(  188): send_at_cmd_by_list: type 0
07-09 17:58:12.182 V/nvaudio_hw(  188): nvaudio_out_get_buffer_size: size 4096
07-09 17:58:12.182 I/AudioFlinger(  188): HAL output buffer size 1024 frames, normal mix buffer size 1024 frames
07-09 17:58:12.196 I/EffectDiracSound(  188): DiracSoundLib_GetDescriptor() start
07-09 17:58:12.196 I/AudioMixer(  188): found effect "Multichannel Downmix To Stereo" from The Android Open Source Project
07-09 17:58:12.196 V/nvaudio_hw(  188): nvaudio_out_get_buffer_size: size 4096
07-09 17:58:12.196 V/nvaudio_hw(  188): nvaudio_out_get_latency: latency 85 flags = 2 
07-09 17:58:12.196 V/nvaudio_hw(  188): nvaudio_out_get_latency: latency 85 flags = 2 
07-09 17:58:12.196 I/AudioFlinger(  188): Using module 1 has the primary audio interface
07-09 17:58:12.196 V/nvaudio_hw(  188): nvaudio_dev_set_mode : mode 0
07-09 17:58:12.196 V/AudioPolicyManagerBase(  188): setOutputDevice() output 2 device 0002 delayMs 0
07-09 17:58:12.196 V/AudioPolicyManagerBase(  188): setOutputDevice() prevDevice 0002
07-09 17:58:12.196 V/AudioPolicyManagerBase(  188): setOutputDevice() changing device
07-09 17:58:12.198 I/AudioFlinger(  188): AudioFlinger's thread 0xb7f2cf88 ready to run
07-09 17:58:12.198 W/AudioFlinger(  188): Thread AudioOut_2 cannot connect to the power manager service
07-09 17:58:12.198 V/nvaudio_hw(  188): nvaudio_out_set_parameters: routing=2
07-09 17:58:12.198 V/nvaudio_hw(  188): Switch audio to device :0x2 -> 0x2 stream 2
07-09 17:58:12.198 V/nvaudio_hw(  188): set_route : dev id 0 ref 1 devices 0x2 -> 0x2
07-09 17:58:12.198 V/nvaudio_hw(  188): set_route : dev id 2 ref 0 devices 0x2 -> 0x2
07-09 17:58:12.198 V/nvaudio_hw(  188): set_route : dev id 3 ref 0 devices 0x2 -> 0x2
07-09 17:58:12.199 V/nvaudio_hw(  188): nvaudio_dev_set_voice_volume : vol 0.000000
07-09 17:58:12.199 V/AudioPolicyManagerBase(  188): checkAndSetVolume() cannot set stream 6 volume with force use = 0 for comm
07-09 17:58:12.199 V/nvaudio_hw(  188): nvaudio_out_standby
07-09 17:58:12.200 I/audio_a2dp_hw(  188): adev_open:  adev_open in A2dp_hw module
07-09 17:58:12.200 I/AudioFlinger(  188): loadHwModule() Loaded a2dp audio interface from A2DP Audio HW HAL (audio) handle 3
07-09 17:58:12.201 I/AudioFlinger(  188): loadHwModule() Loaded usb audio interface from USB audio HW HAL (audio) handle 4
07-09 17:58:12.201 V/nvaudio_hw(  188): nvaudio_dev_set_parameters : nv_param_media_routing=2
07-09 17:58:12.201 V/nvaudio_hw(  188): Media is routed to :2
07-09 17:58:12.201 I/AudioPolicyService(  188): Loaded audio policy from LEGACY Audio Policy HAL (audio_policy)
07-09 17:58:12.307 D/SensorHAL(  900): lsm6db0_gyro_u: power-off.
07-09 17:58:12.375 D/SensorHAL(  900): lsm6db0_sign_motion: power-off.
07-09 17:58:12.442 D/SensorHAL(  900): lsm6db0_quat: power-off.
07-09 17:58:12.641 D/SensorHAL(  900): lsm6db0_euler: power-off.
07-09 17:58:12.772 D/SensorHAL(  900): lsm6db0_gravity: power-off.
07-09 17:58:13.037 I/SensorService(  900): Accelerometer Sensor
07-09 17:58:13.037 I/SensorService(  900): Magnetometer Sensor
07-09 17:58:13.037 I/SensorService(  900): Magnetometer Uncalibrate Sensor
07-09 17:58:13.037 I/SensorService(  900): Gyroscope Sensor
07-09 17:58:13.037 I/SensorService(  900): Gyroscope Uncalibrate Sensor
07-09 17:58:13.037 I/SensorService(  900): Significant Motion Sensor
07-09 17:58:13.037 I/SensorService(  900): Rotation Sensor
07-09 17:58:13.037 I/SensorService(  900): Game Rotation Sensor
07-09 17:58:13.037 I/SensorService(  900): Step Detector Sensor
07-09 17:58:13.037 I/SensorService(  900): Orientation Sensor
07-09 17:58:13.037 I/SensorService(  900): Linear Acceleration Sensor
07-09 17:58:13.037 I/SensorService(  900): Gravity Sensor
07-09 17:58:13.037 I/SensorService(  900): Step Counter Sensor
07-09 17:58:13.037 I/SensorService(  900): GeoMagnetic Rotation Sensor
07-09 17:58:13.037 I/SensorService(  900): Pressure Sensor
07-09 17:58:13.037 I/SensorService(  900): Ambient Light Sensor
07-09 17:58:13.037 D/SensorService(  900): Max socket buffer size 163840
07-09 17:58:13.038 I/installd(  189): new connection
07-09 17:58:13.038 I/SystemServer(  900): Waiting for installd to be ready.
07-09 17:58:13.038 I/Installer(  900): connecting...
07-09 17:58:13.039 I/SystemServer(  900): Power Manager
07-09 17:58:13.039 D/PowerManagerService(  900): Acquiring suspend blocker "PowerManagerService.Display".
07-09 17:58:13.040 I/powerHAL::common(  900): find_input_device_ids: 4 atmel-maxtouch
07-09 17:58:13.041 I/SystemServer(  900): Activity Manager
07-09 17:58:13.061 D/SensorService(  900): nuSensorService thread starting...
07-09 17:58:13.067 I/ActivityManager(  900): Memory class: 192
07-09 17:58:13.110 D/dalvikvm(  900): GC_CONCURRENT freed 63K, 2% free 6665K/6748K, paused 2ms+0ms, total 29ms
07-09 17:58:13.160 D/dalvikvm(  900): GC_CONCURRENT freed 143K, 3% free 6935K/7096K, paused 2ms+2ms, total 9ms
07-09 17:58:13.199 I/IntentFirewall(  900): Read new rules (A:0 B:0 S:0)
07-09 17:58:13.202 I/SystemServer(  900): Display Manager
07-09 17:58:13.203 I/SystemServer(  900): Telephony Registry
07-09 17:58:13.203 I/SystemServer(  900): Scheduling Policy
07-09 17:58:13.205 I/DisplayManagerService(  900): Display device added: DisplayDeviceInfo{"": 1536 x 2048, 60.01228 fps, density 320, 325.12 x 325.12 dpi, touch INTERNAL, rotation 0, type BUILT_IN, FLAG_DEFAULT_DISPLAY, FLAG_ROTATES_WITH_CONTENT, FLAG_SECURE, FLAG_SUPPORTS_PROTECTED_BUFFERS}
07-09 17:58:13.205 I/SystemServer(  900): Package Manager
07-09 17:58:13.220 D/dalvikvm(  900): GC_CONCURRENT freed 249K, 4% free 7127K/7348K, paused 1ms+0ms, total 11ms
07-09 17:58:13.246 D/dalvikvm(  900): GC_CONCURRENT freed 465K, 8% free 7064K/7648K, paused 2ms+0ms, total 10ms
07-09 17:58:13.246 D/dalvikvm(  900): WAIT_FOR_CONCURRENT_GC blocked 7ms
07-09 17:58:13.260 D/SELinuxMMAC(  900): Couldn't find install policy /data/security/mac_permissions.xml
07-09 17:58:13.261 D/SELinuxMMAC(  900): Using install policy file /system/etc/security/mac_permissions.xml
07-09 17:58:13.340 D/dalvikvm(  900): GC_CONCURRENT freed 614K, 8% free 7285K/7916K, paused 1ms+4ms, total 14ms
07-09 17:58:13.418 W/PackageManager(  900): Library not found: /system/framework/com.android.future.usb.accessory.jar
07-09 17:58:13.429 I/dalvikvm(  900): Zip is good, but no classes.dex inside, and no .odex file in the same directory
07-09 17:58:13.438 W/PackageManager(  900): Exception reading jar: /system/framework/framework-miui-res.apk
07-09 17:58:13.438 W/PackageManager(  900): java.io.IOException: /system/framework/framework-miui-res.apk
07-09 17:58:13.438 W/PackageManager(  900): 	at dalvik.system.DexFile.isDexOptNeeded(Native Method)
07-09 17:58:13.438 W/PackageManager(  900): 	at com.android.server.pm.PackageManagerService.<init>(PackageManagerService.java:1256)
07-09 17:58:13.438 W/PackageManager(  900): 	at com.android.server.pm.PackageManagerService.main(PackageManagerService.java:1052)
07-09 17:58:13.438 W/PackageManager(  900): 	at com.android.server.ServerThread.initAndLoop(SystemServer.java:246)
07-09 17:58:13.438 W/PackageManager(  900): 	at com.android.server.SystemServer.main(SystemServer.java:1195)
07-09 17:58:13.438 W/PackageManager(  900): 	at java.lang.reflect.Method.invokeNative(Native Method)
07-09 17:58:13.438 W/PackageManager(  900): 	at java.lang.reflect.Method.invoke(Method.java:515)
07-09 17:58:13.438 W/PackageManager(  900): 	at com.android.internal.os.ZygoteInit$MethodAndArgsCaller.run(ZygoteInit.java:802)
07-09 17:58:13.438 W/PackageManager(  900): 	at com.android.internal.os.ZygoteInit.main(ZygoteInit.java:618)
07-09 17:58:13.438 W/PackageManager(  900): 	at dalvik.system.NativeStart.main(Native Method)
07-09 17:58:13.445 D/dalvikvm(  900): GC_CONCURRENT freed 326K, 8% free 7351K/7916K, paused 2ms+2ms, total 15ms
07-09 17:58:13.500 W/PackageParser(  900): No actions in intent filter at /system/priv-app/Contacts.apk Binary XML file line #393
07-09 17:58:13.531 D/dalvikvm(  900): GC_CONCURRENT freed 140K, 4% free 7609K/7916K, paused 1ms+1ms, total 17ms
07-09 17:58:13.675 D/dalvikvm(  900): GC_CONCURRENT freed 202K, 3% free 7867K/8088K, paused 2ms+3ms, total 16ms
07-09 17:58:13.736 W/PackageParser(  900): No actions in intent filter at /system/app/Bluetooth.apk Binary XML file line #223
07-09 17:58:13.749 W/ResourceType(  900): Failure getting entry for 0x7f11001e (t=16 e=30) in package 0 (error -75)
07-09 17:58:13.750 W/ResourceType(  900): Failure getting entry for 0x7f110021 (t=16 e=33) in package 0 (error -75)
07-09 17:58:13.750 W/ResourceType(  900): Failure getting entry for 0x7f110044 (t=16 e=68) in package 0 (error -75)
07-09 17:58:13.750 W/ResourceType(  900): Failure getting entry for 0x7f110032 (t=16 e=50) in package 0 (error -75)
07-09 17:58:13.750 W/ResourceType(  900): Failure getting entry for 0x7f11004e (t=16 e=78) in package 0 (error -75)
07-09 17:58:13.750 W/ResourceType(  900): Failure getting entry for 0x7f11004e (t=16 e=78) in package 0 (error -75)
07-09 17:58:13.750 W/ResourceType(  900): Failure getting entry for 0x7f110001 (t=16 e=1) in package 0 (error -75)
07-09 17:58:13.750 W/PackageParser(  900): No actions in intent filter at /system/app/Browser.apk Binary XML file line #182
07-09 17:58:13.774 D/dalvikvm(  900): GC_CONCURRENT freed 200K, 3% free 8074K/8292K, paused 2ms+3ms, total 22ms
07-09 17:58:13.904 D/dalvikvm(  900): GC_CONCURRENT freed 238K, 3% free 8241K/8496K, paused 1ms+3ms, total 21ms
07-09 17:58:13.992 W/ResourceType(  900): Failure getting entry for 0x7f020069 (t=1 e=105) in package 0 (error -75)
07-09 17:58:14.015 W/PackageParser(  900): Unknown element under <application>: uses-feature at /system/app/NvwfdService.apk Binary XML file line #31
07-09 17:58:14.071 D/dalvikvm(  900): GC_CONCURRENT freed 259K, 4% free 8433K/8712K, paused 1ms+2ms, total 32ms
07-09 17:58:14.135 D/PackageManager(  900): No files in app dir /vendor/app
07-09 17:58:14.253 W/PackageManager(  900): Package com.xiaomi.padshop has activity com.alipay.android.mini.window.sdk.MiniPayActivity with priority > 0, forcing to 0
07-09 17:58:14.462 W/PackageParser(  900): Unknown element under <manifest>: meta-data at /data/app/com.evernote-2.apk Binary XML file line #61
07-09 17:58:14.462 W/PackageParser(  900): Unknown element under <manifest>: meta-data at /data/app/com.evernote-2.apk Binary XML file line #64
07-09 17:58:14.473 W/PackageParser(  900): Unknown element under <application>: enable-feature at /data/app/com.evernote-2.apk Binary XML file line #78
07-09 17:58:14.482 W/PackageManager(  900): Package com.evernote desires unavailable shared library com.google.android.maps; ignoring!
07-09 17:58:14.482 W/PackageManager(  900): Package com.evernote desires unavailable shared library com.sonymobile.camera.addon.api; ignoring!
07-09 17:58:14.495 D/dalvikvm(  900): GC_CONCURRENT freed 260K, 4% free 8661K/8944K, paused 2ms+1ms, total 41ms
07-09 17:58:14.640 W/PackageManager(  900): Package com.evernote has activity com.evernote.ui.tablet.NoteListActivity with priority > 0, forcing to 0
07-09 17:58:14.640 W/PackageManager(  900): Package com.evernote has activity com.evernote.ui.GoogleSearchResultRedirectActivity with priority > 0, forcing to 0
07-09 17:58:14.640 W/PackageManager(  900): Package com.evernote has activity com.evernote.ui.tablet.NoteListAloneActivity with priority > 0, forcing to 0
07-09 17:58:14.687 W/PackageManager(  900): Package com.tencent.mobileqqi desires unavailable shared library com.google.android.media.effects; ignoring!
07-09 17:58:14.687 W/PackageManager(  900): Package com.tencent.mobileqqi desires unavailable shared library com.motorola.hardware.frontcamera; ignoring!
07-09 17:58:15.077 W/PackageParser(  900): No actions in intent filter at /data/app/com.sohu.tv-1.apk Binary XML file line #64
07-09 17:58:15.077 W/PackageParser(  900): No actions in intent filter at /data/app/com.sohu.tv-1.apk Binary XML file line #84
07-09 17:58:15.077 W/PackageParser(  900): No actions in intent filter at /data/app/com.sohu.tv-1.apk Binary XML file line #98
07-09 17:58:15.077 W/PackageParser(  900): No actions in intent filter at /data/app/com.sohu.tv-1.apk Binary XML file line #106
07-09 17:58:15.077 W/PackageParser(  900): No actions in intent filter at /data/app/com.sohu.tv-1.apk Binary XML file line #122
07-09 17:58:15.078 W/PackageParser(  900): No actions in intent filter at /data/app/com.sohu.tv-1.apk Binary XML file line #132
07-09 17:58:15.078 W/PackageParser(  900): No actions in intent filter at /data/app/com.sohu.tv-1.apk Binary XML file line #248
07-09 17:58:15.078 W/PackageParser(  900): No actions in intent filter at /data/app/com.sohu.tv-1.apk Binary XML file line #258
07-09 17:58:15.078 W/PackageParser(  900): No actions in intent filter at /data/app/com.sohu.tv-1.apk Binary XML file line #267
07-09 17:58:15.266 W/PackageParser(  900): Unknown element under <manifest>: intent-filter at /data/app/com.funshion.video-1.apk Binary XML file line #176
07-09 17:58:15.616 D/dalvikvm(  900): GC_CONCURRENT freed 197K, 3% free 8938K/9160K, paused 2ms+1ms, total 34ms
07-09 17:58:16.039 W/PackageParser(  900): Unknown element under <manifest>: supports-screenss at /data/app/com.mappn.gfan-1.apk Binary XML file line #22
07-09 17:58:16.078 W/PackageParser(  900): Unknown element under <manifest>: supports-gl-texture at /data/app/com.SpicyHorse.CF-1.apk Binary XML file line #87
07-09 17:58:16.078 W/PackageParser(  900): Unknown element under <manifest>: supports-gl-texture at /data/app/com.SpicyHorse.CF-1.apk Binary XML file line #88
07-09 17:58:16.078 W/PackageParser(  900): Unknown element under <manifest>: supports-gl-texture at /data/app/com.SpicyHorse.CF-1.apk Binary XML file line #89
07-09 17:58:16.078 W/PackageParser(  900): Unknown element under <manifest>: supports-gl-texture at /data/app/com.SpicyHorse.CF-1.apk Binary XML file line #90
07-09 17:58:16.078 W/PackageParser(  900): Unknown element under <manifest>: supports-gl-texture at /data/app/com.SpicyHorse.CF-1.apk Binary XML file line #91
07-09 17:58:16.078 W/PackageParser(  900): Unknown element under <manifest>: supports-gl-texture at /data/app/com.SpicyHorse.CF-1.apk Binary XML file line #92
07-09 17:58:16.078 W/PackageParser(  900): Unknown element under <manifest>: supports-gl-texture at /data/app/com.SpicyHorse.CF-1.apk Binary XML file line #93
07-09 17:58:16.078 W/PackageParser(  900): Unknown element under <manifest>: supports-gl-texture at /data/app/com.SpicyHorse.CF-1.apk Binary XML file line #94
07-09 17:58:16.124 W/PackageParser(  900): Unknown element under <manifest>: meta-data at /data/app/flipboard.cn-2.apk Binary XML file line #42
07-09 17:58:16.171 W/PackageParser(  900): Unknown element under <manifest>: receiver at /data/app/com.madfingergames.deadtrigger-1.apk Binary XML file line #102
07-09 17:58:16.172 W/PackageParser(  900): Unknown element under <manifest>: supports-gl-texture at /data/app/com.madfingergames.deadtrigger-1.apk Binary XML file line #133
07-09 17:58:16.234 W/PackageParser(  900): No actions in intent filter at /data/app/cn.wps.moffice_eng-1.apk Binary XML file line #158
07-09 17:58:16.440 W/PackageParser(  900): Unknown element under <manifest>: supports-gl-texture at /data/app/com.nvidia.tegrazone-2.apk Binary XML file line #15
07-09 17:58:16.440 W/PackageParser(  900): Unknown element under <manifest>: supports-gl-texture at /data/app/com.nvidia.tegrazone-2.apk Binary XML file line #16
07-09 17:58:16.440 W/PackageParser(  900): Unknown element under <manifest>: uses-permission-group at /data/app/com.nvidia.tegrazone-2.apk Binary XML file line #23
07-09 17:58:16.452 D/dalvikvm(  900): GC_CONCURRENT freed 218K, 3% free 9273K/9516K, paused 2ms+13ms, total 40ms
07-09 17:58:16.623 W/PackageManager(  900): Package com.baidu.video.pad desires unavailable shared library com.google.android.maps; ignoring!
07-09 17:58:16.882 W/PackageParser(  900): Problem in package /data/app/com.antutu.ABenchMark-1.apk:
07-09 17:58:16.882 W/PackageParser(  900): Unknown element under <receiver>: permission at /data/app/com.antutu.ABenchMark-1.apk Binary XML file line #395
07-09 17:58:17.145 W/ResourceType(  900): No known package when getting value for resource number 0x060d0047
07-09 17:58:17.146 W/ResourceType(  900): No known package when getting value for resource number 0x060d0047
07-09 17:58:17.146 W/ResourceType(  900): No known package when getting value for resource number 0x060d0047
07-09 17:58:17.146 W/ResourceType(  900): No known package when getting value for resource number 0x060d0047
07-09 17:58:17.146 W/ResourceType(  900): No known package when getting value for resource number 0x060d0047
07-09 17:58:17.243 W/PackageManager(  900): Package com.miui.gallery desires unavailable shared library com.google.android.media.effects; ignoring!
07-09 17:58:17.244 W/PackageManager(  900): Package com.tencent.mobileqqi desires unavailable shared library com.google.android.media.effects; ignoring!
07-09 17:58:17.244 W/PackageManager(  900): Package com.tencent.mobileqqi desires unavailable shared library com.motorola.hardware.frontcamera; ignoring!
07-09 17:58:17.244 W/PackageManager(  900): Package com.baidu.video.pad desires unavailable shared library com.google.android.maps; ignoring!
07-09 17:58:17.244 W/PackageManager(  900): Package com.evernote desires unavailable shared library com.google.android.maps; ignoring!
07-09 17:58:17.244 W/PackageManager(  900): Package com.evernote desires unavailable shared library com.sonymobile.camera.addon.api; ignoring!
07-09 17:58:17.244 W/PackageManager(  900): Package com.android.camera desires unavailable shared library com.google.android.media.effects; ignoring!
07-09 17:58:17.244 I/PackageManager(  900): Time to scan packages: 3.829 seconds
07-09 17:58:17.244 W/PackageManager(  900): Unknown permission android.permission.READ_INTERNAL_STORAGE in package com.miui.gallery
07-09 17:58:17.244 W/PackageManager(  900): Unknown permission android.permission.WRITE_INTERNAL_STORAGE in package com.miui.gallery
07-09 17:58:17.246 W/PackageManager(  900): Unknown permission miui.permission.SHELL in package com.miui.gallery
07-09 17:58:17.246 W/PackageManager(  900): Not granting permission android.permission.MOUNT_UNMOUNT_FILESYSTEMS to package com.sohu.tv (protectionLevel=18 flags=0x8be44)
07-09 17:58:17.248 W/PackageManager(  900): Not granting permission android.permission.MOUNT_UNMOUNT_FILESYSTEMS to package com.popstar2.zplay (protectionLevel=18 flags=0x8be44)
07-09 17:58:17.250 W/PackageManager(  900): Unknown permission com.android.smspush.WAPPUSH_MANAGER_BIND in package com.android.phone
07-09 17:58:17.262 W/PackageManager(  900): Unknown permission android.permission.WRITE_INTERNAL_STORAGE in package com.miui.player
07-09 17:58:17.263 W/PackageManager(  900): Unknown permission adnroid.permission.CHANGE_WIFI_STATE in package com.miui.guardprovider
07-09 17:58:17.264 W/PackageManager(  900): Unknown permission com.google.android.gallery3d.permission.GALLERY_PROVIDER in package com.android.bluetooth
07-09 17:58:17.264 W/PackageManager(  900): Unknown permission com.android.gallery3d.permission.GALLERY_PROVIDER in package com.android.bluetooth
07-09 17:58:17.264 W/PackageManager(  900): Unknown permission android.permission.MMS_SEND_OUTBOX_MSG in package com.android.bluetooth
07-09 17:58:17.264 W/PackageManager(  900): Unknown permission com.google.android.googleapps.permission.GOOGLE_AUTH in package com.android.providers.calendar
07-09 17:58:17.264 W/PackageManager(  900): Unknown permission com.google.android.googleapps.permission.GOOGLE_AUTH.cl in package com.android.providers.calendar
07-09 17:58:17.265 W/PackageManager(  900): Not granting permission android.permission.MANAGE_USERS to package com.android.calendar (protectionLevel=18 flags=0x9be45)
07-09 17:58:17.265 W/PackageManager(  900): Unknown permission com.google.android.googleapps.permission.GOOGLE_AUTH.mail in package com.android.calendar
07-09 17:58:17.265 W/PackageManager(  900): Unknown permission android.permission.ACCESS_COARSE_UPDATES in package com.miui.cloudservice
07-09 17:58:17.265 W/PackageManager(  900): Unknown permission com.xiaomi.permission.ACTIVATE_SIM in package com.miui.cloudservice
07-09 17:58:17.266 W/PackageManager(  900): Unknown permission com.xiaomi.permission.DATA_UPDATE in package com.miui.cloudservice
07-09 17:58:17.266 W/PackageManager(  900): Unknown permission miui.permission.SHELL in package com.miui.cloudservice
07-09 17:58:17.271 W/PackageManager(  900): Unknown permission com.android.vending.CHECK_LICENSE in package com.SpicyHorse.CF
07-09 17:58:17.271 W/PackageManager(  900): Not granting permission android.permission.MOUNT_UNMOUNT_FILESYSTEMS to package com.SpicyHorse.CF (protectionLevel=18 flags=0x8be44)
07-09 17:58:17.271 W/PackageManager(  900): Unknown permission com.android.vending.BILLING in package com.SpicyHorse.CF
07-09 17:58:17.283 D/dalvikvm(  900): GC_CONCURRENT freed 390K, 5% free 9618K/10024K, paused 2ms+2ms, total 33ms
07-09 17:58:17.283 D/dalvikvm(  900): WAIT_FOR_CONCURRENT_GC blocked 12ms
07-09 17:58:17.283 W/PackageManager(  900): Unknown permission android.permission.WRITE_INTERNAL_STORAGE in package com.android.updater
07-09 17:58:17.284 W/PackageManager(  900): Unknown permission miui.permission.SHELL in package com.android.updater
07-09 17:58:17.284 W/PackageManager(  900): Unknown permission com.android.vending.CHECK_LICENSE in package com.madfingergames.deadtrigger
07-09 17:58:17.284 W/PackageManager(  900): Unknown permission com.google.android.c2dm.permission.RECEIVE in package com.madfingergames.deadtrigger
