06-03 16:50:38.153 V/legacy_audio_policy_hal(  202): audio_io_handle_t android_audio_legacy::ap_get_output(audio_policy*, audio_stream_type_t, uint32_t, audio_format_t, audio_channel_mask_t, audio_output_flags_t, const audio_offload_info_t*): tid 202
06-03 16:50:38.153 V/NvAudioPolicyManager(  202): getOutput() stream 1, samplingRate 0, format 0, channelMask 3, flags 0
06-03 16:50:38.153 V/NvAudioPolicyManager(  202): getOutput() returns output 2
06-03 16:50:38.153 V/legacy_audio_policy_hal(  202): audio_io_handle_t android_audio_legacy::ap_get_output(audio_policy*, audio_stream_type_t, uint32_t, audio_format_t, audio_channel_mask_t, audio_output_flags_t, const audio_offload_info_t*): tid 936
06-03 16:50:38.153 V/NvAudioPolicyManager(  202): getOutput() stream 1, samplingRate 44100, format 1, channelMask 1, flags 0
06-03 16:50:38.153 V/NvAudioPolicyManager(  202): getOutput() returns output 2
06-03 16:50:38.154 V/NvAudioPolicyManager(  202): startOutput() output 2, stream 1, session 28
06-03 16:50:38.154 V/AudioPolicyManagerBase(  202): changeRefCount() stream 1, count 1
06-03 16:50:38.154 V/NvAudioPolicyManager(  202): getNewDevice() selected device 8
06-03 16:50:38.154 V/NvAudioPolicyManager(  202): setOutputDevice() output 2 device 0008 delayMs 0
06-03 16:50:38.154 V/NvAudioPolicyManager(  202): setOutputDevice() prevDevice 0008
06-03 16:50:38.154 V/NvAudioPolicyManager(  202): setOutputDevice() setting same device 0008 or null device for output 2
06-03 16:50:38.154 V/nvaudio_hw(  202): nvaudio_dev_set_parameters : nv_param_media_routing=8
06-03 16:50:38.154 V/nvaudio_hw(  202): Media is routed to :8
06-03 16:50:38.154 I/AudioFlinger(  202): setAppName(), name=[system_server], active=[1]
06-03 16:50:38.154 V/EffectDiracSound(  202): DiracSound_command() start, cmdCode=23
06-03 16:50:38.154 V/EffectDiracSound(  202): DiracSound_Command EFFECT_CMD_SET_APP_NAME: stream=1, name=+system_server
06-03 16:50:38.154 I/EffectDiracSound(  202): DiracSound_updateStreamVolume(), stream=1, volume=0.035029
06-03 16:50:38.155 I/UninstallerAppProgress( 3586): Finished uninstalling pkg: com.carrot.carrotfantasy
06-03 16:50:38.156 V/AudioPolicyManagerBase(  202): releaseOutput() 2
06-03 16:50:38.156 V/nvaudio_hw(  202): open_out_alsa_dev
06-03 16:50:38.156 V/nvaudio_hw(  202): get_active_dev_rate : card 1 device 0
06-03 16:50:38.156 V/nvaudio_hw(  202): set_route : dev id 0 ref 1 devices 0x8 -> 0x8
06-03 16:50:38.156 V/nvaudio_hw(  202): Opened Alsa OUT device music with pcm_config
06-03 16:50:38.156 V/nvaudio_hw(  202):  channels 2
06-03 16:50:38.156 V/nvaudio_hw(  202):  rate 48000
06-03 16:50:38.156 V/nvaudio_hw(  202):  format 0
06-03 16:50:38.156 V/nvaudio_hw(  202):  period_size 1024
06-03 16:50:38.156 V/nvaudio_hw(  202):  period_count 4
06-03 16:50:38.156 V/nvaudio_hw(  202):  start_threshold 4095
06-03 16:50:38.156 V/nvaudio_hw(  202):  stop_threshold 4096 
06-03 16:50:38.156 V/nvaudio_hw(  202): silence_threshold 0
06-03 16:50:38.156 V/nvaudio_hw(  202):  avail_min 1
06-03 16:50:38.156 V/nvaudio_hw(  202): set_out_resampler : quality 4
06-03 16:50:38.156 V/nvaudio_hw(  202): No resampler required
06-03 16:50:38.156 V/nvaudio_hw(  202): set_current_route : dev id 0
06-03 16:50:38.156 V/nvaudio_hw(  202): set_route_by_array: mode 0 srate 48000 tags 
06-03 16:50:38.156 V/nvaudio_hw(  202): set_route_by_array: mode 0 srate 48000 tags 
06-03 16:50:38.156 V/nvaudio_hw(  202): Set 'DAC L2 Mux' to 'IF1 DAC' mode = 0 r->mode = 0
06-03 16:50:38.157 V/nvaudio_hw(  202): Set 'DAC R2 Mux' to 'IF1 DAC' mode = 0 r->mode = 0
06-03 16:50:38.157 V/nvaudio_hw(  202): Set 'DA MONOL ASRC Switch' to 'clk_sysy_div_out' mode = 0 r->mode = 0
06-03 16:50:38.157 V/nvaudio_hw(  202): Set 'DA MONOR ASRC Switch' to 'clk_sysy_div_out' mode = 0 r->mode = 0
06-03 16:50:38.157 V/nvaudio_hw(  202): Set 'DAC2 Playback Volume' to 167 mode = 0 r->mode = 0 srate = 48000 r->srate = 0 
06-03 16:50:38.157 V/nvaudio_hw(  202): Set 'DAC2 Playback Volume' to 167 mode = 0 r->mode = 0 srate = 48000 r->srate = 0 
06-03 16:50:38.157 V/nvaudio_hw(  202): Set 'Stereo DAC MIXL DAC L2 Switch' to 1 mode = 0 r->mode = -2 srate = 48000 r->srate = 0 
06-03 16:50:38.157 V/nvaudio_hw(  202): Set 'Stereo DAC MIXR DAC R2 Switch' to 1 mode = 0 r->mode = -2 srate = 48000 r->srate = 0 
06-03 16:50:38.157 V/nvaudio_hw(  202): Set 'HPO MIX DAC1 Switch' to 1 mode = 0 r->mode = -2 srate = 48000 r->srate = 0 
06-03 16:50:38.157 V/nvaudio_hw(  202): Set 'Headphone Jack Switch' to 1 mode = 0 r->mode = -2 srate = 48000 r->srate = 0 
06-03 16:50:38.157 V/nvaudio_hw(  202): send_at_cmd_by_list: type 0
06-03 16:50:38.197 D/wpa_supplicant(  979): wlan0: Control interface command 'SIGNAL_POLL'
06-03 16:50:38.205 D/wpa_supplicant(  979): nl80211: survey data missing!
06-03 16:50:38.222 D/dalvikvm( 3625): GC_CONCURRENT freed 508K, 22% free 7027K/8988K, paused 2ms+1ms, total 13ms
06-03 16:50:38.222 D/dalvikvm( 3625): WAIT_FOR_CONCURRENT_GC blocked 3ms
06-03 16:50:38.258 I/dalvikvm-heap(  904): Grow heap (frag case) to 24.349MB for 496816-byte allocation
06-03 16:50:38.301 D/dalvikvm( 3625): GC_CONCURRENT freed 427K, 22% free 7031K/8988K, paused 1ms+1ms, total 13ms
06-03 16:50:38.332 D/dalvikvm(  904): GC_CONCURRENT freed 2402K, 21% free 20460K/25840K, paused 2ms+3ms, total 74ms
06-03 16:50:38.332 D/dalvikvm(  904): WAIT_FOR_CONCURRENT_GC blocked 70ms
06-03 16:50:38.333 D/dalvikvm(  904): WAIT_FOR_CONCURRENT_GC blocked 66ms
06-03 16:50:38.354 D/PhoneStatusBar(  980): mStatusBarBackgroundNextLevel=2
06-03 16:50:38.354 D/PhoneStatusBar(  980): mStatusBarBackgroundNextLevel=2
06-03 16:50:38.382 D/KInfoc  ( 3480): tableName: cm_act_0 dataString: s=0&uptime2=1401785438
06-03 16:50:38.385 D/KInfoc  ( 3480): Post data via network.
06-03 16:50:38.385 D/KInfoc  ( 3480): Post data on http://infoc2.duba.net/c/
06-03 16:50:38.385 D/KInfoc  ( 3480): Post data on https://cmdts.ksmobile.com/c/
06-03 16:50:38.490 D/PhoneStatusBar(  980): mStatusBarBackgroundNextLevel=2
06-03 16:50:38.580 W/ActivityManager(  904): Unbind failed: could not find connection for android.os.BinderProxy@4267f8d8
06-03 16:50:38.665 I/KInfoc  ( 3480): Post successed, server Priority: 2, table: cm_act_0, last time: 1401785440
06-03 16:50:38.780 D/dalvikvm( 3480): GC_CONCURRENT freed 1194K, 25% free 9964K/13160K, paused 3ms+12ms, total 42ms
06-03 16:50:38.820 W/ContextImpl( 3480): Implicit intents with startService are not safe: Intent { act=com.nvidia.ControllerMapper.START_SERVICE } android.content.ContextWrapper.bindService:517 com.nvidia.ControllerMapper.MapperClient$ServiceClient.connect:587 com.nvidia.ControllerMapper.MapperClient.<init>:91 
06-03 16:50:38.821 I/ActivityManager(  904): Killing 3608:com.android.musicfx/u0a8 (adj 15): empty #7
06-03 16:50:38.822 W/ActivityManager(  904): Unable to start service Intent { act=com.nvidia.ControllerMapper.START_SERVICE } U=0: not found
06-03 16:50:38.994 D/dalvikvm( 3625): GC_CONCURRENT freed 513K, 22% free 7029K/8988K, paused 1ms+0ms, total 16ms
06-03 16:50:38.994 D/dalvikvm( 3625): WAIT_FOR_CONCURRENT_GC blocked 8ms
06-03 16:50:39.115 I/KInfoc  ( 3497): Auto Post
06-03 16:50:39.119 W/Settings( 3497): Setting android_id has moved from android.provider.Settings.System to android.provider.Settings.Secure, returning read-only value.
06-03 16:50:39.124 D/KInfoc  ( 3497): clear batch timer
06-03 16:50:39.124 D/KInfoc  ( 3497): set batch timer
06-03 16:50:39.124 D/KInfoc  ( 3497):  BATCH REPORTER STARTED ........
06-03 16:50:39.124 D/KInfoc  ( 3497):  -> ICH DIR : /data/user/0/com.cleanmaster.mguard_cn/files/infoc_1
06-03 16:50:39.125 D/KInfoc  ( 3497):  * ENCODED HEADER : 105 LIMIT=3072
06-03 16:50:39.129 D/KInfoc  ( 3497):  [ BATCH REPORT ]
06-03 16:50:39.129 D/KInfoc  ( 3497): com.cleanmaster.kinfoc.l@41dfce40
06-03 16:50:39.155 I/AudioFlinger(  202): setAppName(), name=[system_server], active=[0]
06-03 16:50:39.155 V/EffectDiracSound(  202): DiracSound_command() start, cmdCode=23
06-03 16:50:39.155 V/EffectDiracSound(  202): DiracSound_Command EFFECT_CMD_SET_APP_NAME: stream=1, name=-system_server
06-03 16:50:39.155 I/EffectDiracSound(  202): DiracSound_updateStreamVolume(), stream=3, volume=0.088869
06-03 16:50:39.169 V/nvaudio_hw(  202): nvaudio_out_get_latency: latency 85 flags = 2 
06-03 16:50:39.180 V/nvaudio_hw(  202): nvaudio_out_get_latency: latency 85 flags = 2 
06-03 16:50:39.190 V/nvaudio_hw(  202): nvaudio_out_get_latency: latency 85 flags = 2 
06-03 16:50:39.201 V/nvaudio_hw(  202): nvaudio_out_get_latency: latency 85 flags = 2 
06-03 16:50:39.212 V/nvaudio_hw(  202): nvaudio_out_get_latency: latency 85 flags = 2 
06-03 16:50:39.222 V/nvaudio_hw(  202): nvaudio_out_get_latency: latency 85 flags = 2 
06-03 16:50:39.233 V/nvaudio_hw(  202): nvaudio_out_get_latency: latency 85 flags = 2 
06-03 16:50:39.244 V/nvaudio_hw(  202): nvaudio_out_get_latency: latency 85 flags = 2 
06-03 16:50:39.254 V/nvaudio_hw(  202): nvaudio_out_get_latency: latency 85 flags = 2 
06-03 16:50:39.265 V/nvaudio_hw(  202): nvaudio_out_standby
06-03 16:50:39.265 V/nvaudio_hw(  202): close_alsa_dev : active stream count 1
06-03 16:50:39.266 V/NvAudioPolicyManager(  202): stopOutput() output 2, stream 1, session 28
06-03 16:50:39.266 V/AudioPolicyManagerBase(  202): changeRefCount() stream 1, count 0
06-03 16:50:39.266 V/NvAudioPolicyManager(  202): getNewDevice() selected device 0
06-03 16:50:39.266 V/NvAudioPolicyManager(  202): setOutputDevice() output 2 device 0000 delayMs 170
06-03 16:50:39.266 V/NvAudioPolicyManager(  202): setOutputDevice() prevDevice 0008
06-03 16:50:39.266 V/NvAudioPolicyManager(  202): setOutputDevice() setting same device 0000 or null device for output 2
06-03 16:50:39.266 V/nvaudio_hw(  202): nvaudio_dev_set_parameters : nv_param_media_routing=8
06-03 16:50:39.266 V/nvaudio_hw(  202): Media is routed to :8
06-03 16:50:39.288 D/dalvikvm( 3625): GC_CONCURRENT freed 382K, 22% free 7030K/8988K, paused 2ms+0ms, total 10ms
06-03 16:50:39.333 D/PhoneStatusBar(  980): mStatusBarBackgroundNextLevel=2
06-03 16:50:39.343 V/EffectDiracSound(  202): DiracSound_command() start, cmdCode=22
06-03 16:50:39.343 V/EffectDiracSound(  202): DiracSound_Command EFFECT_CMD_SET_AUDIO_STANDBY, current mode = 0
06-03 16:50:39.365 I/dalvikvm-heap(  904): Grow heap (frag case) to 24.337MB for 496816-byte allocation
06-03 16:50:39.464 D/dalvikvm(  904): GC_CONCURRENT freed 2393K, 21% free 20457K/25840K, paused 3ms+3ms, total 99ms
06-03 16:50:39.464 D/dalvikvm(  904): WAIT_FOR_CONCURRENT_GC blocked 72ms
06-03 16:50:39.467 D/dalvikvm(  904): WAIT_FOR_CONCURRENT_GC blocked 74ms
06-03 16:50:39.473 I/RenderThread( 1208): RenderThread resumed
06-03 16:50:39.488 I/ActivityManager(  904): Killing 3639:com.android.defcontainer/u0a3 (adj 15): empty #7
06-03 16:50:39.489 I/NotifierManager( 1208): onRegister: miui.maml.NotifierManager$MultiBroadcastNotifier@41e09c20
06-03 16:50:39.490 I/RenderThread( 1208): Sleep for long time:9223372036854632096 ms
06-03 16:50:39.531 E/!!!!!!! ( 3480): cm_game_interface:showgames=0&allclick=_a&op=0&showicon=0&isFirst=0&interface=2&showtype=4&business=0&num=13&isneedboost=0&environment=z&totalgames=0&source=3&slippage=0&showtime=20598&finalclick=a
06-03 16:50:39.534 D/KInfoc  ( 3480): tableName: cm_game_interface dataString: showgames=0&allclick=_a&op=0&showicon=0&isFirst=0&interface=2&showtype=4&business=0&num=13&isneedboost=0&environment=z&totalgames=0&source=3&slippage=0&showtime=20598&finalclick=a&uptime2=1401785439
06-03 16:50:39.536 D/KInfoc  ( 3480): SAVE ICH : ALL=140 startOffset=108 HL=108 DL=32
06-03 16:50:39.541 D/KInfoc  ( 3480): SAVE ICH : ALL=140 startOffset=108 HL=108 DL=32
06-03 16:50:39.552 I/phs     (  213): Switching governors for usecases: '(none)'
06-03 16:50:39.573 D/dalvikvm( 3480): GC_EXPLICIT freed 411K, 27% free 9652K/13160K, paused 3ms+2ms, total 36ms
06-03 16:50:39.589 W/ActivityManager(  904): Unbind failed: could not find connection for android.os.BinderProxy@427b47f8
06-03 16:50:39.921 I/NotifierManager( 1208): onUnregister: miui.maml.NotifierManager$MultiBroadcastNotifier@41e09c20
06-03 16:50:39.921 I/RenderThread( 1208): RenderThread paused, waiting for signal
06-03 16:50:40.014 I/phs     (  213): Switching governors for usecases: 'graphics'
06-03 16:50:40.016 D/phs:tbc (  213): successfully probed zone cpu trip 84000
06-03 16:50:40.016 D/phs:tbc (  213): successfully probed zone ext trip 47000
06-03 16:50:40.017 I/phs:tbc (  213): Stored ext trip 47000 backed off to 49001
06-03 16:50:40.017 E/phs:util(  213): could not parse integer ""
06-03 16:50:40.125 D/dalvikvm( 3497): GC_CONCURRENT freed 468K, 40% free 7081K/11660K, paused 1ms+1ms, total 17ms
06-03 16:50:40.264 D/dalvikvm( 3625): GC_CONCURRENT freed 508K, 22% free 7034K/8988K, paused 1ms+1ms, total 11ms
06-03 16:50:40.264 D/dalvikvm( 3625): WAIT_FOR_CONCURRENT_GC blocked 4ms
06-03 16:50:40.348 I/RenderThread( 1208): RenderThread resumed
06-03 16:50:40.349 I/NotifierManager( 1208): onRegister: miui.maml.NotifierManager$MultiBroadcastNotifier@41e09c20
06-03 16:50:40.349 I/RenderThread( 1208): Sleep for long time:9223372036854631237 ms
06-03 16:50:40.350 I/RenderThread( 1208): Sleep for long time:9223372036854631236 ms
06-03 16:50:40.398 I/KInfoc  ( 3480): Post successed, server Priority: 1, table: cm_act_8, last time: 1401785442
06-03 16:50:40.401 D/KInfoc  ( 3497):     * SUCCESS
06-03 16:50:40.402 D/KInfoc  ( 3497):  * REPORT SUCCESS : DC+H=11 DC=10 SIZE=493
06-03 16:50:40.648 D/dalvikvm( 3625): GC_CONCURRENT freed 507K, 22% free 7038K/8988K, paused 2ms+1ms, total 12ms
06-03 16:50:40.648 D/dalvikvm( 3625): WAIT_FOR_CONCURRENT_GC blocked 4ms
06-03 16:50:40.672 I/NotifierManager( 1208): onUnregister: miui.maml.NotifierManager$MultiBroadcastNotifier@41e09c20
06-03 16:50:40.672 I/RenderThread( 1208): RenderThread paused, waiting for signal
06-03 16:50:40.815 I/phs     (  213): Switching governors for usecases: '(none)'
06-03 16:50:41.028 I/phs     (  213): Switching governors for usecases: 'graphics'
06-03 16:50:41.029 D/phs:tbc (  213): successfully probed zone cpu trip 84000
06-03 16:50:41.031 D/phs:tbc (  213): successfully probed zone ext trip 47000
06-03 16:50:41.031 I/phs:tbc (  213): Stored ext trip 47000 backed off to 49001
06-03 16:50:41.058 I/RenderThread( 1208): RenderThread resumed
06-03 16:50:41.060 I/NotifierManager( 1208): onRegister: miui.maml.NotifierManager$MultiBroadcastNotifier@41e09c20
06-03 16:50:41.061 I/RenderThread( 1208): Sleep for long time:9223372036854630525 ms
06-03 16:50:41.061 I/RenderThread( 1208): Sleep for long time:9223372036854630525 ms
06-03 16:50:41.121 D/dalvikvm( 3625): GC_CONCURRENT freed 392K, 22% free 7042K/8988K, paused 1ms+2ms, total 12ms
06-03 16:50:41.209 D/wpa_supplicant(  979): wlan0: Control interface command 'SIGNAL_POLL'
06-03 16:50:41.216 D/wpa_supplicant(  979): nl80211: survey data missing!
06-03 16:50:41.550 I/KInfoc  ( 3480): Post successed, server Priority: 1, table: cm_act_0, last time: 1401785443
06-03 16:50:41.628 I/phs     (  213): Switching governors for usecases: '(none)'
06-03 16:50:41.669 D/dalvikvm( 3625): GC_CONCURRENT freed 500K, 22% free 7046K/8988K, paused 2ms+0ms, total 10ms
06-03 16:50:42.403 D/KInfoc  ( 3497):  -> ICH DIR : /data/user/0/com.cleanmaster.mguard_cn/files/infoc_2
06-03 16:50:42.404 D/KInfoc  ( 3497):  * ENCODED HEADER : 105 LIMIT=3072
06-03 16:50:42.414 D/KInfoc  ( 3497):  [ BATCH REPORT ]
06-03 16:50:42.414 D/KInfoc  ( 3497): com.cleanmaster.kinfoc.l@42001138
06-03 16:50:42.456 D/KInfoc  ( 3497):     * SUCCESS
06-03 16:50:42.457 D/KInfoc  ( 3497):  * REPORT SUCCESS : DC+H=12 DC=11 SIZE=525
06-03 16:50:42.526 D/dalvikvm( 3625): GC_CONCURRENT freed 386K, 22% free 7043K/8988K, paused 1ms+1ms, total 10ms
06-03 16:50:42.746 D/dalvikvm( 3625): GC_CONCURRENT freed 381K, 22% free 7099K/8988K, paused 2ms+0ms, total 15ms
06-03 16:50:42.909 D/dalvikvm( 3625): GC_CONCURRENT freed 434K, 22% free 7048K/8988K, paused 2ms+1ms, total 11ms
06-03 16:50:43.063 D/dalvikvm( 3625): GC_CONCURRENT freed 381K, 22% free 7051K/8988K, paused 2ms+0ms, total 13ms
06-03 16:50:43.143 D/dalvikvm( 3625): GC_CONCURRENT freed 384K, 22% free 7051K/8988K, paused 2ms+0ms, total 10ms
06-03 16:50:43.444 I/NotifierManager( 1208): onUnregister: miui.maml.NotifierManager$MultiBroadcastNotifier@41e09c20
06-03 16:50:43.444 I/RenderThread( 1208): RenderThread paused, waiting for signal
06-03 16:50:43.514 I/RenderThread( 1208): RenderThread resumed
06-03 16:50:43.514 I/NotifierManager( 1208): onRegister: miui.maml.NotifierManager$MultiBroadcastNotifier@41e09c20
06-03 16:50:43.515 I/RenderThread( 1208): Sleep for long time:9223372036854628071 ms
06-03 16:50:43.545 I/ActivityManager(  904): START u0 {act=android.intent.action.MAIN cat=[android.intent.category.LAUNCHER] flg=0x10200000 cmp=com.frozenbyte.Trine2/com.frozenbyte.game.Downloader bnds=[503,1473][671,1641]} from pid 1208
06-03 16:50:43.547 V/legacy_audio_policy_hal(  202): audio_io_handle_t android_audio_legacy::ap_get_output(audio_policy*, audio_stream_type_t, uint32_t, audio_format_t, audio_channel_mask_t, audio_output_flags_t, const audio_offload_info_t*): tid 937
06-03 16:50:43.547 V/NvAudioPolicyManager(  202): getOutput() stream 1, samplingRate 0, format 0, channelMask 3, flags 0
06-03 16:50:43.547 V/NvAudioPolicyManager(  202): getOutput() returns output 2
06-03 16:50:43.547 V/legacy_audio_policy_hal(  202): audio_io_handle_t android_audio_legacy::ap_get_output(audio_policy*, audio_stream_type_t, uint32_t, audio_format_t, audio_channel_mask_t, audio_output_flags_t, const audio_offload_info_t*): tid 936
06-03 16:50:43.547 V/NvAudioPolicyManager(  202): getOutput() stream 1, samplingRate 0, format 0, channelMask 3, flags 0
06-03 16:50:43.547 V/NvAudioPolicyManager(  202): getOutput() returns output 2
06-03 16:50:43.547 V/legacy_audio_policy_hal(  202): audio_io_handle_t android_audio_legacy::ap_get_output(audio_policy*, audio_stream_type_t, uint32_t, audio_format_t, audio_channel_mask_t, audio_output_flags_t, const audio_offload_info_t*): tid 202
06-03 16:50:43.547 V/NvAudioPolicyManager(  202): getOutput() stream 1, samplingRate 0, format 0, channelMask 3, flags 0
06-03 16:50:43.547 V/NvAudioPolicyManager(  202): getOutput() returns output 2
06-03 16:50:43.548 V/legacy_audio_policy_hal(  202): audio_io_handle_t android_audio_legacy::ap_get_output(audio_policy*, audio_stream_type_t, uint32_t, audio_format_t, audio_channel_mask_t, audio_output_flags_t, const audio_offload_info_t*): tid 937
06-03 16:50:43.548 V/NvAudioPolicyManager(  202): getOutput() stream 1, samplingRate 44100, format 1, channelMask 1, flags 0
06-03 16:50:43.548 V/NvAudioPolicyManager(  202): getOutput() returns output 2
06-03 16:50:43.548 V/NvAudioPolicyManager(  202): startOutput() output 2, stream 1, session 29
06-03 16:50:43.548 V/AudioPolicyManagerBase(  202): changeRefCount() stream 1, count 1
06-03 16:50:43.548 V/NvAudioPolicyManager(  202): getNewDevice() selected device 8
06-03 16:50:43.548 V/NvAudioPolicyManager(  202): setOutputDevice() output 2 device 0008 delayMs 0
06-03 16:50:43.548 V/NvAudioPolicyManager(  202): setOutputDevice() prevDevice 0008
06-03 16:50:43.548 V/NvAudioPolicyManager(  202): setOutputDevice() setting same device 0008 or null device for output 2
06-03 16:50:43.548 V/nvaudio_hw(  202): nvaudio_dev_set_parameters : nv_param_media_routing=8
06-03 16:50:43.548 V/nvaudio_hw(  202): Media is routed to :8
06-03 16:50:43.549 I/AudioFlinger(  202): setAppName(), name=[system_server], active=[1]
06-03 16:50:43.549 V/EffectDiracSound(  202): DiracSound_command() start, cmdCode=23
06-03 16:50:43.549 V/EffectDiracSound(  202): DiracSound_Command EFFECT_CMD_SET_APP_NAME: stream=1, name=+system_server
06-03 16:50:43.549 I/EffectDiracSound(  202): DiracSound_updateStreamVolume(), stream=1, volume=0.035029
06-03 16:50:43.550 V/nvaudio_hw(  202): open_out_alsa_dev
06-03 16:50:43.550 V/nvaudio_hw(  202): get_active_dev_rate : card 1 device 0
06-03 16:50:43.550 V/nvaudio_hw(  202): set_route : dev id 0 ref 1 devices 0x8 -> 0x8
06-03 16:50:43.550 V/AudioPolicyManagerBase(  202): releaseOutput() 2
06-03 16:50:43.551 V/nvaudio_hw(  202): Opened Alsa OUT device music with pcm_config
06-03 16:50:43.551 V/nvaudio_hw(  202):  channels 2
06-03 16:50:43.551 V/nvaudio_hw(  202):  rate 48000
06-03 16:50:43.551 V/nvaudio_hw(  202):  format 0
06-03 16:50:43.551 V/nvaudio_hw(  202):  period_size 1024
06-03 16:50:43.551 V/nvaudio_hw(  202):  period_count 4
06-03 16:50:43.551 V/nvaudio_hw(  202):  start_threshold 4095
06-03 16:50:43.551 V/nvaudio_hw(  202):  stop_threshold 4096 
06-03 16:50:43.551 V/nvaudio_hw(  202): silence_threshold 0
06-03 16:50:43.551 V/nvaudio_hw(  202):  avail_min 1
06-03 16:50:43.551 V/nvaudio_hw(  202): set_out_resampler : quality 4
06-03 16:50:43.551 V/nvaudio_hw(  202): No resampler required
06-03 16:50:43.551 V/nvaudio_hw(  202): set_current_route : dev id 0
06-03 16:50:43.551 V/nvaudio_hw(  202): set_route_by_array: mode 0 srate 48000 tags 
06-03 16:50:43.551 V/nvaudio_hw(  202): set_route_by_array: mode 0 srate 48000 tags 
06-03 16:50:43.551 V/nvaudio_hw(  202): Set 'DAC L2 Mux' to 'IF1 DAC' mode = 0 r->mode = 0
06-03 16:50:43.551 V/nvaudio_hw(  202): Set 'DAC R2 Mux' to 'IF1 DAC' mode = 0 r->mode = 0
06-03 16:50:43.551 V/nvaudio_hw(  202): Set 'DA MONOL ASRC Switch' to 'clk_sysy_div_out' mode = 0 r->mode = 0
06-03 16:50:43.551 V/nvaudio_hw(  202): Set 'DA MONOR ASRC Switch' to 'clk_sysy_div_out' mode = 0 r->mode = 0
06-03 16:50:43.551 V/nvaudio_hw(  202): Set 'DAC2 Playback Volume' to 167 mode = 0 r->mode = 0 srate = 48000 r->srate = 0 
06-03 16:50:43.551 V/nvaudio_hw(  202): Set 'DAC2 Playback Volume' to 167 mode = 0 r->mode = 0 srate = 48000 r->srate = 0 
06-03 16:50:43.551 V/nvaudio_hw(  202): Set 'Stereo DAC MIXL DAC L2 Switch' to 1 mode = 0 r->mode = -2 srate = 48000 r->srate = 0 
06-03 16:50:43.551 V/nvaudio_hw(  202): Set 'Stereo DAC MIXR DAC R2 Switch' to 1 mode = 0 r->mode = -2 srate = 48000 r->srate = 0 
06-03 16:50:43.551 V/nvaudio_hw(  202): Set 'HPO MIX DAC1 Switch' to 1 mode = 0 r->mode = -2 srate = 48000 r->srate = 0 
06-03 16:50:43.551 V/nvaudio_hw(  202): Set 'Headphone Jack Switch' to 1 mode = 0 r->mode = -2 srate = 48000 r->srate = 0 
06-03 16:50:43.551 V/nvaudio_hw(  202): send_at_cmd_by_list: type 0
06-03 16:50:43.551 I/dalvikvm-heap(  904): Grow heap (frag case) to 24.332MB for 496816-byte allocation
06-03 16:50:43.594 I/ActivityManager(  904): Start proc com.frozenbyte.Trine2 for activity com.frozenbyte.Trine2/com.frozenbyte.game.Downloader: pid=3754 uid=10117 gids={50117, 3003, 1028, 1015}
06-03 16:50:43.597 I/NotifierManager( 1208): onUnregister: miui.maml.NotifierManager$MultiBroadcastNotifier@41e09c20
06-03 16:50:43.599 I/RenderThread( 1208): RenderThread paused, waiting for signal
06-03 16:50:43.721 I/ActivityManager(  904): Config changes=480 {1.0 ?mcc?mnc zh_CN ldltr sw768dp w1024dp h743dp 320dpi xlrg land finger -keyb/v/h -nav/h s.5 themeChanged=0 themeChangedFlags=0}
06-03 16:50:43.729 I/InputReader(  904): Reconfiguring input devices.  changes=0x00000004
06-03 16:50:43.729 I/InputReader(  904): Device reconfigured: id=2, name='atmel-maxtouch', size 1536x2048, orientation 1, mode 1, display id 0
06-03 16:50:43.732 I/InputReader(  904): Setting mIIRLowPassFactor from property to 1.000000
06-03 16:50:43.732 I/InputReader(  904): Setting mPressureEBC from property to 0.000000
06-03 16:50:43.733 D/dalvikvm(  904): GC_CONCURRENT freed 1915K, 14% free 22339K/25840K, paused 3ms+20ms, total 175ms
06-03 16:50:43.769 W/NvAppProfileService(  904): App Profiles: Enabled
06-03 16:50:43.782 I/PowerServiceCient(  904): Successfully bound to service
06-03 16:50:43.937 I/RenderThread( 1208): RenderThread resumed
06-03 16:50:43.938 I/NotifierManager( 1208): onRegister: miui.maml.NotifierManager$MultiBroadcastNotifier@41e09c20
06-03 16:50:43.939 I/RenderThread( 1208): Sleep for long time:9223372036854627647 ms
06-03 16:50:43.957 W/ActivityManager(  904): Unbind failed: could not find connection for android.os.BinderProxy@42745280
06-03 16:50:44.008 I/RenderThread( 1208): Sleep for long time:9223372036854627579 ms
06-03 16:50:44.034 D/PhoneStatusBar(  980): mStatusBarBackgroundNextLevel=0
06-03 16:50:44.188 I/dalvikvm-heap( 3754): Grow heap (frag case) to 11.082MB for 3686416-byte allocation
06-03 16:50:44.219 D/wpa_supplicant(  979): wlan0: Control interface command 'SIGNAL_POLL'
06-03 16:50:44.227 D/wpa_supplicant(  979): nl80211: survey data missing!
06-03 16:50:44.356 E/cutils  (  195): Failed to mkdirat(/storage/sdcard1/Android): Read-only file system
06-03 16:50:44.356 W/Vold    (  195): Returning OperationFailed - no handler for errno 30
06-03 16:50:44.358 W/ContextImpl( 3754): Failed to ensure directory: /storage/sdcard1/Android/obb/com.frozenbyte.Trine2
06-03 16:50:44.363 E/cutils  (  195): Failed to mkdirat(/storage/sdcard1/Android): Read-only file system
06-03 16:50:44.363 W/Vold    (  195): Returning OperationFailed - no handler for errno 30
06-03 16:50:44.364 W/ContextImpl( 3754): Failed to ensure directory: /storage/sdcard1/Android/obb/com.frozenbyte.Trine2
06-03 16:50:44.369 D/dalvikvm( 3625): GC_CONCURRENT freed 412K, 22% free 7035K/8988K, paused 3ms+1ms, total 12ms
06-03 16:50:44.385 D/libEGL  ( 3754): loaded /system/lib/egl/libEGL_tegra.so
06-03 16:50:44.385 I/        ( 3754): Attempting to load EGL implementation libEGL_tegra_impl
06-03 16:50:44.502 I/        ( 3754): Loaded EGL implementation libEGL_tegra_impl
06-03 16:50:44.503 D/libEGL  ( 3754): loaded /system/lib/egl/libGLESv1_CM_tegra.so
06-03 16:50:44.504 D/libEGL  ( 3754): loaded /system/lib/egl/libGLESv2_tegra.so
06-03 16:50:44.550 I/AudioFlinger(  202): setAppName(), name=[system_server], active=[0]
06-03 16:50:44.550 V/EffectDiracSound(  202): DiracSound_command() start, cmdCode=23
06-03 16:50:44.550 V/EffectDiracSound(  202): DiracSound_Command EFFECT_CMD_SET_APP_NAME: stream=1, name=-system_server
06-03 16:50:44.550 I/EffectDiracSound(  202): DiracSound_updateStreamVolume(), stream=3, volume=0.088869
06-03 16:50:44.558 V/nvaudio_hw(  202): nvaudio_out_get_latency: latency 85 flags = 2 
06-03 16:50:44.569 V/nvaudio_hw(  202): nvaudio_out_get_latency: latency 85 flags = 2 
06-03 16:50:44.580 V/nvaudio_hw(  202): nvaudio_out_get_latency: latency 85 flags = 2 
06-03 16:50:44.590 V/nvaudio_hw(  202): nvaudio_out_get_latency: latency 85 flags = 2 
06-03 16:50:44.601 V/nvaudio_hw(  202): nvaudio_out_get_latency: latency 85 flags = 2 
06-03 16:50:44.612 V/nvaudio_hw(  202): nvaudio_out_get_latency: latency 85 flags = 2 
06-03 16:50:44.614 I/KInfoc  ( 3497): Auto Post
06-03 16:50:44.623 V/nvaudio_hw(  202): nvaudio_out_get_latency: latency 85 flags = 2 
06-03 16:50:44.633 V/nvaudio_hw(  202): nvaudio_out_get_latency: latency 85 flags = 2 
06-03 16:50:44.644 V/nvaudio_hw(  202): nvaudio_out_get_latency: latency 85 flags = 2 
06-03 16:50:44.654 V/nvaudio_hw(  202): nvaudio_out_standby
06-03 16:50:44.654 V/nvaudio_hw(  202): close_alsa_dev : active stream count 1
06-03 16:50:44.656 V/NvAudioPolicyManager(  202): stopOutput() output 2, stream 1, session 29
06-03 16:50:44.656 V/AudioPolicyManagerBase(  202): changeRefCount() stream 1, count 0
06-03 16:50:44.656 V/NvAudioPolicyManager(  202): getNewDevice() selected device 0
06-03 16:50:44.656 V/NvAudioPolicyManager(  202): setOutputDevice() output 2 device 0000 delayMs 170
06-03 16:50:44.656 V/NvAudioPolicyManager(  202): setOutputDevice() prevDevice 0008
06-03 16:50:44.656 V/NvAudioPolicyManager(  202): setOutputDevice() setting same device 0000 or null device for output 2
06-03 16:50:44.656 V/nvaudio_hw(  202): nvaudio_dev_set_parameters : nv_param_media_routing=8
06-03 16:50:44.656 V/nvaudio_hw(  202): Media is routed to :8
06-03 16:50:44.735 V/EffectDiracSound(  202): DiracSound_command() start, cmdCode=22
06-03 16:50:44.735 V/EffectDiracSound(  202): DiracSound_Command EFFECT_CMD_SET_AUDIO_STANDBY, current mode = 0
06-03 16:50:44.814 D/dalvikvm( 3625): GC_CONCURRENT freed 386K, 22% free 7033K/8988K, paused 2ms+1ms, total 11ms
06-03 16:50:44.864 I/        ( 3754): Loading GLESv2 implementation libGLESv2_tegra_impl
06-03 16:50:44.868 D/OpenGLRenderer( 3754): Enabling debug mode 0
06-03 16:50:44.921 I/ActivityManager(  904): Displayed com.frozenbyte.Trine2/com.frozenbyte.game.Downloader: +1s337ms
06-03 16:50:44.923 W/ContextImpl( 3754): Implicit intents with startService are not safe: Intent { act=com.nvidia.ControllerMapper.START_SERVICE } android.content.ContextWrapper.bindService:517 com.nvidia.ControllerMapper.MapperClient$ServiceClient.connect:587 com.nvidia.ControllerMapper.MapperClient.<init>:91 
06-03 16:50:44.923 W/ActivityManager(  904): Unable to start service Intent { act=com.nvidia.ControllerMapper.START_SERVICE } U=0: not found
06-03 16:50:44.940 I/WindowManager(  904): Screen frozen for +1s307ms due to Window{42538f98 u0 Starting com.frozenbyte.Trine2}
06-03 16:50:45.447 D/dalvikvm( 3625): GC_CONCURRENT freed 506K, 22% free 7038K/8988K, paused 1ms+0ms, total 9ms
06-03 16:50:45.447 D/dalvikvm( 3625): WAIT_FOR_CONCURRENT_GC blocked 2ms
06-03 16:50:45.572 D/dalvikvm( 3625): GC_CONCURRENT freed 401K, 22% free 7040K/8988K, paused 2ms+1ms, total 13ms
06-03 16:50:45.611 D/dalvikvm( 3625): GC_CONCURRENT freed 467K, 22% free 7045K/8988K, paused 2ms+1ms, total 11ms
06-03 16:50:45.744 D/dalvikvm( 3625): GC_CONCURRENT freed 451K, 22% free 7045K/8988K, paused 0ms+2ms, total 13ms
06-03 16:50:45.986 D/dalvikvm( 3625): GC_CONCURRENT freed 384K, 22% free 7045K/8988K, paused 2ms+1ms, total 12ms
06-03 16:50:46.332 D/dalvikvm( 3625): GC_CONCURRENT freed 433K, 22% free 7048K/8988K, paused 2ms+1ms, total 13ms
06-03 16:50:46.427 D/dalvikvm( 3625): GC_CONCURRENT freed 382K, 22% free 7049K/8988K, paused 2ms+0ms, total 10ms
06-03 16:50:46.919 D/dalvikvm( 3625): GC_CONCURRENT freed 382K, 22% free 7050K/8988K, paused 2ms+1ms, total 16ms
06-03 16:50:47.038 D/dalvikvm(  904): GC_EXPLICIT freed 2256K, 19% free 21069K/25840K, paused 4ms+6ms, total 87ms
06-03 16:50:47.231 D/wpa_supplicant(  979): wlan0: Control interface command 'SIGNAL_POLL'
06-03 16:50:47.238 D/wpa_supplicant(  979): nl80211: survey data missing!
06-03 16:50:47.240 W/BroadcastQueue(  904): Unable to launch app com.fone.player/10155 for broadcast Intent { act=android.net.wifi.RSSI_CHANGED flg=0x4000010 (has extras) }: process is not permitted to autostart
06-03 16:50:47.240 W/BroadcastQueue(  904): Unable to launch app com.manle.phone.android.yaodian/10169 for broadcast Intent { act=android.net.wifi.RSSI_CHANGED flg=0x4000010 (has extras) }: process is not permitted to autostart
06-03 16:50:47.240 W/BroadcastQueue(  904): Unable to launch app com.manle.phone.android.yaodian/10169 for broadcast Intent { act=android.net.wifi.RSSI_CHANGED flg=0x4000010 (has extras) }: process is not permitted to autostart
06-03 16:50:47.377 D/dalvikvm( 3625): GC_CONCURRENT freed 506K, 22% free 7056K/8988K, paused 0ms+0ms, total 9ms
06-03 16:50:47.377 D/dalvikvm( 3625): WAIT_FOR_CONCURRENT_GC blocked 3ms
06-03 16:50:47.678 D/dalvikvm( 3625): GC_CONCURRENT freed 385K, 22% free 7055K/8988K, paused 2ms+1ms, total 10ms
06-03 16:50:47.875 D/dalvikvm( 3625): GC_CONCURRENT freed 381K, 22% free 7058K/8988K, paused 1ms+1ms, total 10ms
06-03 16:50:48.055 D/dalvikvm( 3625): GC_CONCURRENT freed 383K, 22% free 7058K/8988K, paused 1ms+1ms, total 10ms
06-03 16:50:48.242 D/dalvikvm( 3625): GC_CONCURRENT freed 387K, 22% free 7056K/8988K, paused 2ms+1ms, total 15ms
06-03 16:50:48.395 D/dalvikvm( 3625): GC_CONCURRENT freed 380K, 22% free 7060K/8988K, paused 1ms+1ms, total 11ms
06-03 16:50:48.515 D/dalvikvm( 3625): GC_CONCURRENT freed 382K, 22% free 7063K/8988K, paused 2ms+1ms, total 11ms
06-03 16:50:48.620 D/dalvikvm( 3625): GC_CONCURRENT freed 433K, 22% free 7064K/8988K, paused 2ms+1ms, total 13ms
06-03 16:50:48.786 W/ContextImpl(  904): Calling a method in the system process without a qualified user: android.app.ContextImpl.sendBroadcast:1123 com.android.internal.policy.impl.BaseMiuiPhoneWindowManager.interceptKeyBeforeQueueing:500 com.android.server.wm.InputMonitor.interceptKeyBeforeQueueing:393 com.android.server.input.InputManagerService.interceptKeyBeforeQueueing:1710 dalvik.system.NativeStart.run:-2 
06-03 16:50:48.829 D/dalvikvm( 3625): GC_CONCURRENT freed 380K, 22% free 7068K/8988K, paused 1ms+1ms, total 10ms
06-03 16:50:48.904 I/PowerManagerService(  904): Going to sleep by user request...
06-03 16:50:48.943 E/cutils  (  195): Failed to mkdirat(/storage/sdcard1/Android): Read-only file system
06-03 16:50:48.943 W/Vold    (  195): Returning OperationFailed - no handler for errno 30
06-03 16:50:48.944 W/ContextImpl( 3497): Failed to ensure directory: /storage/sdcard1/Android/data/com.cleanmaster.mguard_cn/files
06-03 16:50:48.985 D/SensorHAL(  904): isl29035: power-off.
06-03 16:50:49.053 I/        (  904): Loading GLESv1_CM implementation libGLESv1_CM_tegra_impl
06-03 16:50:49.168 I/phs     (  213): Switching governors for usecases: 'graphics'
06-03 16:50:49.169 D/phs:tbc (  213): successfully probed zone cpu trip 84000
06-03 16:50:49.170 D/phs:tbc (  213): successfully probed zone ext trip 47000
06-03 16:50:49.176 I/phs:tbc (  213): Stored ext trip 47000 backed off to 49001
06-03 16:50:49.203 I/phs     (  213): Switching governors for usecases: '(none)'
06-03 16:50:49.257 I/phs     (  213): Switching governors for usecases: 'graphics'
06-03 16:50:49.259 D/phs:tbc (  213): successfully probed zone cpu trip 84000
06-03 16:50:49.259 D/phs:tbc (  213): successfully probed zone ext trip 47000
06-03 16:50:49.259 I/phs:tbc (  213): Stored ext trip 47000 backed off to 49001
06-03 16:50:49.303 I/phs     (  213): Switching governors for usecases: '(none)'
06-03 16:50:49.359 I/phs     (  213): Switching governors for usecases: 'graphics'
06-03 16:50:49.361 D/phs:tbc (  213): successfully probed zone cpu trip 84000
06-03 16:50:49.361 D/phs:tbc (  213): successfully probed zone ext trip 47000
06-03 16:50:49.361 I/phs:tbc (  213): Stored ext trip 47000 backed off to 49001
06-03 16:50:49.404 I/phs     (  213): Switching governors for usecases: '(none)'
06-03 16:50:49.461 I/phs     (  213): Switching governors for usecases: 'graphics'
06-03 16:50:49.463 D/phs:tbc (  213): successfully probed zone cpu trip 84000
06-03 16:50:49.464 D/phs:tbc (  213): successfully probed zone ext trip 47000
06-03 16:50:49.464 I/phs:tbc (  213): Stored ext trip 47000 backed off to 49001
06-03 16:50:49.503 I/phs     (  213): Switching governors for usecases: '(none)'
06-03 16:50:49.561 I/phs     (  213): Switching governors for usecases: 'graphics'
06-03 16:50:49.562 D/phs:tbc (  213): successfully probed zone cpu trip 84000
06-03 16:50:49.563 D/phs:tbc (  213): successfully probed zone ext trip 47000
06-03 16:50:49.563 I/phs:tbc (  213): Stored ext trip 47000 backed off to 49001
06-03 16:50:49.604 I/phs     (  213): Switching governors for usecases: '(none)'
06-03 16:50:49.614 V/KeyguardServiceDelegate(  904): onScreenTurnedOn(showListener = com.android.internal.policy.impl.PhoneWindowManager$17@425ed1c0)
06-03 16:50:49.622 V/KeyguardServiceDelegate(  904): **** SHOWN CALLED ****
06-03 16:50:49.622 I/WindowManager(  904): No lock screen! windowToken=null
06-03 16:50:49.623 D/SurfaceFlinger(  199): Screen released, type=0 flinger=0xb7696450
06-03 16:50:49.623 D/hwcomposer(  199): hwc_blank: display 0: blank
06-03 16:50:49.623 D/hwcomposer(  199): hwc_blank_display: display 0: [0 -> 1]
06-03 16:50:49.623 D/hwcomposer(  199): dc_blank: display 0, [0 -> 1]
06-03 16:50:49.634 D/wpa_supplicant(  979): wlan0: Control interface command 'SIGNAL_POLL'
06-03 16:50:49.636 E/WifiController(  904): Not handled here 155650
06-03 16:50:49.636 V/nvaudio_hw(  202): nvaudio_dev_set_parameters : screen_state=on
06-03 16:50:49.641 D/wpa_supplicant(  979): nl80211: survey data missing!
06-03 16:50:49.651 W/Settings( 3497): Setting android_id has moved from android.provider.Settings.System to android.provider.Settings.Secure, returning read-only value.
06-03 16:50:49.665 E/app2sd  ( 3480): GET ROOT = false
06-03 16:50:49.669 W/Settings( 3480): Setting android_id has moved from android.provider.Settings.System to android.provider.Settings.Secure, returning read-only value.
06-03 16:50:49.676 I/cm.log.uipro( 3480): [TB]/ (1107727744)start: AppUninstScanTask
06-03 16:50:49.692 D/wpa_supplicant(  979): wlan0: Control interface command 'SCAN TYPE=ONLY'
06-03 16:50:49.712 D/wpa_supplicant(  979): wlan0: Setting scan request: 0 sec 0 usec
06-03 16:50:49.712 D/wpa_supplicant(  979): Scan SSID - hexdump(len=12): 4e 45 54 47 45 41 52 2d 57 54 58 47
06-03 16:50:49.712 D/wpa_supplicant(  979): wlan0: Starting AP scan for wildcard SSID
06-03 16:50:49.712 D/wpa_supplicant(  979): P2P: * Listen Channel: Regulatory Class 81 Channel 11
06-03 16:50:49.713 D/wpa_supplicant(  979): wlan0: nl80211: scan request
06-03 16:50:49.723 D/wpa_supplicant(  979): Scan requested (ret=0) - scan timeout 30 seconds
06-03 16:50:49.723 D/wpa_supplicant(  979): nl80211: Drv Event 33 (NL80211_CMD_TRIGGER_SCAN) received for wlan0
06-03 16:50:49.723 D/wpa_supplicant(  979): wlan0: nl80211: Scan trigger
06-03 16:50:49.759 D/dalvikvm( 3497): GC_CONCURRENT freed 406K, 40% free 7094K/11656K, paused 2ms+8ms, total 26ms
06-03 16:50:49.760 D/AbstractScreenOnProximityLock(  904): try to release
06-03 16:50:49.765 E/WifiController(  904): Not handled here 155651
06-03 16:50:49.766 D/wpa_supplicant(  979): wlan0: Control interface command 'DRIVER SETSUSPENDMODE 1'
06-03 16:50:49.768 V/nvaudio_hw(  202): nvaudio_dev_set_parameters : screen_state=off
06-03 16:50:49.772 D/wpa_supplicant(  979): wpa_driver_nl80211_driver_cmd  len = 0, 0
06-03 16:50:49.774 V/legacy_audio_policy_hal(  202): audio_io_handle_t android_audio_legacy::ap_get_output(audio_policy*, audio_stream_type_t, uint32_t, audio_format_t, audio_channel_mask_t, audio_output_flags_t, const audio_offload_info_t*): tid 202
06-03 16:50:49.774 V/NvAudioPolicyManager(  202): getOutput() stream 1, samplingRate 0, format 0, channelMask 3, flags 0
06-03 16:50:49.774 V/NvAudioPolicyManager(  202): getOutput() returns output 2
06-03 16:50:49.774 V/legacy_audio_policy_hal(  202): audio_io_handle_t android_audio_legacy::ap_get_output(audio_policy*, audio_stream_type_t, uint32_t, audio_format_t, audio_channel_mask_t, audio_output_flags_t, const audio_offload_info_t*): tid 937
06-03 16:50:49.774 V/NvAudioPolicyManager(  202): getOutput() stream 1, samplingRate 0, format 0, channelMask 3, flags 0
06-03 16:50:49.774 V/NvAudioPolicyManager(  202): getOutput() returns output 2
06-03 16:50:49.774 V/legacy_audio_policy_hal(  202): audio_io_handle_t android_audio_legacy::ap_get_output(audio_policy*, audio_stream_type_t, uint32_t, audio_format_t, audio_channel_mask_t, audio_output_flags_t, const audio_offload_info_t*): tid 936
06-03 16:50:49.774 V/NvAudioPolicyManager(  202): getOutput() stream 1, samplingRate 0, format 0, channelMask 3, flags 0
06-03 16:50:49.774 V/NvAudioPolicyManager(  202): getOutput() returns output 2
06-03 16:50:49.774 V/legacy_audio_policy_hal(  202): audio_io_handle_t android_audio_legacy::ap_get_output(audio_policy*, audio_stream_type_t, uint32_t, audio_format_t, audio_channel_mask_t, audio_output_flags_t, const audio_offload_info_t*): tid 202
06-03 16:50:49.774 V/NvAudioPolicyManager(  202): getOutput() stream 1, samplingRate 44100, format 1, channelMask 1, flags 0
06-03 16:50:49.774 V/NvAudioPolicyManager(  202): getOutput() returns output 2
06-03 16:50:49.775 V/NvAudioPolicyManager(  202): startOutput() output 2, stream 1, session 30
06-03 16:50:49.775 V/AudioPolicyManagerBase(  202): changeRefCount() stream 1, count 1
06-03 16:50:49.775 V/NvAudioPolicyManager(  202): getNewDevice() selected device 8
06-03 16:50:49.775 V/NvAudioPolicyManager(  202): setOutputDevice() output 2 device 0008 delayMs 0
06-03 16:50:49.775 V/NvAudioPolicyManager(  202): setOutputDevice() prevDevice 0008
06-03 16:50:49.775 V/NvAudioPolicyManager(  202): setOutputDevice() setting same device 0008 or null device for output 2
06-03 16:50:49.775 V/nvaudio_hw(  202): nvaudio_dev_set_parameters : nv_param_media_routing=8
06-03 16:50:49.775 V/nvaudio_hw(  202): Media is routed to :8
06-03 16:50:49.775 I/AudioFlinger(  202): setAppName(), name=[com.android.systemui], active=[1]
06-03 16:50:49.775 V/EffectDiracSound(  202): DiracSound_command() start, cmdCode=23
06-03 16:50:49.775 V/EffectDiracSound(  202): DiracSound_Command EFFECT_CMD_SET_APP_NAME: stream=1, name=+com.android.systemui
06-03 16:50:49.775 I/EffectDiracSound(  202): DiracSound_updateStreamVolume(), stream=1, volume=0.035029
06-03 16:50:49.776 V/nvaudio_hw(  202): open_out_alsa_dev
06-03 16:50:49.776 V/nvaudio_hw(  202): get_active_dev_rate : card 1 device 0
06-03 16:50:49.776 V/nvaudio_hw(  202): set_route : dev id 0 ref 1 devices 0x8 -> 0x8
06-03 16:50:49.776 V/AudioPolicyManagerBase(  202): releaseOutput() 2
06-03 16:50:49.777 V/nvaudio_hw(  202): Opened Alsa OUT device music with pcm_config
06-03 16:50:49.777 V/nvaudio_hw(  202):  channels 2
06-03 16:50:49.777 V/nvaudio_hw(  202):  rate 48000
06-03 16:50:49.777 V/nvaudio_hw(  202):  format 0
06-03 16:50:49.777 V/nvaudio_hw(  202):  period_size 1024
06-03 16:50:49.777 V/nvaudio_hw(  202):  period_count 4
06-03 16:50:49.777 V/nvaudio_hw(  202):  start_threshold 4095
06-03 16:50:49.777 V/nvaudio_hw(  202):  stop_threshold 4096 
06-03 16:50:49.777 V/nvaudio_hw(  202): silence_threshold 0
06-03 16:50:49.777 V/nvaudio_hw(  202):  avail_min 1
06-03 16:50:49.777 V/nvaudio_hw(  202): set_out_resampler : quality 4
06-03 16:50:49.777 V/nvaudio_hw(  202): No resampler required
06-03 16:50:49.777 V/nvaudio_hw(  202): set_current_route : dev id 0
06-03 16:50:49.777 V/nvaudio_hw(  202): set_route_by_array: mode 0 srate 48000 tags 
06-03 16:50:49.777 V/nvaudio_hw(  202): set_route_by_array: mode 0 srate 48000 tags 
06-03 16:50:49.777 V/nvaudio_hw(  202): Set 'DAC L2 Mux' to 'IF1 DAC' mode = 0 r->mode = 0
06-03 16:50:49.777 V/nvaudio_hw(  202): Set 'DAC R2 Mux' to 'IF1 DAC' mode = 0 r->mode = 0
06-03 16:50:49.777 V/nvaudio_hw(  202): Set 'DA MONOL ASRC Switch' to 'clk_sysy_div_out' mode = 0 r->mode = 0
06-03 16:50:49.777 V/nvaudio_hw(  202): Set 'DA MONOR ASRC Switch' to 'clk_sysy_div_out' mode = 0 r->mode = 0
06-03 16:50:49.777 V/nvaudio_hw(  202): Set 'DAC2 Playback Volume' to 167 mode = 0 r->mode = 0 srate = 48000 r->srate = 0 
06-03 16:50:49.777 V/nvaudio_hw(  202): Set 'DAC2 Playback Volume' to 167 mode = 0 r->mode = 0 srate = 48000 r->srate = 0 
06-03 16:50:49.777 V/nvaudio_hw(  202): Set 'Stereo DAC MIXL DAC L2 Switch' to 1 mode = 0 r->mode = -2 srate = 48000 r->srate = 0 
06-03 16:50:49.777 V/nvaudio_hw(  202): Set 'Stereo DAC MIXR DAC R2 Switch' to 1 mode = 0 r->mode = -2 srate = 48000 r->srate = 0 
06-03 16:50:49.777 V/nvaudio_hw(  202): Set 'HPO MIX DAC1 Switch' to 1 mode = 0 r->mode = -2 srate = 48000 r->srate = 0 
06-03 16:50:49.777 V/nvaudio_hw(  202): Set 'Headphone Jack Switch' to 1 mode = 0 r->mode = -2 srate = 48000 r->srate = 0 
06-03 16:50:49.777 V/nvaudio_hw(  202): send_at_cmd_by_list: type 0
06-03 16:50:49.789 V/LockPatternKeyguardView(  980): Set visibility on com.android.keyguard.MiuiLockPatternKeyguardView$4@4277afa0 to 0
06-03 16:50:49.852 I/dalvikvm-heap(  980): Grow heap (frag case) to 86.257MB for 12582928-byte allocation
06-03 16:50:49.885 D/dalvikvm(  980): GC_CONCURRENT freed 27813K, 38% free 58453K/94272K, paused 3ms+4ms, total 33ms
06-03 16:50:49.886 E/bbc     ( 3480): consume time 209
06-03 16:50:49.888 I/cm.log.uipro( 3480): [TB]/ (1107727744)end: AppUninstScanTask
06-03 16:50:50.006 D/SurfaceControl(  904): Excessive delay in blankDisplay() while turning screen off: 382ms
06-03 16:50:50.006 I/powerHAL::common(  904): Disabling input device:4
06-03 16:50:50.775 I/AudioFlinger(  202): setAppName(), name=[com.android.systemui], active=[0]
06-03 16:50:50.775 V/EffectDiracSound(  202): DiracSound_command() start, cmdCode=23
06-03 16:50:50.775 V/EffectDiracSound(  202): DiracSound_Command EFFECT_CMD_SET_APP_NAME: stream=1, name=-com.android.systemui
06-03 16:50:50.775 I/EffectDiracSound(  202): DiracSound_updateStreamVolume(), stream=3, volume=0.088869
06-03 16:50:50.789 V/nvaudio_hw(  202): nvaudio_out_get_latency: latency 85 flags = 2 
06-03 16:50:50.800 V/nvaudio_hw(  202): nvaudio_out_get_latency: latency 85 flags = 2 
06-03 16:50:50.811 V/nvaudio_hw(  202): nvaudio_out_get_latency: latency 85 flags = 2 
06-03 16:50:50.821 V/nvaudio_hw(  202): nvaudio_out_get_latency: latency 85 flags = 2 
06-03 16:50:50.832 V/nvaudio_hw(  202): nvaudio_out_get_latency: latency 85 flags = 2 
06-03 16:50:50.843 V/nvaudio_hw(  202): nvaudio_out_get_latency: latency 85 flags = 2 
06-03 16:50:50.853 V/nvaudio_hw(  202): nvaudio_out_get_latency: latency 85 flags = 2 
06-03 16:50:50.864 V/nvaudio_hw(  202): nvaudio_out_get_latency: latency 85 flags = 2 
06-03 16:50:50.875 V/nvaudio_hw(  202): nvaudio_out_get_latency: latency 85 flags = 2 
06-03 16:50:50.885 V/nvaudio_hw(  202): nvaudio_out_standby
06-03 16:50:50.885 V/nvaudio_hw(  202): close_alsa_dev : active stream count 1
06-03 16:50:50.886 V/NvAudioPolicyManager(  202): stopOutput() output 2, stream 1, session 30
06-03 16:50:50.886 V/AudioPolicyManagerBase(  202): changeRefCount() stream 1, count 0
06-03 16:50:50.886 V/NvAudioPolicyManager(  202): getNewDevice() selected device 0
06-03 16:50:50.886 V/NvAudioPolicyManager(  202): setOutputDevice() output 2 device 0000 delayMs 170
06-03 16:50:50.886 V/NvAudioPolicyManager(  202): setOutputDevice() prevDevice 0008
06-03 16:50:50.886 V/NvAudioPolicyManager(  202): setOutputDevice() setting same device 0000 or null device for output 2
06-03 16:50:50.887 V/nvaudio_hw(  202): nvaudio_dev_set_parameters : nv_param_media_routing=8
06-03 16:50:50.887 V/nvaudio_hw(  202): Media is routed to :8
06-03 16:50:50.967 V/EffectDiracSound(  202): DiracSound_command() start, cmdCode=22
06-03 16:50:50.967 V/EffectDiracSound(  202): DiracSound_Command EFFECT_CMD_SET_AUDIO_STANDBY, current mode = 0
06-03 16:50:51.603 V/KeyguardViewManager(  980): KGVM: Set visibility on com.android.keyguard.AbstractKeyguardViewManager$KeyguardViewHost{41da2de8 G.E..... ......ID 0,0-1536,2048} to 33554432
06-03 16:50:51.608 I/Choreographer(  980): Skipped 105 frames!  The application may be doing too much work on its main thread.
06-03 16:50:51.627 I/ActivityManager(  904): Config changes=480 {1.0 ?mcc?mnc zh_CN ldltr sw768dp w768dp h999dp 320dpi xlrg port finger -keyb/v/h -nav/h s.6 themeChanged=0 themeChangedFlags=0}
06-03 16:50:51.630 I/InputReader(  904): Reconfiguring input devices.  changes=0x00000004
06-03 16:50:51.630 I/InputReader(  904): Device reconfigured: id=2, name='atmel-maxtouch', size 1536x2048, orientation 0, mode 1, display id 0
06-03 16:50:51.630 I/InputReader(  904): Setting mIIRLowPassFactor from property to 1.000000
06-03 16:50:51.630 I/InputReader(  904): Setting mPressureEBC from property to 0.000000
06-03 16:50:51.662 W/ActivityManager(  904): Unbind failed: could not find connection for android.os.BinderProxy@423ea850
06-03 16:50:51.686 E/cutils  (  195): Failed to mkdirat(/storage/sdcard1/Android): Read-only file system
06-03 16:50:51.686 W/Vold    (  195): Returning OperationFailed - no handler for errno 30
06-03 16:50:51.688 W/ContextImpl( 3754): Failed to ensure directory: /storage/sdcard1/Android/obb/com.frozenbyte.Trine2
06-03 16:50:51.689 D/dalvikvm( 3625): GC_CONCURRENT freed 445K, 22% free 7061K/8988K, paused 2ms+1ms, total 17ms
06-03 16:50:51.691 E/cutils  (  195): Failed to mkdirat(/storage/sdcard1/Android): Read-only file system
06-03 16:50:51.691 W/Vold    (  195): Returning OperationFailed - no handler for errno 30
06-03 16:50:51.692 W/ContextImpl( 3754): Failed to ensure directory: /storage/sdcard1/Android/obb/com.frozenbyte.Trine2
06-03 16:50:51.714 D/PhoneStatusBar(  980): disable: 0x00000000 -> 0x03000010 (diff: 0x03000010)
06-03 16:50:51.714 D/PhoneStatusBar(  980): disable: < expand icons alerts ticker system_info back home RECENT* clock full >
06-03 16:50:51.716 D/PhoneStatusBar(  980): mStatusBarBackgroundNextLevel=3
06-03 16:50:51.716 D/PhoneStatusBar(  980): mStatusBarBackgroundNextLevel=3
06-03 16:50:51.747 I/RenderThread( 1208): Sleep for long time:9223372036854619839 ms
06-03 16:50:51.805 W/ContextImpl( 3754): Implicit intents with startService are not safe: Intent { act=com.nvidia.ControllerMapper.START_SERVICE } android.content.ContextWrapper.bindService:517 com.nvidia.ControllerMapper.MapperClient$ServiceClient.connect:587 com.nvidia.ControllerMapper.MapperClient.<init>:91 
06-03 16:50:51.805 W/ActivityManager(  904): Unable to start service Intent { act=com.nvidia.ControllerMapper.START_SERVICE } U=0: not found
06-03 16:50:51.905 D/PhoneStatusBar(  980): disable: 0x03000010 -> 0x03000010 (diff: 0x00000000)
06-03 16:50:51.905 D/PhoneStatusBar(  980): disable: < expand icons alerts ticker system_info back home RECENT clock full >
06-03 16:50:51.906 D/PhoneStatusBar(  980): mStatusBarBackgroundNextLevel=3
06-03 16:50:52.167 D/dalvikvm( 3625): GC_CONCURRENT freed 509K, 22% free 7064K/8988K, paused 2ms+2ms, total 13ms
06-03 16:50:52.168 D/dalvikvm( 3625): WAIT_FOR_CONCURRENT_GC blocked 4ms
06-03 16:50:52.252 E/TLK_Daemon(  225): IOCTL_FILE_NEW_REQ returned 61
06-03 16:50:52.951 D/SyncIpcServiceImpl( 3497): isFloatServiceDirty = false
06-03 16:50:53.095 E/TLK_Daemon(  225): IOCTL_FILE_NEW_REQ returned 61
06-03 16:50:53.285 D/dalvikvm( 3625): GC_CONCURRENT freed 443K, 22% free 7065K/8988K, paused 1ms+2ms, total 18ms
