06-03 16:50:53.844 D/wpa_supplicant(  979): nl80211: Drv Event 34 (NL80211_CMD_NEW_SCAN_RESULTS) received for wlan0
06-03 16:50:53.844 D/wpa_supplicant(  979): wlan0: nl80211: New scan results available
06-03 16:50:53.844 D/wpa_supplicant(  979): wlan0: Event SCAN_RESULTS (3) received
06-03 16:50:53.845 D/wpa_supplicant(  979): nl80211: Associated on 2412 MHz
06-03 16:50:53.845 D/wpa_supplicant(  979): nl80211: Associated with 9c:1c:12:aa:85:c2
06-03 16:50:53.845 D/wpa_supplicant(  979): nl80211: Received scan results (29 BSSes)
06-03 16:50:53.845 D/wpa_supplicant(  979): nl80211: Survey data missing
06-03 16:50:53.845 D/wpa_supplicant(  979): nl80211: Scan results indicate BSS status with 9c:1c:12:aa:85:c2 as associated
06-03 16:50:53.845 D/wpa_supplicant(  979): wlan0: BSS: Start scan result update 4
06-03 16:50:53.845 D/wpa_supplicant(  979): wlan0: BSS: Add new id 35 BSSID 08:11:96:fb:c5:69 SSID 'LiebaoFree975'
06-03 16:50:53.845 D/wpa_supplicant(  979): wlan0: BSS: Add new id 36 BSSID 00:24:6c:21:6d:ca SSID 'NV_VISITOR'
06-03 16:50:53.845 D/wpa_supplicant(  979): wlan0: BSS: Add new id 37 BSSID 00:24:6c:21:6d:c9 SSID 'nvtestwireless'
06-03 16:50:53.845 D/wpa_supplicant(  979): wlan0: BSS: Add new id 38 BSSID d8:c7:c8:28:81:c1 SSID 'nvtestwireless'
06-03 16:50:53.845 D/wpa_supplicant(  979): wlan0: BSS: Add new id 39 BSSID 00:24:6c:21:6d:c8 SSID 'nvwrls2'
06-03 16:50:53.845 D/wpa_supplicant(  979): wlan0: BSS: Add new id 40 BSSID 00:24:6c:21:6d:cb SSID 'NV_Shield'
06-03 16:50:53.845 D/wpa_supplicant(  979): wlan0: BSS: Add new id 41 BSSID 02:90:4c:c5:92:38 SSID 'DIRECT-Bi-Android_213c'
06-03 16:50:53.845 D/wpa_supplicant(  979): wlan0: BSS: Add new id 42 BSSID d8:c7:c8:28:81:c0 SSID 'nvwrls2'
06-03 16:50:53.845 D/wpa_supplicant(  979): wlan0: BSS: Remove id 28 BSSID 02:90:4c:05:81:c0 SSID 'DIRECT-' due to no match in scan
06-03 16:50:53.845 D/wpa_supplicant(  979): BSS: last_scan_res_used=29/32 last_scan_full=0
06-03 16:50:53.845 D/wpa_supplicant(  979): wlan0: Scan-only results received
06-03 16:50:53.845 D/wpa_supplicant(  979): wlan0: P2P: Station mode scan operation not pending anymore (sta_scan_pending=0 p2p_cb_on_scan_complete=0)
06-03 16:50:53.846 D/wpa_supplicant(  979): wlan0: Control interface command 'BSS RANGE=0- MASK=0x21987'
06-03 16:50:53.847 D/wpa_supplicant(  979): wlan0: Control interface command 'BSS RANGE=40- MASK=0x21987'
06-03 16:50:53.872 W/BroadcastQueue(  904): Unable to launch app com.fone.player/10155 for broadcast Intent { act=android.net.wifi.SCAN_RESULTS flg=0x4000010 }: process is not permitted to autostart
06-03 16:50:53.903 D/dalvikvm( 3625): GC_CONCURRENT freed 463K, 22% free 7068K/8988K, paused 1ms+2ms, total 14ms
06-03 16:50:54.018 D/dalvikvm( 3625): GC_CONCURRENT freed 452K, 22% free 7066K/8988K, paused 1ms+1ms, total 15ms
06-03 16:50:59.840 E/TLK_Daemon(  225): IOCTL_FILE_NEW_REQ returned 61
06-03 16:50:59.848 W/ContextImpl(  904): Calling a method in the system process without a qualified user: android.app.ContextImpl.sendBroadcast:1123 com.android.internal.policy.impl.BaseMiuiPhoneWindowManager.interceptKeyBeforeQueueing:500 com.android.server.wm.InputMonitor.interceptKeyBeforeQueueing:393 com.android.server.input.InputManagerService.interceptKeyBeforeQueueing:1710 dalvik.system.NativeStart.run:-2 
06-03 16:50:59.861 I/PowerManagerService(  904): Waking up from sleep...
06-03 16:50:59.862 V/KeyguardServiceDelegate(  904): onScreenTurnedOn(showListener = com.android.internal.policy.impl.PhoneWindowManager$17@427e73e0)
06-03 16:50:59.872 V/KeyguardServiceDelegate(  904): **** SHOWN CALLED ****
06-03 16:50:59.872 I/WindowManager(  904): Lock screen displayed!
06-03 16:50:59.892 E/WifiController(  904): Not handled here 155652
06-03 16:50:59.892 E/WifiController(  904): Not handled here 155650
06-03 16:50:59.892 D/wpa_supplicant(  979): wlan0: Control interface command 'SIGNAL_POLL'
06-03 16:50:59.892 D/WifiController(  904): battery changed pluggedType: 0
06-03 16:50:59.899 V/nvaudio_hw(  202): nvaudio_dev_set_parameters : screen_state=on
06-03 16:50:59.901 D/wpa_supplicant(  979): nl80211: survey data missing!
06-03 16:50:59.904 W/BroadcastQueue(  904): Unable to launch app com.fone.player/10155 for broadcast Intent { act=android.net.wifi.RSSI_CHANGED flg=0x4000010 (has extras) }: process is not permitted to autostart
06-03 16:50:59.904 W/BroadcastQueue(  904): Unable to launch app com.manle.phone.android.yaodian/10169 for broadcast Intent { act=android.net.wifi.RSSI_CHANGED flg=0x4000010 (has extras) }: process is not permitted to autostart
06-03 16:50:59.905 W/BroadcastQueue(  904): Unable to launch app com.manle.phone.android.yaodian/10169 for broadcast Intent { act=android.net.wifi.RSSI_CHANGED flg=0x4000010 (has extras) }: process is not permitted to autostart
06-03 16:50:59.910 D/wpa_supplicant(  979): wlan0: Control interface command 'DRIVER SETSUSPENDMODE 0'
06-03 16:50:59.915 D/wpa_supplicant(  979): wpa_driver_nl80211_driver_cmd  len = 0, 0
06-03 16:50:59.968 D/SensorHAL(  904): isl29035: power-on.
06-03 16:50:59.969 D/wpa_supplicant(  979): wlan0: Control interface command 'SCAN TYPE=ONLY'
06-03 16:50:59.969 D/wpa_supplicant(  979): wlan0: Setting scan request: 0 sec 0 usec
06-03 16:50:59.969 D/wpa_supplicant(  979): Scan SSID - hexdump(len=12): 4e 45 54 47 45 41 52 2d 57 54 58 47
06-03 16:50:59.969 D/wpa_supplicant(  979): wlan0: Starting AP scan for wildcard SSID
06-03 16:50:59.969 D/wpa_supplicant(  979): P2P: * Listen Channel: Regulatory Class 81 Channel 11
06-03 16:50:59.969 D/wpa_supplicant(  979): wlan0: nl80211: scan request
06-03 16:50:59.972 D/wpa_supplicant(  979): Scan requested (ret=0) - scan timeout 30 seconds
06-03 16:50:59.972 D/wpa_supplicant(  979): nl80211: Drv Event 33 (NL80211_CMD_TRIGGER_SCAN) received for wlan0
06-03 16:50:59.972 D/wpa_supplicant(  979): wlan0: nl80211: Scan trigger
06-03 16:50:59.975 W/Settings( 3497): Setting android_id has moved from android.provider.Settings.System to android.provider.Settings.Secure, returning read-only value.
06-03 16:50:59.978 W/Settings( 3480): Setting android_id has moved from android.provider.Settings.System to android.provider.Settings.Secure, returning read-only value.
06-03 16:50:59.981 I/powerHAL::common(  904): Enabling input device:4
06-03 16:50:59.982 D/SurfaceFlinger(  199): Screen acquired, type=0 flinger=0xb7696450
06-03 16:50:59.982 D/hwcomposer(  199): hwc_blank: display 0: unblank
06-03 16:50:59.982 D/hwcomposer(  199): hwc_blank_display: display 0: [1 -> 0]
06-03 16:50:59.982 D/hwcomposer(  199): Display 0 layer clip is 1536 x 2048
06-03 16:50:59.982 D/hwcomposer(  199): Display 0 device clip is 1536 x 2048
06-03 16:50:59.982 D/hwcomposer(  199): dc_blank: display 0, [1 -> 0]
06-03 16:51:00.219 D/dalvikvm( 3625): GC_CONCURRENT freed 481K, 22% free 7072K/8988K, paused 1ms+1ms, total 10ms
06-03 16:51:00.284 D/dalvikvm( 3625): GC_CONCURRENT freed 513K, 22% free 7070K/8988K, paused 2ms+1ms, total 10ms
06-03 16:51:00.284 D/dalvikvm( 3625): WAIT_FOR_CONCURRENT_GC blocked 3ms
06-03 16:51:00.329 D/SurfaceControl(  904): Excessive delay in unblankDisplay() while turning screen on: 347ms
06-03 16:51:00.944 D/dalvikvm( 3625): GC_CONCURRENT freed 403K, 22% free 7075K/8988K, paused 2ms+1ms, total 17ms
06-03 16:51:01.220 D/dalvikvm( 3625): GC_CONCURRENT freed 395K, 22% free 7075K/8988K, paused 2ms+1ms, total 11ms
06-03 16:51:01.340 D/dalvikvm( 3625): GC_CONCURRENT freed 382K, 22% free 7077K/8988K, paused 2ms+0ms, total 10ms
06-03 16:51:01.649 D/dalvikvm( 3625): GC_CONCURRENT freed 389K, 22% free 7078K/8988K, paused 2ms+7ms, total 20ms
06-03 16:51:01.870 D/dalvikvm( 3625): GC_CONCURRENT freed 507K, 22% free 7082K/8988K, paused 4ms+0ms, total 21ms
06-03 16:51:01.870 D/dalvikvm( 3625): WAIT_FOR_CONCURRENT_GC blocked 7ms
06-03 16:51:01.951 W/WindowManager(  904): App freeze timeout expired.
06-03 16:51:02.047 D/dalvikvm( 3625): GC_CONCURRENT freed 451K, 22% free 7088K/8988K, paused 3ms+1ms, total 14ms
06-03 16:51:02.265 W/ContextImpl(  980): Calling a method in the system process without a qualified user: android.app.ContextImpl.sendBroadcast:1123 android.content.ContextWrapper.sendBroadcast:365 android.content.ContextWrapper.sendBroadcast:365 com.android.keyguard.MiuiLockPatternKeyguardView$3.keyguardDone:498 com.android.keyguard.MiuiLockPatternKeyguardView$3.goToUnlockScreen:364 
06-03 16:51:02.267 V/legacy_audio_policy_hal(  202): audio_io_handle_t android_audio_legacy::ap_get_output(audio_policy*, audio_stream_type_t, uint32_t, audio_format_t, audio_channel_mask_t, audio_output_flags_t, const audio_offload_info_t*): tid 202
06-03 16:51:02.267 V/NvAudioPolicyManager(  202): getOutput() stream 1, samplingRate 0, format 0, channelMask 3, flags 0
06-03 16:51:02.267 V/NvAudioPolicyManager(  202): getOutput() returns output 2
06-03 16:51:02.267 V/legacy_audio_policy_hal(  202): audio_io_handle_t android_audio_legacy::ap_get_output(audio_policy*, audio_stream_type_t, uint32_t, audio_format_t, audio_channel_mask_t, audio_output_flags_t, const audio_offload_info_t*): tid 936
06-03 16:51:02.267 V/NvAudioPolicyManager(  202): getOutput() stream 1, samplingRate 0, format 0, channelMask 3, flags 0
06-03 16:51:02.267 V/NvAudioPolicyManager(  202): getOutput() returns output 2
06-03 16:51:02.268 V/legacy_audio_policy_hal(  202): audio_io_handle_t android_audio_legacy::ap_get_output(audio_policy*, audio_stream_type_t, uint32_t, audio_format_t, audio_channel_mask_t, audio_output_flags_t, const audio_offload_info_t*): tid 937
06-03 16:51:02.268 V/NvAudioPolicyManager(  202): getOutput() stream 1, samplingRate 0, format 0, channelMask 3, flags 0
06-03 16:51:02.268 V/NvAudioPolicyManager(  202): getOutput() returns output 2
06-03 16:51:02.268 V/legacy_audio_policy_hal(  202): audio_io_handle_t android_audio_legacy::ap_get_output(audio_policy*, audio_stream_type_t, uint32_t, audio_format_t, audio_channel_mask_t, audio_output_flags_t, const audio_offload_info_t*): tid 202
06-03 16:51:02.268 V/NvAudioPolicyManager(  202): getOutput() stream 1, samplingRate 44100, format 1, channelMask 1, flags 0
06-03 16:51:02.268 V/NvAudioPolicyManager(  202): getOutput() returns output 2
06-03 16:51:02.268 V/NvAudioPolicyManager(  202): startOutput() output 2, stream 1, session 31
06-03 16:51:02.268 V/AudioPolicyManagerBase(  202): changeRefCount() stream 1, count 1
06-03 16:51:02.268 V/NvAudioPolicyManager(  202): getNewDevice() selected device 8
06-03 16:51:02.268 V/NvAudioPolicyManager(  202): setOutputDevice() output 2 device 0008 delayMs 0
06-03 16:51:02.268 V/NvAudioPolicyManager(  202): setOutputDevice() prevDevice 0008
06-03 16:51:02.268 V/NvAudioPolicyManager(  202): setOutputDevice() setting same device 0008 or null device for output 2
06-03 16:51:02.268 V/nvaudio_hw(  202): nvaudio_dev_set_parameters : nv_param_media_routing=8
06-03 16:51:02.268 V/nvaudio_hw(  202): Media is routed to :8
06-03 16:51:02.268 I/AudioFlinger(  202): setAppName(), name=[com.android.systemui], active=[1]
06-03 16:51:02.268 V/EffectDiracSound(  202): DiracSound_command() start, cmdCode=23
06-03 16:51:02.268 V/EffectDiracSound(  202): DiracSound_Command EFFECT_CMD_SET_APP_NAME: stream=1, name=+com.android.systemui
06-03 16:51:02.268 I/EffectDiracSound(  202): DiracSound_updateStreamVolume(), stream=1, volume=0.035029
06-03 16:51:02.269 V/nvaudio_hw(  202): open_out_alsa_dev
06-03 16:51:02.269 V/nvaudio_hw(  202): get_active_dev_rate : card 1 device 0
06-03 16:51:02.269 V/nvaudio_hw(  202): set_route : dev id 0 ref 1 devices 0x8 -> 0x8
06-03 16:51:02.270 V/AudioPolicyManagerBase(  202): releaseOutput() 2
06-03 16:51:02.271 V/nvaudio_hw(  202): Opened Alsa OUT device music with pcm_config
06-03 16:51:02.271 V/nvaudio_hw(  202):  channels 2
06-03 16:51:02.271 V/nvaudio_hw(  202):  rate 48000
06-03 16:51:02.271 V/nvaudio_hw(  202):  format 0
06-03 16:51:02.271 V/nvaudio_hw(  202):  period_size 1024
06-03 16:51:02.271 V/nvaudio_hw(  202):  period_count 4
06-03 16:51:02.271 V/nvaudio_hw(  202):  start_threshold 4095
06-03 16:51:02.271 V/nvaudio_hw(  202):  stop_threshold 4096 
06-03 16:51:02.271 V/nvaudio_hw(  202): silence_threshold 0
06-03 16:51:02.271 V/nvaudio_hw(  202):  avail_min 1
06-03 16:51:02.271 V/nvaudio_hw(  202): set_out_resampler : quality 4
06-03 16:51:02.271 V/nvaudio_hw(  202): No resampler required
06-03 16:51:02.271 V/nvaudio_hw(  202): set_current_route : dev id 0
06-03 16:51:02.271 V/nvaudio_hw(  202): set_route_by_array: mode 0 srate 48000 tags 
06-03 16:51:02.271 V/nvaudio_hw(  202): set_route_by_array: mode 0 srate 48000 tags 
06-03 16:51:02.271 V/nvaudio_hw(  202): Set 'DAC L2 Mux' to 'IF1 DAC' mode = 0 r->mode = 0
06-03 16:51:02.271 V/nvaudio_hw(  202): Set 'DAC R2 Mux' to 'IF1 DAC' mode = 0 r->mode = 0
06-03 16:51:02.271 V/nvaudio_hw(  202): Set 'DA MONOL ASRC Switch' to 'clk_sysy_div_out' mode = 0 r->mode = 0
06-03 16:51:02.271 V/nvaudio_hw(  202): Set 'DA MONOR ASRC Switch' to 'clk_sysy_div_out' mode = 0 r->mode = 0
06-03 16:51:02.271 V/nvaudio_hw(  202): Set 'DAC2 Playback Volume' to 167 mode = 0 r->mode = 0 srate = 48000 r->srate = 0 
06-03 16:51:02.271 V/nvaudio_hw(  202): Set 'DAC2 Playback Volume' to 167 mode = 0 r->mode = 0 srate = 48000 r->srate = 0 
06-03 16:51:02.271 V/nvaudio_hw(  202): Set 'Stereo DAC MIXL DAC L2 Switch' to 1 mode = 0 r->mode = -2 srate = 48000 r->srate = 0 
06-03 16:51:02.271 V/nvaudio_hw(  202): Set 'Stereo DAC MIXR DAC R2 Switch' to 1 mode = 0 r->mode = -2 srate = 48000 r->srate = 0 
06-03 16:51:02.272 V/nvaudio_hw(  202): Set 'HPO MIX DAC1 Switch' to 1 mode = 0 r->mode = -2 srate = 48000 r->srate = 0 
06-03 16:51:02.272 V/nvaudio_hw(  202): Set 'Headphone Jack Switch' to 1 mode = 0 r->mode = -2 srate = 48000 r->srate = 0 
06-03 16:51:02.272 V/nvaudio_hw(  202): send_at_cmd_by_list: type 0
06-03 16:51:02.304 W/ContextImpl(  980): Calling a method in the system process without a qualified user: android.app.ContextImpl.sendBroadcast:1123 android.content.ContextWrapper.sendBroadcast:365 com.android.keyguard.MiuiKeyguardViewMediator.handleKeyguardDone:1174 com.android.keyguard.MiuiKeyguardViewMediator.access$1900:107 com.android.keyguard.MiuiKeyguardViewMediator$5.handleMessage:1143 
06-03 16:51:02.305 W/AccessibilityManagerService(  904): Skipping accessibilty service com.cootek.smartinputv5.tablet/com.cootek.smartinput5.TouchPalAccessibilityService: it does not require the permission android.permission.BIND_ACCESSIBILITY_SERVICE
06-03 16:51:02.305 W/BroadcastQueue(  904): Unable to launch app com.eg.android.AlipayGphone/10158 for broadcast Intent { act=android.intent.action.USER_PRESENT flg=0x24000010 }: process is not permitted to autostart
06-03 16:51:02.305 W/BroadcastQueue(  904): Unable to launch app com.eg.android.AlipayGphone/10158 for broadcast Intent { act=android.intent.action.USER_PRESENT flg=0x24000010 }: process is not permitted to autostart
06-03 16:51:02.305 W/BroadcastQueue(  904): Unable to launch app com.tencent.news/10081 for broadcast Intent { act=android.intent.action.USER_PRESENT flg=0x24000010 }: process is not permitted to autostart
06-03 16:51:02.305 W/BroadcastQueue(  904): Unable to launch app com.ijinshan.kbatterydoctor/10145 for broadcast Intent { act=android.intent.action.USER_PRESENT flg=0x24000010 }: process is not permitted to autostart
06-03 16:51:02.306 W/BroadcastQueue(  904): Unable to launch app com.calendar.UI/10137 for broadcast Intent { act=android.intent.action.USER_PRESENT flg=0x24000010 }: process is not permitted to autostart
06-03 16:51:02.306 W/BroadcastQueue(  904): Unable to launch app com.calendar.UI/10137 for broadcast Intent { act=android.intent.action.USER_PRESENT flg=0x24000010 }: process is not permitted to autostart
06-03 16:51:02.371 I/ActivityManager(  904): Config changes=480 {1.0 ?mcc?mnc zh_CN ldltr sw768dp w1024dp h743dp 320dpi xlrg land finger -keyb/v/h -nav/h s.7 themeChanged=0 themeChangedFlags=0}
06-03 16:51:02.376 I/InputReader(  904): Reconfiguring input devices.  changes=0x00000004
06-03 16:51:02.376 I/InputReader(  904): Device reconfigured: id=2, name='atmel-maxtouch', size 1536x2048, orientation 1, mode 1, display id 0
06-03 16:51:02.376 I/InputReader(  904): Setting mIIRLowPassFactor from property to 1.000000
06-03 16:51:02.376 I/InputReader(  904): Setting mPressureEBC from property to 0.000000
06-03 16:51:02.405 W/BroadcastQueue(  904): Unable to launch app com.tencent.game.rhythmmaster/10198 for broadcast Intent { act=android.intent.action.USER_PRESENT flg=0x24000010 }: process is not permitted to autostart
06-03 16:51:02.409 W/BroadcastQueue(  904): Unable to launch app com.zrtc.kb/10115 for broadcast Intent { act=android.intent.action.USER_PRESENT flg=0x24000010 }: process is not permitted to autostart
06-03 16:51:02.409 W/BroadcastQueue(  904): Unable to launch app com.zrtc.kb/10115 for broadcast Intent { act=android.intent.action.USER_PRESENT flg=0x24000010 }: process is not permitted to autostart
06-03 16:51:02.409 W/BroadcastQueue(  904): Unable to launch app com.tencent.peng/10111 for broadcast Intent { act=android.intent.action.USER_PRESENT flg=0x24000010 }: process is not permitted to autostart
06-03 16:51:02.410 W/BroadcastQueue(  904): Unable to launch app com.pplive.androidphone/10091 for broadcast Intent { act=android.intent.action.USER_PRESENT flg=0x24000010 }: process is not permitted to autostart
06-03 16:51:02.410 W/BroadcastQueue(  904): Unable to launch app com.pplive.androidphone/10091 for broadcast Intent { act=android.intent.action.USER_PRESENT flg=0x24000010 }: process is not permitted to autostart
06-03 16:51:02.410 W/BroadcastQueue(  904): Unable to launch app com.douban.book.reader/10079 for broadcast Intent { act=android.intent.action.USER_PRESENT flg=0x24000010 }: process is not permitted to autostart
06-03 16:51:02.411 W/BroadcastQueue(  904): Unable to launch app com.snda.wifilocating/10147 for broadcast Intent { act=android.intent.action.USER_PRESENT flg=0x24000010 }: process is not permitted to autostart
06-03 16:51:02.411 W/BroadcastQueue(  904): Unable to launch app com.snda.wifilocating/10147 for broadcast Intent { act=android.intent.action.USER_PRESENT flg=0x24000010 }: process is not permitted to autostart
06-03 16:51:02.411 W/BroadcastQueue(  904): Unable to launch app tv.pps.mobile/10088 for broadcast Intent { act=android.intent.action.USER_PRESENT flg=0x24000010 }: process is not permitted to autostart
06-03 16:51:02.412 W/BroadcastQueue(  904): Unable to launch app com.chaozh.iReaderFree/10136 for broadcast Intent { act=android.intent.action.USER_PRESENT flg=0x24000010 }: process is not permitted to autostart
06-03 16:51:02.412 W/BroadcastQueue(  904): Unable to launch app com.taobao.taobao/10028 for broadcast Intent { act=android.intent.action.USER_PRESENT flg=0x24000010 }: process is not permitted to autostart
06-03 16:51:02.412 W/BroadcastQueue(  904): Unable to launch app com.fone.player/10155 for broadcast Intent { act=android.intent.action.USER_PRESENT flg=0x24000010 }: process is not permitted to autostart
06-03 16:51:02.413 D/PhoneStatusBar(  980): disable: 0x03000010 -> 0x00000000 (diff: 0x03000010)
06-03 16:51:02.413 D/PhoneStatusBar(  980): disable: < expand icons alerts ticker system_info back home recent* clock full >
06-03 16:51:02.414 D/PhoneStatusBar(  980): mStatusBarBackgroundNextLevel=2
06-03 16:51:02.414 D/PhoneStatusBar(  980): mStatusBarBackgroundNextLevel=0
06-03 16:51:02.419 W/BroadcastQueue(  904): Unable to launch app com.disney.chukong.WMW/10112 for broadcast Intent { act=android.intent.action.USER_PRESENT flg=0x24000010 }: process is not permitted to autostart
06-03 16:51:02.420 W/BroadcastQueue(  904): Unable to launch app com.when.coco/10132 for broadcast Intent { act=android.intent.action.USER_PRESENT flg=0x24000010 }: process is not permitted to autostart
06-03 16:51:02.420 W/BroadcastQueue(  904): Unable to launch app com.qiyi.video/10087 for broadcast Intent { act=android.intent.action.USER_PRESENT flg=0x24000010 }: process is not permitted to autostart
06-03 16:51:02.421 W/ActivityManager(  904): Unbind failed: could not find connection for android.os.BinderProxy@4205a5f8
06-03 16:51:02.422 W/BroadcastQueue(  904): Unable to launch app com.funship.findsomething.xiaomi/10114 for broadcast Intent { act=android.intent.action.USER_PRESENT flg=0x24000010 }: process is not permitted to autostart
06-03 16:51:02.422 W/BroadcastQueue(  904): Unable to launch app com.sds.android.ttpod/10082 for broadcast Intent { act=android.intent.action.USER_PRESENT flg=0x24000010 }: process is not permitted to autostart
06-03 16:51:02.490 I/RenderThread( 1208): Sleep for long time:9223372036854609096 ms
06-03 16:51:02.492 E/cutils  (  195): Failed to mkdirat(/storage/sdcard1/Android): Read-only file system
06-03 16:51:02.493 W/Vold    (  195): Returning OperationFailed - no handler for errno 30
06-03 16:51:02.494 W/ContextImpl( 3754): Failed to ensure directory: /storage/sdcard1/Android/obb/com.frozenbyte.Trine2
06-03 16:51:02.498 E/cutils  (  195): Failed to mkdirat(/storage/sdcard1/Android): Read-only file system
06-03 16:51:02.498 W/Vold    (  195): Returning OperationFailed - no handler for errno 30
06-03 16:51:02.500 W/ContextImpl( 3754): Failed to ensure directory: /storage/sdcard1/Android/obb/com.frozenbyte.Trine2
06-03 16:51:02.541 I/dalvikvm(  904): Jit: resizing JitTable from 8192 to 16384
06-03 16:51:02.544 D/dalvikvm( 3754): GC_CONCURRENT freed 384K, 4% free 10838K/11244K, paused 29ms+29ms, total 85ms
06-03 16:51:02.546 D/dalvikvm( 1402): GC_CONCURRENT freed 396K, 34% free 6625K/9980K, paused 8ms+1ms, total 53ms
06-03 16:51:02.585 I/phs     (  213): Switching governors for usecases: 'graphics'
06-03 16:51:02.588 D/phs:tbc (  213): successfully probed zone cpu trip 84000
06-03 16:51:02.589 D/phs:tbc (  213): successfully probed zone ext trip 47000
06-03 16:51:02.590 I/phs:tbc (  213): Stored ext trip 47000 backed off to 49001
06-03 16:51:02.620 W/ContextImpl( 3754): Implicit intents with startService are not safe: Intent { act=com.nvidia.ControllerMapper.START_SERVICE } android.content.ContextWrapper.bindService:517 com.nvidia.ControllerMapper.MapperClient$ServiceClient.connect:587 com.nvidia.ControllerMapper.MapperClient.<init>:91 
06-03 16:51:02.620 I/WindowManager(  904): Screen frozen for +279ms due to Window{426852e0 u0 com.frozenbyte.Trine2/com.frozenbyte.game.Downloader}
06-03 16:51:02.621 W/ActivityManager(  904): Unable to start service Intent { act=com.nvidia.ControllerMapper.START_SERVICE } U=0: not found
06-03 16:51:02.906 D/wpa_supplicant(  979): wlan0: Control interface command 'SIGNAL_POLL'
06-03 16:51:02.914 D/wpa_supplicant(  979): nl80211: survey data missing!
06-03 16:51:03.269 I/AudioFlinger(  202): setAppName(), name=[com.android.systemui], active=[0]
06-03 16:51:03.269 V/EffectDiracSound(  202): DiracSound_command() start, cmdCode=23
06-03 16:51:03.269 V/EffectDiracSound(  202): DiracSound_Command EFFECT_CMD_SET_APP_NAME: stream=1, name=-com.android.systemui
06-03 16:51:03.269 I/EffectDiracSound(  202): DiracSound_updateStreamVolume(), stream=3, volume=0.088869
06-03 16:51:03.288 V/nvaudio_hw(  202): nvaudio_out_get_latency: latency 85 flags = 2 
06-03 16:51:03.302 V/nvaudio_hw(  202): nvaudio_out_get_latency: latency 85 flags = 2 
06-03 16:51:03.310 V/nvaudio_hw(  202): nvaudio_out_get_latency: latency 85 flags = 2 
06-03 16:51:03.320 V/nvaudio_hw(  202): nvaudio_out_get_latency: latency 85 flags = 2 
06-03 16:51:03.331 V/nvaudio_hw(  202): nvaudio_out_get_latency: latency 85 flags = 2 
06-03 16:51:03.342 V/nvaudio_hw(  202): nvaudio_out_get_latency: latency 85 flags = 2 
06-03 16:51:03.352 V/nvaudio_hw(  202): nvaudio_out_get_latency: latency 85 flags = 2 
06-03 16:51:03.363 V/nvaudio_hw(  202): nvaudio_out_get_latency: latency 85 flags = 2 
06-03 16:51:03.374 V/nvaudio_hw(  202): nvaudio_out_get_latency: latency 85 flags = 2 
06-03 16:51:03.385 V/NvAudioPolicyManager(  202): stopOutput() output 2, stream 1, session 31
06-03 16:51:03.385 V/AudioPolicyManagerBase(  202): changeRefCount() stream 1, count 0
06-03 16:51:03.385 V/NvAudioPolicyManager(  202): getNewDevice() selected device 0
06-03 16:51:03.385 V/NvAudioPolicyManager(  202): setOutputDevice() output 2 device 0000 delayMs 170
06-03 16:51:03.385 V/NvAudioPolicyManager(  202): setOutputDevice() prevDevice 0008
06-03 16:51:03.385 V/NvAudioPolicyManager(  202): setOutputDevice() setting same device 0000 or null device for output 2
06-03 16:51:03.385 V/nvaudio_hw(  202): nvaudio_dev_set_parameters : nv_param_media_routing=8
06-03 16:51:03.385 V/nvaudio_hw(  202): Media is routed to :8
06-03 16:51:03.385 V/nvaudio_hw(  202): nvaudio_out_standby
06-03 16:51:03.385 V/nvaudio_hw(  202): close_alsa_dev : active stream count 1
06-03 16:51:03.467 V/EffectDiracSound(  202): DiracSound_command() start, cmdCode=22
06-03 16:51:03.467 V/EffectDiracSound(  202): DiracSound_Command EFFECT_CMD_SET_AUDIO_STANDBY, current mode = 0
06-03 16:51:04.174 D/wpa_supplicant(  979): nl80211: Drv Event 34 (NL80211_CMD_NEW_SCAN_RESULTS) received for wlan0
06-03 16:51:04.174 D/wpa_supplicant(  979): wlan0: nl80211: New scan results available
06-03 16:51:04.174 D/wpa_supplicant(  979): wlan0: Event SCAN_RESULTS (3) received
06-03 16:51:04.174 D/wpa_supplicant(  979): nl80211: Associated on 2412 MHz
06-03 16:51:04.174 D/wpa_supplicant(  979): nl80211: Associated with 9c:1c:12:aa:85:c2
06-03 16:51:04.174 D/wpa_supplicant(  979): nl80211: Received scan results (34 BSSes)
06-03 16:51:04.174 D/wpa_supplicant(  979): nl80211: Survey data missing
06-03 16:51:04.174 D/wpa_supplicant(  979): nl80211: Scan results indicate BSS status with 9c:1c:12:aa:85:c2 as associated
06-03 16:51:04.174 D/wpa_supplicant(  979): wlan0: BSS: Start scan result update 5
06-03 16:51:04.174 D/wpa_supplicant(  979): wlan0: BSS: Add new id 43 BSSID 60:bb:0c:2a:51:c8 SSID 'ChinaNet-nv'
06-03 16:51:04.175 D/wpa_supplicant(  979): wlan0: BSS: Add new id 44 BSSID 02:04:4b:1e:12:d6 SSID 'DIRECT-'
06-03 16:51:04.175 D/wpa_supplicant(  979): wlan0: BSS: Add new id 45 BSSID 02:90:4c:05:81:c0 SSID 'DIRECT-'
06-03 16:51:04.175 D/wpa_supplicant(  979): wlan0: BSS: Remove id 30 BSSID 00:24:6c:21:6d:c2 SSID 'NV_VISITOR' due to no match in scan
06-03 16:51:04.175 D/wpa_supplicant(  979): wlan0: BSS: Remove id 29 BSSID 00:24:6c:21:52:e0 SSID 'nvwrls2' due to no match in scan
06-03 16:51:04.175 D/wpa_supplicant(  979): wlan0: BSS: Remove id 31 BSSID 00:24:6c:21:52:e1 SSID 'nvtestwireless' due to no match in scan
06-03 16:51:04.175 D/wpa_supplicant(  979): wlan0: BSS: Remove id 34 BSSID 20:e5:2a:12:27:88 SSID 'NETGEAR4_2.4G' due to no match in scan
06-03 16:51:04.175 D/wpa_supplicant(  979): BSS: last_scan_res_used=34/64 last_scan_full=0
06-03 16:51:04.175 D/wpa_supplicant(  979): wlan0: Scan-only results received
06-03 16:51:04.175 D/wpa_supplicant(  979): wlan0: P2P: Station mode scan operation not pending anymore (sta_scan_pending=0 p2p_cb_on_scan_complete=0)
06-03 16:51:04.176 D/wpa_supplicant(  979): wlan0: Control interface command 'BSS RANGE=0- MASK=0x21987'
06-03 16:51:04.177 D/wpa_supplicant(  979): wlan0: Control interface command 'BSS RANGE=43- MASK=0x21987'
06-03 16:51:04.190 W/BroadcastQueue(  904): Unable to launch app com.fone.player/10155 for broadcast Intent { act=android.net.wifi.SCAN_RESULTS flg=0x4000010 }: process is not permitted to autostart
06-03 16:51:04.306 D/dalvikvm( 3625): GC_CONCURRENT freed 518K, 22% free 7081K/8988K, paused 2ms+1ms, total 11ms
06-03 16:51:04.306 D/dalvikvm( 3625): WAIT_FOR_CONCURRENT_GC blocked 3ms
06-03 16:51:04.635 I/phs     (  213): Switching governors for usecases: '(none)'
06-03 16:51:04.685 D/dalvikvm( 3625): GC_CONCURRENT freed 433K, 19% free 7294K/8988K, paused 2ms+17ms, total 72ms
06-03 16:51:04.707 D/dalvikvm(  904): GC_EXPLICIT freed 941K, 19% free 21017K/25840K, paused 1ms+7ms, total 82ms
06-03 16:51:04.914 D/dalvikvm( 3625): GC_CONCURRENT freed 614K, 22% free 7086K/8988K, paused 2ms+2ms, total 23ms
06-03 16:51:05.042 D/dalvikvm( 3625): GC_CONCURRENT freed 432K, 22% free 7089K/8988K, paused 2ms+2ms, total 14ms
06-03 16:51:05.218 D/dalvikvm( 3625): GC_CONCURRENT freed 384K, 22% free 7090K/8988K, paused 2ms+1ms, total 10ms
06-03 16:51:05.242 D/dalvikvm( 3625): GC_CONCURRENT freed 382K, 22% free 7091K/8988K, paused 2ms+0ms, total 10ms
06-03 16:51:05.276 D/dalvikvm( 3625): GC_CONCURRENT freed 389K, 22% free 7095K/8988K, paused 2ms+2ms, total 12ms
06-03 16:51:05.436 D/dalvikvm( 3625): GC_CONCURRENT freed 386K, 22% free 7093K/8988K, paused 1ms+1ms, total 10ms
06-03 16:51:05.443 W/ContextImpl(  904): Calling a method in the system process without a qualified user: android.app.ContextImpl.sendBroadcast:1123 com.android.internal.policy.impl.BaseMiuiPhoneWindowManager.interceptKeyBeforeQueueing:500 com.android.server.wm.InputMonitor.interceptKeyBeforeQueueing:393 com.android.server.input.InputManagerService.interceptKeyBeforeQueueing:1710 dalvik.system.NativeStart.run:-2 
06-03 16:51:05.620 I/PowerManagerService(  904): Going to sleep by user request...
06-03 16:51:05.636 D/dalvikvm( 3625): GC_CONCURRENT freed 405K, 22% free 7099K/8988K, paused 1ms+2ms, total 12ms
06-03 16:51:05.689 D/SensorHAL(  904): isl29035: power-off.
06-03 16:51:05.715 I/phs     (  213): Switching governors for usecases: 'graphics'
06-03 16:51:05.716 D/phs:tbc (  213): successfully probed zone cpu trip 84000
06-03 16:51:05.716 D/phs:tbc (  213): successfully probed zone ext trip 47000
06-03 16:51:05.716 I/phs:tbc (  213): Stored ext trip 47000 backed off to 49001
06-03 16:51:05.787 I/phs     (  213): Switching governors for usecases: '(none)'
06-03 16:51:05.921 D/wpa_supplicant(  979): wlan0: Control interface command 'SIGNAL_POLL'
06-03 16:51:05.931 D/wpa_supplicant(  979): nl80211: survey data missing!
06-03 16:51:05.954 D/dalvikvm( 3625): GC_CONCURRENT freed 454K, 21% free 7101K/8988K, paused 2ms+2ms, total 21ms
06-03 16:51:05.978 I/phs     (  213): Switching governors for usecases: 'graphics'
06-03 16:51:05.982 D/phs:tbc (  213): successfully probed zone cpu trip 84000
06-03 16:51:05.983 D/phs:tbc (  213): successfully probed zone ext trip 47000
06-03 16:51:05.983 I/phs:tbc (  213): Stored ext trip 47000 backed off to 49001
06-03 16:51:06.015 I/phs     (  213): Switching governors for usecases: '(none)'
06-03 16:51:06.078 I/phs     (  213): Switching governors for usecases: 'graphics'
06-03 16:51:06.082 D/phs:tbc (  213): successfully probed zone cpu trip 84000
06-03 16:51:06.083 D/phs:tbc (  213): successfully probed zone ext trip 47000
06-03 16:51:06.084 I/phs:tbc (  213): Stored ext trip 47000 backed off to 49001
06-03 16:51:06.115 I/phs     (  213): Switching governors for usecases: '(none)'
06-03 16:51:06.180 I/phs     (  213): Switching governors for usecases: 'graphics'
06-03 16:51:06.181 D/phs:tbc (  213): successfully probed zone cpu trip 84000
06-03 16:51:06.183 D/phs:tbc (  213): successfully probed zone ext trip 47000
06-03 16:51:06.183 I/phs:tbc (  213): Stored ext trip 47000 backed off to 49001
06-03 16:51:06.216 I/phs     (  213): Switching governors for usecases: '(none)'
06-03 16:51:06.268 I/phs     (  213): Switching governors for usecases: 'graphics'
06-03 16:51:06.269 D/phs:tbc (  213): successfully probed zone cpu trip 84000
06-03 16:51:06.270 D/phs:tbc (  213): successfully probed zone ext trip 47000
06-03 16:51:06.270 I/phs:tbc (  213): Stored ext trip 47000 backed off to 49001
06-03 16:51:06.312 D/dalvikvm( 3625): GC_CONCURRENT freed 513K, 22% free 7099K/8988K, paused 2ms+1ms, total 13ms
06-03 16:51:06.312 D/dalvikvm( 3625): WAIT_FOR_CONCURRENT_GC blocked 5ms
06-03 16:51:06.315 I/phs     (  213): Switching governors for usecases: '(none)'
06-03 16:51:06.331 D/AbstractScreenOnProximityLock(  904): try to release
06-03 16:51:06.334 D/SurfaceFlinger(  199): Screen released, type=0 flinger=0xb7696450
06-03 16:51:06.334 D/hwcomposer(  199): hwc_blank: display 0: blank
06-03 16:51:06.334 D/hwcomposer(  199): hwc_blank_display: display 0: [0 -> 1]
06-03 16:51:06.334 D/hwcomposer(  199): dc_blank: display 0, [0 -> 1]
06-03 16:51:06.344 E/WifiController(  904): Not handled here 155651
06-03 16:51:06.346 V/nvaudio_hw(  202): nvaudio_dev_set_parameters : screen_state=off
06-03 16:51:06.348 V/legacy_audio_policy_hal(  202): audio_io_handle_t android_audio_legacy::ap_get_output(audio_policy*, audio_stream_type_t, uint32_t, audio_format_t, audio_channel_mask_t, audio_output_flags_t, const audio_offload_info_t*): tid 937
06-03 16:51:06.348 V/NvAudioPolicyManager(  202): getOutput() stream 1, samplingRate 0, format 0, channelMask 3, flags 0
06-03 16:51:06.348 V/NvAudioPolicyManager(  202): getOutput() returns output 2
06-03 16:51:06.349 V/legacy_audio_policy_hal(  202): audio_io_handle_t android_audio_legacy::ap_get_output(audio_policy*, audio_stream_type_t, uint32_t, audio_format_t, audio_channel_mask_t, audio_output_flags_t, const audio_offload_info_t*): tid 202
06-03 16:51:06.349 V/NvAudioPolicyManager(  202): getOutput() stream 1, samplingRate 0, format 0, channelMask 3, flags 0
06-03 16:51:06.349 V/NvAudioPolicyManager(  202): getOutput() returns output 2
06-03 16:51:06.349 D/wpa_supplicant(  979): wlan0: Control interface command 'DRIVER SETSUSPENDMODE 1'
06-03 16:51:06.349 V/legacy_audio_policy_hal(  202): audio_io_handle_t android_audio_legacy::ap_get_output(audio_policy*, audio_stream_type_t, uint32_t, audio_format_t, audio_channel_mask_t, audio_output_flags_t, const audio_offload_info_t*): tid 936
06-03 16:51:06.349 V/NvAudioPolicyManager(  202): getOutput() stream 1, samplingRate 0, format 0, channelMask 3, flags 0
06-03 16:51:06.349 V/NvAudioPolicyManager(  202): getOutput() returns output 2
06-03 16:51:06.349 V/legacy_audio_policy_hal(  202): audio_io_handle_t android_audio_legacy::ap_get_output(audio_policy*, audio_stream_type_t, uint32_t, audio_format_t, audio_channel_mask_t, audio_output_flags_t, const audio_offload_info_t*): tid 937
06-03 16:51:06.349 V/NvAudioPolicyManager(  202): getOutput() stream 1, samplingRate 44100, format 1, channelMask 1, flags 0
06-03 16:51:06.349 V/NvAudioPolicyManager(  202): getOutput() returns output 2
06-03 16:51:06.350 V/NvAudioPolicyManager(  202): startOutput() output 2, stream 1, session 32
06-03 16:51:06.350 V/AudioPolicyManagerBase(  202): changeRefCount() stream 1, count 1
06-03 16:51:06.350 V/NvAudioPolicyManager(  202): getNewDevice() selected device 8
06-03 16:51:06.350 V/NvAudioPolicyManager(  202): setOutputDevice() output 2 device 0008 delayMs 0
06-03 16:51:06.350 V/NvAudioPolicyManager(  202): setOutputDevice() prevDevice 0008
06-03 16:51:06.350 V/NvAudioPolicyManager(  202): setOutputDevice() setting same device 0008 or null device for output 2
06-03 16:51:06.350 V/nvaudio_hw(  202): nvaudio_dev_set_parameters : nv_param_media_routing=8
06-03 16:51:06.350 V/nvaudio_hw(  202): Media is routed to :8
06-03 16:51:06.350 I/AudioFlinger(  202): setAppName(), name=[com.android.systemui], active=[1]
06-03 16:51:06.350 V/EffectDiracSound(  202): DiracSound_command() start, cmdCode=23
06-03 16:51:06.350 V/EffectDiracSound(  202): DiracSound_Command EFFECT_CMD_SET_APP_NAME: stream=1, name=+com.android.systemui
06-03 16:51:06.350 I/EffectDiracSound(  202): DiracSound_updateStreamVolume(), stream=1, volume=0.035029
06-03 16:51:06.352 V/nvaudio_hw(  202): open_out_alsa_dev
06-03 16:51:06.352 V/nvaudio_hw(  202): get_active_dev_rate : card 1 device 0
06-03 16:51:06.352 V/nvaudio_hw(  202): set_route : dev id 0 ref 1 devices 0x8 -> 0x8
06-03 16:51:06.352 V/nvaudio_hw(  202): Opened Alsa OUT device music with pcm_config
06-03 16:51:06.352 V/nvaudio_hw(  202):  channels 2
06-03 16:51:06.352 V/nvaudio_hw(  202):  rate 48000
06-03 16:51:06.352 V/nvaudio_hw(  202):  format 0
06-03 16:51:06.352 V/nvaudio_hw(  202):  period_size 1024
06-03 16:51:06.352 V/nvaudio_hw(  202):  period_count 4
06-03 16:51:06.352 V/nvaudio_hw(  202):  start_threshold 4095
06-03 16:51:06.352 V/nvaudio_hw(  202):  stop_threshold 4096 
06-03 16:51:06.352 V/nvaudio_hw(  202): silence_threshold 0
06-03 16:51:06.352 V/nvaudio_hw(  202):  avail_min 1
06-03 16:51:06.352 V/nvaudio_hw(  202): set_out_resampler : quality 4
06-03 16:51:06.352 V/nvaudio_hw(  202): No resampler required
06-03 16:51:06.352 V/nvaudio_hw(  202): set_current_route : dev id 0
06-03 16:51:06.352 V/nvaudio_hw(  202): set_route_by_array: mode 0 srate 48000 tags 
06-03 16:51:06.352 V/nvaudio_hw(  202): set_route_by_array: mode 0 srate 48000 tags 
06-03 16:51:06.352 V/nvaudio_hw(  202): Set 'DAC L2 Mux' to 'IF1 DAC' mode = 0 r->mode = 0
06-03 16:51:06.352 V/nvaudio_hw(  202): Set 'DAC R2 Mux' to 'IF1 DAC' mode = 0 r->mode = 0
06-03 16:51:06.352 V/nvaudio_hw(  202): Set 'DA MONOL ASRC Switch' to 'clk_sysy_div_out' mode = 0 r->mode = 0
06-03 16:51:06.352 V/nvaudio_hw(  202): Set 'DA MONOR ASRC Switch' to 'clk_sysy_div_out' mode = 0 r->mode = 0
06-03 16:51:06.352 V/nvaudio_hw(  202): Set 'DAC2 Playback Volume' to 167 mode = 0 r->mode = 0 srate = 48000 r->srate = 0 
06-03 16:51:06.352 V/nvaudio_hw(  202): Set 'DAC2 Playback Volume' to 167 mode = 0 r->mode = 0 srate = 48000 r->srate = 0 
06-03 16:51:06.352 V/nvaudio_hw(  202): Set 'Stereo DAC MIXL DAC L2 Switch' to 1 mode = 0 r->mode = -2 srate = 48000 r->srate = 0 
06-03 16:51:06.352 V/nvaudio_hw(  202): Set 'Stereo DAC MIXR DAC R2 Switch' to 1 mode = 0 r->mode = -2 srate = 48000 r->srate = 0 
06-03 16:51:06.352 V/nvaudio_hw(  202): Set 'HPO MIX DAC1 Switch' to 1 mode = 0 r->mode = -2 srate = 48000 r->srate = 0 
06-03 16:51:06.353 V/nvaudio_hw(  202): Set 'Headphone Jack Switch' to 1 mode = 0 r->mode = -2 srate = 48000 r->srate = 0 
06-03 16:51:06.353 V/nvaudio_hw(  202): send_at_cmd_by_list: type 0
06-03 16:51:06.353 V/AudioPolicyManagerBase(  202): releaseOutput() 2
06-03 16:51:06.358 D/wpa_supplicant(  979): wpa_driver_nl80211_driver_cmd  len = 0, 0
06-03 16:51:06.361 V/LockPatternKeyguardView(  980): Set visibility on com.android.keyguard.MiuiLockPatternKeyguardView$4@428e5918 to 0
06-03 16:51:06.458 I/dalvikvm-heap(  980): Grow heap (frag case) to 75.882MB for 12582928-byte allocation
06-03 16:51:06.495 D/dalvikvm(  980): GC_CONCURRENT freed 17245K, 39% free 58396K/94268K, paused 2ms+4ms, total 36ms
06-03 16:51:06.548 D/dalvikvm( 3625): GC_CONCURRENT freed 611K, 21% free 7105K/8988K, paused 2ms+2ms, total 13ms
06-03 16:51:06.726 D/SurfaceControl(  904): Excessive delay in blankDisplay() while turning screen off: 392ms
06-03 16:51:06.728 I/powerHAL::common(  904): Disabling input device:4
06-03 16:51:06.875 D/dalvikvm( 3625): GC_CONCURRENT freed 510K, 21% free 7107K/8988K, paused 1ms+0ms, total 10ms
06-03 16:51:06.875 D/dalvikvm( 3625): WAIT_FOR_CONCURRENT_GC blocked 2ms
06-03 16:51:07.044 D/dalvikvm( 3625): GC_CONCURRENT freed 511K, 21% free 7107K/8988K, paused 1ms+0ms, total 10ms
06-03 16:51:07.044 D/dalvikvm( 3625): WAIT_FOR_CONCURRENT_GC blocked 3ms
06-03 16:51:07.188 D/dalvikvm( 3625): GC_CONCURRENT freed 512K, 21% free 7107K/8988K, paused 1ms+1ms, total 11ms
06-03 16:51:07.188 D/dalvikvm( 3625): WAIT_FOR_CONCURRENT_GC blocked 3ms
06-03 16:51:07.356 I/AudioFlinger(  202): setAppName(), name=[com.android.systemui], active=[0]
06-03 16:51:07.356 V/EffectDiracSound(  202): DiracSound_command() start, cmdCode=23
06-03 16:51:07.356 V/EffectDiracSound(  202): DiracSound_Command EFFECT_CMD_SET_APP_NAME: stream=1, name=-com.android.systemui
06-03 16:51:07.356 I/EffectDiracSound(  202): DiracSound_updateStreamVolume(), stream=3, volume=0.088869
06-03 16:51:07.369 V/nvaudio_hw(  202): nvaudio_out_get_latency: latency 85 flags = 2 
06-03 16:51:07.380 V/nvaudio_hw(  202): nvaudio_out_get_latency: latency 85 flags = 2 
06-03 16:51:07.391 V/nvaudio_hw(  202): nvaudio_out_get_latency: latency 85 flags = 2 
06-03 16:51:07.402 V/nvaudio_hw(  202): nvaudio_out_get_latency: latency 85 flags = 2 
06-03 16:51:07.412 V/nvaudio_hw(  202): nvaudio_out_get_latency: latency 85 flags = 2 
06-03 16:51:07.422 V/nvaudio_hw(  202): nvaudio_out_get_latency: latency 85 flags = 2 
06-03 16:51:07.433 V/nvaudio_hw(  202): nvaudio_out_get_latency: latency 85 flags = 2 
06-03 16:51:07.444 V/nvaudio_hw(  202): nvaudio_out_get_latency: latency 85 flags = 2 
06-03 16:51:07.454 V/nvaudio_hw(  202): nvaudio_out_get_latency: latency 85 flags = 2 
06-03 16:51:07.465 V/nvaudio_hw(  202): nvaudio_out_standby
06-03 16:51:07.465 V/nvaudio_hw(  202): close_alsa_dev : active stream count 1
06-03 16:51:07.466 V/NvAudioPolicyManager(  202): stopOutput() output 2, stream 1, session 32
06-03 16:51:07.466 V/AudioPolicyManagerBase(  202): changeRefCount() stream 1, count 0
06-03 16:51:07.466 V/NvAudioPolicyManager(  202): getNewDevice() selected device 0
06-03 16:51:07.466 V/NvAudioPolicyManager(  202): setOutputDevice() output 2 device 0000 delayMs 170
06-03 16:51:07.466 V/NvAudioPolicyManager(  202): setOutputDevice() prevDevice 0008
06-03 16:51:07.466 V/NvAudioPolicyManager(  202): setOutputDevice() setting same device 0000 or null device for output 2
06-03 16:51:07.466 V/nvaudio_hw(  202): nvaudio_dev_set_parameters : nv_param_media_routing=8
06-03 16:51:07.466 V/nvaudio_hw(  202): Media is routed to :8
06-03 16:51:07.564 V/EffectDiracSound(  202): DiracSound_command() start, cmdCode=22
06-03 16:51:07.564 V/EffectDiracSound(  202): DiracSound_Command EFFECT_CMD_SET_AUDIO_STANDBY, current mode = 0
06-03 16:51:08.198 V/KeyguardViewManager(  980): KGVM: Set visibility on com.android.keyguard.AbstractKeyguardViewManager$KeyguardViewHost{41da2de8 G.E..... ......ID 0,0-2048,1536} to 33554432
06-03 16:51:08.205 I/Choreographer(  980): Skipped 105 frames!  The application may be doing too much work on its main thread.
06-03 16:51:08.214 I/ActivityManager(  904): Config changes=480 {1.0 ?mcc?mnc zh_CN ldltr sw768dp w768dp h999dp 320dpi xlrg port finger -keyb/v/h -nav/h s.8 themeChanged=0 themeChangedFlags=0}
06-03 16:51:08.235 I/InputReader(  904): Reconfiguring input devices.  changes=0x00000004
06-03 16:51:08.235 I/InputReader(  904): Device reconfigured: id=2, name='atmel-maxtouch', size 1536x2048, orientation 0, mode 1, display id 0
06-03 16:51:08.235 I/InputReader(  904): Setting mIIRLowPassFactor from property to 1.000000
06-03 16:51:08.235 I/InputReader(  904): Setting mPressureEBC from property to 0.000000
06-03 16:51:08.263 W/ActivityManager(  904): Unbind failed: could not find connection for android.os.BinderProxy@41edd838
06-03 16:51:08.277 D/PhoneStatusBar(  980): disable: 0x00000000 -> 0x03000010 (diff: 0x03000010)
06-03 16:51:08.277 D/PhoneStatusBar(  980): disable: < expand icons alerts ticker system_info back home RECENT* clock full >
06-03 16:51:08.278 D/PhoneStatusBar(  980): mStatusBarBackgroundNextLevel=3
06-03 16:51:08.278 D/PhoneStatusBar(  980): mStatusBarBackgroundNextLevel=3
06-03 16:51:08.304 I/RenderThread( 1208): Sleep for long time:9223372036854603282 ms
06-03 16:51:08.321 E/cutils  (  195): Failed to mkdirat(/storage/sdcard1/Android): Read-only file system
06-03 16:51:08.321 W/Vold    (  195): Returning OperationFailed - no handler for errno 30
06-03 16:51:08.323 W/ContextImpl( 3754): Failed to ensure directory: /storage/sdcard1/Android/obb/com.frozenbyte.Trine2
06-03 16:51:08.325 E/cutils  (  195): Failed to mkdirat(/storage/sdcard1/Android): Read-only file system
06-03 16:51:08.325 W/Vold    (  195): Returning OperationFailed - no handler for errno 30
06-03 16:51:08.326 W/ContextImpl( 3754): Failed to ensure directory: /storage/sdcard1/Android/obb/com.frozenbyte.Trine2
06-03 16:51:08.407 W/ContextImpl( 3754): Implicit intents with startService are not safe: Intent { act=com.nvidia.ControllerMapper.START_SERVICE } android.content.ContextWrapper.bindService:517 com.nvidia.ControllerMapper.MapperClient$ServiceClient.connect:587 com.nvidia.ControllerMapper.MapperClient.<init>:91 
06-03 16:51:08.407 W/ActivityManager(  904): Unable to start service Intent { act=com.nvidia.ControllerMapper.START_SERVICE } U=0: not found
06-03 16:51:08.457 D/PhoneStatusBar(  980): mStatusBarBackgroundNextLevel=3
06-03 16:51:08.457 D/PhoneStatusBar(  980): disable: 0x03000010 -> 0x03000010 (diff: 0x00000000)
06-03 16:51:08.457 D/PhoneStatusBar(  980): disable: < expand icons alerts ticker system_info back home RECENT clock full >
06-03 16:51:11.062 E/TLK_Daemon(  225): IOCTL_FILE_NEW_REQ returned 61
06-03 16:51:11.065 W/ContextImpl(  904): Calling a method in the system process without a qualified user: android.app.ContextImpl.sendBroadcast:1123 com.android.internal.policy.impl.BaseMiuiPhoneWindowManager.interceptKeyBeforeQueueing:500 com.android.server.wm.InputMonitor.interceptKeyBeforeQueueing:393 com.android.server.input.InputManagerService.interceptKeyBeforeQueueing:1710 dalvik.system.NativeStart.run:-2 
06-03 16:51:11.066 V/KeyguardServiceDelegate(  904): onScreenTurnedOn(showListener = com.android.internal.policy.impl.PhoneWindowManager$17@425dbbb8)
06-03 16:51:11.066 I/PowerManagerService(  904): Waking up from sleep...
06-03 16:51:11.093 E/WifiController(  904): Not handled here 155650
06-03 16:51:11.093 D/wpa_supplicant(  979): wlan0: Control interface command 'SIGNAL_POLL'
06-03 16:51:11.098 V/nvaudio_hw(  202): nvaudio_dev_set_parameters : screen_state=on
06-03 16:51:11.101 D/wpa_supplicant(  979): nl80211: survey data missing!
06-03 16:51:11.104 D/wpa_supplicant(  979): wlan0: Control interface command 'DRIVER SETSUSPENDMODE 0'
06-03 16:51:11.105 E/WifiController(  904): Not handled here 155652
06-03 16:51:11.105 D/WifiController(  904): battery changed pluggedType: 0
06-03 16:51:11.110 D/wpa_supplicant(  979): wpa_driver_nl80211_driver_cmd  len = 0, 0
06-03 16:51:11.147 V/KeyguardServiceDelegate(  904): **** SHOWN CALLED ****
06-03 16:51:11.147 I/WindowManager(  904): Lock screen displayed!
06-03 16:51:11.172 D/SensorHAL(  904): isl29035: power-on.
06-03 16:51:11.173 I/powerHAL::common(  904): Enabling input device:4
06-03 16:51:11.173 D/SurfaceFlinger(  199): Screen acquired, type=0 flinger=0xb7696450
06-03 16:51:11.173 D/hwcomposer(  199): hwc_blank: display 0: unblank
06-03 16:51:11.173 D/hwcomposer(  199): hwc_blank_display: display 0: [1 -> 0]
06-03 16:51:11.173 D/hwcomposer(  199): Display 0 layer clip is 1536 x 2048
06-03 16:51:11.173 D/hwcomposer(  199): Display 0 device clip is 1536 x 2048
06-03 16:51:11.173 D/hwcomposer(  199): dc_blank: display 0, [1 -> 0]
06-03 16:51:11.178 D/wpa_supplicant(  979): wlan0: Control interface command 'SCAN TYPE=ONLY'
06-03 16:51:11.178 D/wpa_supplicant(  979): wlan0: Setting scan request: 0 sec 0 usec
06-03 16:51:11.178 D/wpa_supplicant(  979): Scan SSID - hexdump(len=12): 4e 45 54 47 45 41 52 2d 57 54 58 47
06-03 16:51:11.178 D/wpa_supplicant(  979): wlan0: Starting AP scan for wildcard SSID
06-03 16:51:11.178 D/wpa_supplicant(  979): P2P: * Listen Channel: Regulatory Class 81 Channel 11
06-03 16:51:11.178 D/wpa_supplicant(  979): wlan0: nl80211: scan request
06-03 16:51:11.181 W/Settings( 3497): Setting android_id has moved from android.provider.Settings.System to android.provider.Settings.Secure, returning read-only value.
06-03 16:51:11.183 W/Settings( 3480): Setting android_id has moved from android.provider.Settings.System to android.provider.Settings.Secure, returning read-only value.
06-03 16:51:11.186 D/wpa_supplicant(  979): Scan requested (ret=0) - scan timeout 30 seconds
06-03 16:51:11.186 D/wpa_supplicant(  979): nl80211: Drv Event 33 (NL80211_CMD_TRIGGER_SCAN) received for wlan0
06-03 16:51:11.186 D/wpa_supplicant(  979): wlan0: nl80211: Scan trigger
06-03 16:51:11.509 I/phs     (  213): Switching governors for usecases: 'graphics'
06-03 16:51:11.511 D/phs:tbc (  213): successfully probed zone cpu trip 84000
06-03 16:51:11.511 D/phs:tbc (  213): successfully probed zone ext trip 47000
06-03 16:51:11.511 I/phs:tbc (  213): Stored ext trip 47000 backed off to 49001
06-03 16:51:11.527 D/SurfaceControl(  904): Excessive delay in unblankDisplay() while turning screen on: 353ms
06-03 16:51:11.565 I/phs     (  213): Switching governors for usecases: '(none)'
06-03 16:51:11.617 D/dalvikvm( 3625): GC_CONCURRENT freed 390K, 21% free 7101K/8988K, paused 2ms+1ms, total 11ms
06-03 16:51:11.782 D/dalvikvm(  980): GC_EXPLICIT freed 12700K, 34% free 46132K/69692K, paused 34ms+15ms, total 91ms
06-03 16:51:11.975 D/dalvikvm( 3625): GC_CONCURRENT freed 409K, 21% free 7104K/8988K, paused 2ms+2ms, total 18ms
06-03 16:51:12.176 D/dalvikvm( 3625): GC_CONCURRENT freed 509K, 21% free 7107K/8988K, paused 0ms+1ms, total 12ms
06-03 16:51:12.176 D/dalvikvm( 3625): WAIT_FOR_CONCURRENT_GC blocked 5ms
06-03 16:51:12.233 I/dalvikvm-heap( 3497): Grow heap (frag case) to 8.125MB for 342744-byte allocation
06-03 16:51:12.255 D/dalvikvm( 3497): GC_CONCURRENT freed 318K, 37% free 7459K/11656K, paused 3ms+2ms, total 22ms
06-03 16:51:12.414 D/dalvikvm( 3625): GC_CONCURRENT freed 512K, 21% free 7106K/8988K, paused 2ms+1ms, total 11ms
06-03 16:51:12.414 D/dalvikvm( 3625): WAIT_FOR_CONCURRENT_GC blocked 3ms
06-03 16:51:13.085 D/dalvikvm( 3625): GC_CONCURRENT freed 509K, 21% free 7108K/8988K, paused 1ms+3ms, total 16ms
06-03 16:51:13.085 D/dalvikvm( 3625): WAIT_FOR_CONCURRENT_GC blocked 7ms
06-03 16:51:13.261 W/ContextImpl(  980): Calling a method in the system process without a qualified user: android.app.ContextImpl.sendBroadcast:1123 android.content.ContextWrapper.sendBroadcast:365 android.content.ContextWrapper.sendBroadcast:365 com.android.keyguard.MiuiLockPatternKeyguardView$3.keyguardDone:498 com.android.keyguard.MiuiLockPatternKeyguardView$3.goToUnlockScreen:364 
