06-03 16:54:21.384 V/AudioPolicyManagerBase(  202): checkOutputsForDevice(): adding profile 4 from module 0
06-03 16:54:21.384 V/NvAudioPolicyManager(  202): setDeviceConnectionState() checkOutputsForDevice() returned 1 outputs
06-03 16:54:21.384 V/nvaudio_hw(  202): nvaudio_dev_set_parameters : nv_param_dev_available=14
06-03 16:54:21.384 V/nvaudio_hw(  202): Device available = e
06-03 16:54:21.385 V/NvAudioPolicyManager(  202): getNewDevice() selected device 0
06-03 16:54:21.385 V/NvAudioPolicyManager(  202): setOutputDevice() output 2 device 0000 delayMs 0
06-03 16:54:21.385 V/NvAudioPolicyManager(  202): setOutputDevice() prevDevice 0008
06-03 16:54:21.385 V/NvAudioPolicyManager(  202): setOutputDevice() changing device
06-03 16:54:21.399 V/nvaudio_hw(  202): nvaudio_out_set_parameters: routing=0
06-03 16:54:21.399 V/nvaudio_hw(  202): Switch audio to device :0x8 -> 0x0 stream 2
06-03 16:54:21.399 V/EffectDiracSound(  202): DiracSound_command() start, cmdCode=24
06-03 16:54:21.399 V/EffectDiracSound(  202): DiracSound_Command EFFECT_CMD_SET_STREAM_VOLUME: stream=0, valume=0x1000000
06-03 16:54:21.399 V/EffectDiracSound(  202): stream volume = 1.000000
06-03 16:54:21.399 V/nvaudio_hw(  202): nvaudio_dev_set_voice_volume : vol 1.000000
06-03 16:54:21.399 V/EffectDiracSound(  202): DiracSound_command() start, cmdCode=24
06-03 16:54:21.399 V/EffectDiracSound(  202): DiracSound_Command EFFECT_CMD_SET_STREAM_VOLUME: stream=1, valume=0x0
06-03 16:54:21.399 V/EffectDiracSound(  202): stream volume = 0.000000
06-03 16:54:21.399 V/NvAudioPolicyManager(  202): computeVolume limiting volume to 0.088869 musicVol 0.088869
06-03 16:54:21.399 V/EffectDiracSound(  202): DiracSound_command() start, cmdCode=24
06-03 16:54:21.399 V/EffectDiracSound(  202): DiracSound_Command EFFECT_CMD_SET_STREAM_VOLUME: stream=2, valume=0x16c025
06-03 16:54:21.399 V/EffectDiracSound(  202): stream volume = 0.088869
06-03 16:54:21.399 V/EffectDiracSound(  202): DiracSound_command() start, cmdCode=24
06-03 16:54:21.399 V/EffectDiracSound(  202): DiracSound_Command EFFECT_CMD_SET_STREAM_VOLUME: stream=3, valume=0x0
06-03 16:54:21.399 V/EffectDiracSound(  202): stream volume = 0.000000
06-03 16:54:21.399 I/EffectDiracSound(  202): DiracSound_updateStreamVolume(), stream=3, volume=0.000000
06-03 16:54:21.400 V/NvAudioPolicyManager(  202): computeVolume limiting volume to 0.088869 musicVol 0.088869
06-03 16:54:21.400 V/EffectDiracSound(  202): DiracSound_command() start, cmdCode=24
06-03 16:54:21.400 V/EffectDiracSound(  202): DiracSound_Command EFFECT_CMD_SET_STREAM_VOLUME: stream=4, valume=0x16c025
06-03 16:54:21.400 V/EffectDiracSound(  202): stream volume = 0.088869
06-03 16:54:21.400 V/NvAudioPolicyManager(  202): computeVolume limiting volume to 0.088869 musicVol 0.088869
06-03 16:54:21.400 V/EffectDiracSound(  202): DiracSound_command() start, cmdCode=24
06-03 16:54:21.400 V/EffectDiracSound(  202): DiracSound_Command EFFECT_CMD_SET_STREAM_VOLUME: stream=5, valume=0x16c025
06-03 16:54:21.400 V/EffectDiracSound(  202): stream volume = 0.088869
06-03 16:54:21.400 V/NvAudioPolicyManager(  202): checkAndSetVolume() cannot set stream 6 volume with force use = 0 for comm
06-03 16:54:21.400 V/EffectDiracSound(  202): DiracSound_command() start, cmdCode=24
06-03 16:54:21.400 V/EffectDiracSound(  202): DiracSound_Command EFFECT_CMD_SET_STREAM_VOLUME: stream=7, valume=0x0
06-03 16:54:21.400 V/EffectDiracSound(  202): stream volume = 0.000000
06-03 16:54:21.400 V/EffectDiracSound(  202): DiracSound_command() start, cmdCode=24
06-03 16:54:21.400 V/EffectDiracSound(  202): DiracSound_Command EFFECT_CMD_SET_STREAM_VOLUME: stream=8, valume=0x0
06-03 16:54:21.400 V/EffectDiracSound(  202): stream volume = 0.000000
06-03 16:54:21.400 V/EffectDiracSound(  202): DiracSound_command() start, cmdCode=24
06-03 16:54:21.400 V/EffectDiracSound(  202): DiracSound_Command EFFECT_CMD_SET_STREAM_VOLUME: stream=9, valume=0x0
06-03 16:54:21.400 V/EffectDiracSound(  202): stream volume = 0.000000
06-03 16:54:21.400 V/nvaudio_hw(  202): nvaudio_dev_set_parameters : nv_param_media_routing=8
06-03 16:54:21.400 V/nvaudio_hw(  202): Media is routed to :8
06-03 16:54:21.401 V/NvAudioPolicyManager(  202): setForceUse() usage 1, config 10, mPhoneState 0
06-03 16:54:21.401 V/NvAudioPolicyManager(  202): getNewDevice() selected device 0
06-03 16:54:21.401 V/NvAudioPolicyManager(  202): setOutputDevice() output 2 device 0000 delayMs 0
06-03 16:54:21.401 V/NvAudioPolicyManager(  202): setOutputDevice() prevDevice 0008
06-03 16:54:21.401 V/NvAudioPolicyManager(  202): setOutputDevice() setting same device 0000 or null device for output 2
06-03 16:54:21.401 V/nvaudio_hw(  202): nvaudio_dev_set_parameters : nv_param_media_routing=8
06-03 16:54:21.401 V/nvaudio_hw(  202): Media is routed to :8
06-03 16:54:21.402 W/BroadcastQueue(  904): Unable to launch app com.tencent.qqmusic/10090 for broadcast Intent { act=android.media.AUDIO_BECOMING_NOISY flg=0x10 }: process is not permitted to autostart
06-03 16:54:21.411 D/wpa_supplicant(  979): wlan0: Control interface command 'SIGNAL_POLL'
06-03 16:54:21.411 E/WifiController(  904): Not handled here 155652
06-03 16:54:21.411 D/WifiController(  904): battery changed pluggedType: 0
06-03 16:54:21.415 E/WifiController(  904): Not handled here 155650
06-03 16:54:21.417 V/nvaudio_hw(  202): nvaudio_dev_set_parameters : screen_state=on
06-03 16:54:21.419 D/wpa_supplicant(  979): nl80211: survey data missing!
06-03 16:54:21.419 D/wpa_supplicant(  979): wlan0: BSS: Remove id 0 BSSID 20:4e:7f:0b:7b:10 SSID 'mywifi' due to wpa_bss_flush_by_age
06-03 16:54:21.419 D/wpa_supplicant(  979): wlan0: BSS: Remove id 1 BSSID 20:4e:7f:0b:7b:0f SSID 'NETGEAR-5G' due to wpa_bss_flush_by_age
06-03 16:54:21.419 D/wpa_supplicant(  979): wlan0: BSS: Remove id 5 BSSID 9c:1c:12:aa:85:c0 SSID 'nvwrls2' due to wpa_bss_flush_by_age
06-03 16:54:21.419 D/wpa_supplicant(  979): wlan0: BSS: Remove id 6 BSSID 9c:1c:12:aa:85:c1 SSID 'nvtestwireless' due to wpa_bss_flush_by_age
06-03 16:54:21.419 D/wpa_supplicant(  979): wlan0: BSS: Remove id 2 BSSID 00:24:6c:21:6c:f9 SSID 'nvtestwireless' due to wpa_bss_flush_by_age
06-03 16:54:21.419 D/wpa_supplicant(  979): wlan0: BSS: Remove id 43 BSSID 60:bb:0c:2a:51:c8 SSID 'ChinaNet-nv' due to wpa_bss_flush_by_age
06-03 16:54:21.419 D/wpa_supplicant(  979): wlan0: BSS: Remove id 3 BSSID 00:24:6c:21:6c:f8 SSID 'nvwrls2' due to wpa_bss_flush_by_age
06-03 16:54:21.419 D/wpa_supplicant(  979): wlan0: BSS: Remove id 7 BSSID 00:24:6c:21:6c:fb SSID 'NV_Shield' due to wpa_bss_flush_by_age
06-03 16:54:21.419 D/wpa_supplicant(  979): wlan0: BSS: Remove id 4 BSSID 00:24:6c:21:6c:fa SSID 'NV_VISITOR' due to wpa_bss_flush_by_age
06-03 16:54:21.419 D/wpa_supplicant(  979): wlan0: BSS: Remove id 9 BSSID 8c:be:be:1e:63:4e SSID 'Xiaomi_MISUN' due to wpa_bss_flush_by_age
06-03 16:54:21.419 D/wpa_supplicant(  979): wlan0: BSS: Remove id 23 BSSID 00:24:6c:21:6c:49 SSID 'nvtestwireless' due to wpa_bss_flush_by_age
06-03 16:54:21.419 D/wpa_supplicant(  979): wlan0: BSS: Remove id 25 BSSID 00:24:6c:21:6c:4a SSID 'NV_VISITOR' due to wpa_bss_flush_by_age
06-03 16:54:21.419 D/wpa_supplicant(  979): wlan0: BSS: Remove id 24 BSSID 00:24:6c:21:6c:4b SSID 'NV_Shield' due to wpa_bss_flush_by_age
06-03 16:54:21.419 D/wpa_supplicant(  979): wlan0: BSS: Remove id 22 BSSID 00:24:6c:21:6c:48 SSID 'nvwrls2' due to wpa_bss_flush_by_age
06-03 16:54:21.419 D/wpa_supplicant(  979): wlan0: BSS: Remove id 46 BSSID 00:24:6c:21:6d:c0 SSID 'nvwrls2' due to wpa_bss_flush_by_age
06-03 16:54:21.419 D/wpa_supplicant(  979): wlan0: BSS: Remove id 36 BSSID 00:24:6c:21:6d:ca SSID 'NV_VISITOR' due to wpa_bss_flush_by_age
06-03 16:54:21.419 D/wpa_supplicant(  979): wlan0: BSS: Remove id 37 BSSID 00:24:6c:21:6d:c9 SSID 'nvtestwireless' due to wpa_bss_flush_by_age
06-03 16:54:21.419 D/wpa_supplicant(  979): wlan0: BSS: Remove id 40 BSSID 00:24:6c:21:6d:cb SSID 'NV_Shield' due to wpa_bss_flush_by_age
06-03 16:54:21.420 D/wpa_supplicant(  979): wlan0: BSS: Remove id 39 BSSID 00:24:6c:21:6d:c8 SSID 'nvwrls2' due to wpa_bss_flush_by_age
06-03 16:54:21.420 D/wpa_supplicant(  979): wlan0: BSS: Remove id 35 BSSID 08:11:96:fb:c5:69 SSID 'LiebaoFree975' due to wpa_bss_flush_by_age
06-03 16:54:21.420 D/wpa_supplicant(  979): wlan0: BSS: Remove id 15 BSSID 9c:1c:12:aa:85:d2 SSID 'NV_VISITOR' due to wpa_bss_flush_by_age
06-03 16:54:21.420 D/wpa_supplicant(  979): wlan0: BSS: Remove id 16 BSSID 9c:1c:12:aa:85:d1 SSID 'nvtestwireless' due to wpa_bss_flush_by_age
06-03 16:54:21.420 D/wpa_supplicant(  979): wlan0: BSS: Remove id 13 BSSID 9c:1c:12:aa:85:d0 SSID 'nvwrls2' due to wpa_bss_flush_by_age
06-03 16:54:21.420 D/wpa_supplicant(  979): wlan0: BSS: Remove id 14 BSSID 9c:1c:12:aa:85:d3 SSID 'NV_Shield' due to wpa_bss_flush_by_age
06-03 16:54:21.420 D/wpa_supplicant(  979): wlan0: BSS: Remove id 41 BSSID 02:90:4c:c5:92:38 SSID 'DIRECT-Bi-Android_213c' due to wpa_bss_flush_by_age
06-03 16:54:21.422 D/wpa_supplicant(  979): wlan0: Control interface command 'DRIVER SETSUSPENDMODE 0'
06-03 16:54:21.427 D/wpa_supplicant(  979): wpa_driver_nl80211_driver_cmd  len = 0, 0
06-03 16:54:21.445 V/KeyguardServiceDelegate(  904): **** SHOWN CALLED ****
06-03 16:54:21.445 I/WindowManager(  904): Lock screen displayed!
06-03 16:54:21.481 D/SensorHAL(  904): isl29035: power-on.
06-03 16:54:21.482 I/powerHAL::common(  904): Enabling input device:4
06-03 16:54:21.482 D/SurfaceFlinger(  199): Screen acquired, type=0 flinger=0xb7696450
06-03 16:54:21.483 D/hwcomposer(  199): hwc_blank: display 0: unblank
06-03 16:54:21.483 D/hwcomposer(  199): hwc_blank_display: display 0: [1 -> 0]
06-03 16:54:21.483 D/hwcomposer(  199): Display 0 layer clip is 1536 x 2048
06-03 16:54:21.483 D/hwcomposer(  199): Display 0 device clip is 1536 x 2048
06-03 16:54:21.483 D/hwcomposer(  199): dc_blank: display 0, [1 -> 0]
06-03 16:54:21.505 D/wpa_supplicant(  979): wlan0: Control interface command 'SCAN TYPE=ONLY'
06-03 16:54:21.505 D/wpa_supplicant(  979): wlan0: Setting scan request: 0 sec 0 usec
06-03 16:54:21.505 D/wpa_supplicant(  979): Scan SSID - hexdump(len=12): 4e 45 54 47 45 41 52 2d 57 54 58 47
06-03 16:54:21.505 D/wpa_supplicant(  979): wlan0: Starting AP scan for wildcard SSID
06-03 16:54:21.505 D/wpa_supplicant(  979): P2P: * Listen Channel: Regulatory Class 81 Channel 11
06-03 16:54:21.505 D/wpa_supplicant(  979): wlan0: nl80211: scan request
06-03 16:54:21.514 D/wpa_supplicant(  979): Scan requested (ret=0) - scan timeout 30 seconds
06-03 16:54:21.514 D/wpa_supplicant(  979): nl80211: Drv Event 33 (NL80211_CMD_TRIGGER_SCAN) received for wlan0
06-03 16:54:21.514 D/wpa_supplicant(  979): wlan0: nl80211: Scan trigger
06-03 16:54:21.526 W/Settings( 3497): Setting android_id has moved from android.provider.Settings.System to android.provider.Settings.Secure, returning read-only value.
06-03 16:54:21.568 I/DEBUG   (  198):     r0 41d92448  r1 41746540  r2 41743890  r3 00000111
06-03 16:54:21.568 I/DEBUG   (  198):     r4 828e8f28  r5 78cfd828  r6 00000000  r7 67e292b0
06-03 16:54:21.568 I/DEBUG   (  198):     r8 00000000  r9 416019d8  sl 69144000  fp 033af890
06-03 16:54:21.568 I/DEBUG   (  198):     ip 8c9e68e4  sp 8c9e6880  lr 415988a4  pc 415b5ba4  cpsr 000b0030
06-03 16:54:21.569 I/DEBUG   (  198):     d0  67e2927867e292d8  d1  681913a067e29213
06-03 16:54:21.569 I/DEBUG   (  198):     d2  67e2919867e29119  d3  67e2920867e29168
06-03 16:54:21.569 I/DEBUG   (  198):     d4  45c0000000002000  d5  0000000144800000
06-03 16:54:21.569 I/DEBUG   (  198):     d6  000000013f800000  d7  000000003f800000
06-03 16:54:21.569 I/DEBUG   (  198):     d8  0000000000000000  d9  0000000000000000
06-03 16:54:21.569 I/DEBUG   (  198):     d10 0000000000000000  d11 0000000000000000
06-03 16:54:21.569 I/DEBUG   (  198):     d12 0000000000000000  d13 0000000000000000
06-03 16:54:21.569 I/DEBUG   (  198):     d14 0000000000000000  d15 0000000000000000
06-03 16:54:21.569 I/DEBUG   (  198):     d16 00000005ffffffff  d17 ffffffff00000002
06-03 16:54:21.569 I/DEBUG   (  198):     d18 0000000000000000  d19 0000000000000000
06-03 16:54:21.569 I/DEBUG   (  198):     d20 40a0000000000000  d21 40a0000000000000
06-03 16:54:21.569 I/DEBUG   (  198):     d22 4098000000000000  d23 4098000000000000
06-03 16:54:21.569 I/DEBUG   (  198):     d24 41d0000000200000  d25 4080000000000000
06-03 16:54:21.569 I/DEBUG   (  198):     d26 4158000000000000  d27 4098000000000000
06-03 16:54:21.569 I/DEBUG   (  198):     d28 41d5555555755555  d29 0000000000000000
06-03 16:54:21.569 I/DEBUG   (  198):     d30 0000000000000000  d31 0000000000000000
06-03 16:54:21.569 I/DEBUG   (  198):     scr 60000010
06-03 16:54:21.570 I/DEBUG   (  198): 
06-03 16:54:21.570 I/DEBUG   (  198): backtrace:
06-03 16:54:21.570 I/DEBUG   (  198):     #00  pc 00043ba4  /system/lib/libdvm.so (dvmFindCatchBlock+63)
06-03 16:54:21.570 I/DEBUG   (  198):     #01  pc 000268a0  /system/lib/libdvm.so
06-03 16:54:21.570 I/DEBUG   (  198):     #02  pc 000169f4  /dev/ashmem/dalvik-LinearAlloc (deleted)
06-03 16:54:21.570 I/DEBUG   (  198): 
06-03 16:54:21.570 I/DEBUG   (  198): stack:
06-03 16:54:21.570 I/DEBUG   (  198):          8c9e6840  78cfd828  [anon:libc_malloc]
06-03 16:54:21.570 I/DEBUG   (  198):          8c9e6844  415c71a3  /system/lib/libdvm.so (dvmReleaseTrackedAlloc+30)
06-03 16:54:21.570 I/DEBUG   (  198):          8c9e6848  41d92448  /dev/ashmem/dalvik-heap (deleted)
06-03 16:54:21.570 I/DEBUG   (  198):          8c9e684c  78cfd828  [anon:libc_malloc]
06-03 16:54:21.570 I/DEBUG   (  198):          8c9e6850  00000000  
06-03 16:54:21.570 I/DEBUG   (  198):          8c9e6854  00000001  
06-03 16:54:21.570 I/DEBUG   (  198):          8c9e6858  78cfd828  [anon:libc_malloc]
06-03 16:54:21.570 I/DEBUG   (  198):          8c9e685c  415b587f  /system/lib/libdvm.so (dvmThrowChainedException(ClassObject*, char const*, Object*)+730)
06-03 16:54:21.570 I/DEBUG   (  198):          8c9e6860  41d92468  /dev/ashmem/dalvik-heap (deleted)
06-03 16:54:21.570 I/DEBUG   (  198):          8c9e6864  8c9e68a4  [stack:4139]
06-03 16:54:21.570 I/DEBUG   (  198):          8c9e6868  4033a3ec  /system/lib/libstlport.so
06-03 16:54:21.570 I/DEBUG   (  198):          8c9e686c  4033a3fc  /system/lib/libstlport.so
06-03 16:54:21.570 I/DEBUG   (  198):          8c9e6870  4156be58  [anon:libc_malloc]
06-03 16:54:21.570 I/DEBUG   (  198):          8c9e6874  00000005  
06-03 16:54:21.571 I/DEBUG   (  198):          8c9e6878  00001723  
06-03 16:54:21.571 I/DEBUG   (  198):          8c9e687c  40332abf  /system/lib/libstlport.so (std::__node_alloc_impl::_M_deallocate(void*, unsigned int)+26)
06-03 16:54:21.571 I/DEBUG   (  198):     #00  8c9e6880  8c9e68a4  [stack:4139]
06-03 16:54:21.571 I/DEBUG   (  198):          8c9e6884  00000000  
06-03 16:54:21.571 I/DEBUG   (  198):          8c9e6888  00000000  
06-03 16:54:21.571 I/DEBUG   (  198):          8c9e688c  41746540  /dev/ashmem/dalvik-zygote (deleted)
06-03 16:54:21.571 I/DEBUG   (  198):          8c9e6890  41d92448  /dev/ashmem/dalvik-heap (deleted)
06-03 16:54:21.571 I/DEBUG   (  198):          8c9e6894  41603308  /system/lib/libdvm.so
06-03 16:54:21.571 I/DEBUG   (  198):          8c9e6898  00000000  
06-03 16:54:21.571 I/DEBUG   (  198):          8c9e689c  41630830  [anon:libc_malloc]
06-03 16:54:21.571 I/DEBUG   (  198):          8c9e68a0  000004e6  
06-03 16:54:21.571 I/DEBUG   (  198):          8c9e68a4  4156be88  [anon:libc_malloc]
06-03 16:54:21.571 I/DEBUG   (  198):          8c9e68a8  828e8f28  
06-03 16:54:21.571 I/DEBUG   (  198):          8c9e68ac  828e8f2c  
06-03 16:54:21.571 I/DEBUG   (  198):          8c9e68b0  78cfdb94  [anon:libc_malloc]
06-03 16:54:21.571 I/DEBUG   (  198):          8c9e68b4  41d92448  /dev/ashmem/dalvik-heap (deleted)
06-03 16:54:21.571 I/DEBUG   (  198):          8c9e68b8  00000000  
06-03 16:54:21.571 I/DEBUG   (  198):          8c9e68bc  6f600fa4  /data/dalvik-cache/data@app@com.frozenbyte.Trine2-1.apk@classes.dex
06-03 16:54:21.571 I/DEBUG   (  198):          ........  ........
06-03 16:54:21.571 I/DEBUG   (  198):     #01  8c9e68e0  8c9e68e4  [stack:4139]
06-03 16:54:21.571 I/DEBUG   (  198):          8c9e68e4  828e8f70  
06-03 16:54:21.571 I/DEBUG   (  198):          8c9e68e8  00000000  
06-03 16:54:21.571 I/DEBUG   (  198):          8c9e68ec  78cfd828  [anon:libc_malloc]
06-03 16:54:21.572 I/DEBUG   (  198):          8c9e68f0  4159f790  /system/lib/libdvm.so (dvmMterpStd(Thread*))
06-03 16:54:21.572 I/DEBUG   (  198):          8c9e68f4  00000000  
06-03 16:54:21.572 I/DEBUG   (  198):          8c9e68f8  8c9e6a10  [stack:4139]
06-03 16:54:21.572 I/DEBUG   (  198):          8c9e68fc  78cfd828  [anon:libc_malloc]
06-03 16:54:21.572 I/DEBUG   (  198):          8c9e6900  8c9e693c  [stack:4139]
06-03 16:54:21.572 I/DEBUG   (  198):          8c9e6904  6818f9f8  /dev/ashmem/dalvik-LinearAlloc (deleted)
06-03 16:54:21.572 I/DEBUG   (  198):     #02  8c9e6908  8c9e6a48  [stack:4139]
06-03 16:54:21.572 I/DEBUG   (  198):          8c9e690c  4159f7e0  /system/lib/libdvm.so (dvmMterpStd(Thread*)+80)
06-03 16:54:21.572 I/DEBUG   (  198):          8c9e6910  00000000  
06-03 16:54:21.572 I/DEBUG   (  198):          8c9e6914  00000000  
06-03 16:54:21.572 I/DEBUG   (  198):          8c9e6918  00000000  
06-03 16:54:21.572 I/DEBUG   (  198):          8c9e691c  00000000  
06-03 16:54:21.572 I/DEBUG   (  198):          8c9e6920  00000000  
06-03 16:54:21.572 I/DEBUG   (  198):          8c9e6924  4162cbd8  /system/lib/libdvm.so
06-03 16:54:21.572 I/DEBUG   (  198):          8c9e6928  4159f790  /system/lib/libdvm.so (dvmMterpStd(Thread*))
06-03 16:54:21.572 I/DEBUG   (  198):          8c9e692c  4159ce44  /system/lib/libdvm.so (dvmInterpret(Thread*, Method const*, JValue*)+188)
06-03 16:54:21.572 I/DEBUG   (  198):          8c9e6930  00000000  
06-03 16:54:21.572 I/DEBUG   (  198):          8c9e6934  00000000  
06-03 16:54:21.572 I/DEBUG   (  198):          8c9e6938  00000000  
06-03 16:54:21.573 I/DEBUG   (  198):          8c9e693c  6f512cb4  /data/dalvik-cache/data@app@com.frozenbyte.Trine2-1.apk@classes.dex
06-03 16:54:21.573 I/DEBUG   (  198):          8c9e6940  828e8f70  
06-03 16:54:21.573 I/DEBUG   (  198):          8c9e6944  68190240  /dev/ashmem/dalvik-LinearAlloc (deleted)
06-03 16:54:21.573 I/DEBUG   (  198): 
06-03 16:54:21.573 I/DEBUG   (  198): memory near r0:
06-03 16:54:21.573 I/DEBUG   (  198):     41d92428 00000000 00000000 00000000 00000000  
06-03 16:54:21.573 I/DEBUG   (  198):     41d92438 6901e4b9 00000000 00000000 00000023  
06-03 16:54:21.573 I/DEBUG   (  198):     41d92448 41746540 00000000 41d92448 41d92468  
06-03 16:54:21.573 I/DEBUG   (  198):     41d92458 41d924d0 41752500 41751cb8 00000023  
06-03 16:54:21.573 I/DEBUG   (  198):     41d92468 417440e0 00000000 41d92488 b1c0cdd8  
06-03 16:54:21.573 I/DEBUG   (  198):     41d92478 00000000 0000001a 00000000 0000004b  
06-03 16:54:21.573 I/DEBUG   (  198):     41d92488 41744950 00000000 0000001a 00000000  
06-03 16:54:21.573 I/DEBUG   (  198):     41d92498 006a004c 00760061 002f0061 0069006e  
06-03 16:54:21.573 I/DEBUG   (  198):     41d924a8 002f006f 00690050 00650070 006d0049  
06-03 16:54:21.573 I/DEBUG   (  198):     41d924b8 006c0070 002e003b 006f0073 00720075  
06-03 16:54:21.573 I/DEBUG   (  198):     41d924c8 00650063 00000043 417449f8 00000000  
06-03 16:54:21.573 I/DEBUG   (  198):     41d924d8 0000000a 00000000 67e292b0 00000000  
06-03 16:54:21.573 I/DEBUG   (  198):     41d924e8 67e29240 00000003 6818f9f8 00000014  
06-03 16:54:21.573 I/DEBUG   (  198):     41d924f8 6818f528 00000000 68190240 0000000e  
06-03 16:54:21.573 I/DEBUG   (  198):     41d92508 00000000 00000023 41785048 00000000  
06-03 16:54:21.573 I/DEBUG   (  198):     41d92518 41d84ae8 41d828a8 41d82870 41d828e0  
06-03 16:54:21.573 I/DEBUG   (  198): 
06-03 16:54:21.573 I/DEBUG   (  198): memory near r1:
06-03 16:54:21.574 I/DEBUG   (  198):     41746520 41746480 6904c4a4 68ffc523 0000001a  
06-03 16:54:21.574 I/DEBUG   (  198):     41746530 75fb292c aabd23ef 00000000 000000c3  
06-03 16:54:21.574 I/DEBUG   (  198):     41746540 417431e8 00000000 00000000 00000000  
06-03 16:54:21.574 I/DEBUG   (  198):     41746550 00000000 00000000 69000130 00000000  
06-03 16:54:21.574 I/DEBUG   (  198):     41746560 00030001 50000047 69144000 00000007  
06-03 16:54:21.574 I/DEBUG   (  198):     41746570 00000000 00000001 0000001c 00000000  
06-03 16:54:21.574 I/DEBUG   (  198):     41746580 00000000 00000000 41744d58 00000000  
06-03 16:54:21.575 I/DEBUG   (  198):     41746590 00000000 00000000 00000000 00000000  
06-03 16:54:21.575 I/DEBUG   (  198):     417465a0 00000002 67e31538 00000000 00000000  
06-03 16:54:21.575 I/DEBUG   (  198):     417465b0 00000017 67e315b0 00000001 67e31610  
06-03 16:54:21.575 I/DEBUG   (  198):     417465c0 00000000 00000000 00000000 00000000  
06-03 16:54:21.575 I/DEBUG   (  198):     417465d0 00000000 f8000000 6901ba78 00000001  
06-03 16:54:21.575 I/DEBUG   (  198):     417465e0 41746540 6904c4a4 68ffc523 0000001a  
06-03 16:54:21.575 I/DEBUG   (  198):     417465f0 e1403799 cbbe2e32 00000000 000000c3  
06-03 16:54:21.575 I/DEBUG   (  198):     41746600 417431e8 00000000 00000000 00000000  
06-03 16:54:21.576 I/DEBUG   (  198):     41746610 00000000 00000000 69000172 00000000  
06-03 16:54:21.576 I/DEBUG   (  198): 
06-03 16:54:21.576 I/DEBUG   (  198): memory near r2:
06-03 16:54:21.576 I/DEBUG   (  198):     41743870 00000000 00000000 00000000 00000000  
06-03 16:54:21.576 I/DEBUG   (  198):     41743880 00000000 00000000 00000000 000000ab  
06-03 16:54:21.576 I/DEBUG   (  198):     41743890 417431e8 00000000 00000000 00000000  
06-03 16:54:21.576 I/DEBUG   (  198):     417438a0 00000000 00000000 690001cb 00000000  
06-03 16:54:21.576 I/DEBUG   (  198):     417438b0 00030001 50000009 69144000 00000007  
06-03 16:54:21.576 I/DEBUG   (  198):     417438c0 00000000 00000001 00000008 00000000  
06-03 16:54:21.576 I/DEBUG   (  198):     417438d0 00000000 00000000 00000000 00000000  
06-03 16:54:21.576 I/DEBUG   (  198):     417438e0 00000000 00000000 00000000 00000000  
06-03 16:54:21.576 I/DEBUG   (  198):     417438f0 00000002 67e29008 0000000b 67e29080  
06-03 16:54:21.576 I/DEBUG   (  198):     41743900 0000000b 67e292f0 00000000 00000000  
06-03 16:54:21.576 I/DEBUG   (  198):     41743910 00000000 00000000 00000000 00000000  
06-03 16:54:21.576 I/DEBUG   (  198):     41743920 00000000 00000000 6901d4d4 00000000  
06-03 16:54:21.576 I/DEBUG   (  198):     41743930 00000000 000000c3 417431e8 00000000  
06-03 16:54:21.576 I/DEBUG   (  198):     41743940 00000000 00000000 00000000 00000000  
06-03 16:54:21.576 I/DEBUG   (  198):     41743950 69000824 00000000 00030001 5000000a  
06-03 16:54:21.576 I/DEBUG   (  198):     41743960 69144000 00000007 00000000 00000001  
06-03 16:54:21.576 I/DEBUG   (  198): 
06-03 16:54:21.576 I/DEBUG   (  198): memory near r4:
06-03 16:54:21.576 I/DEBUG   (  198):     828e8f08 00000000 00000000 681904a0 828e8f4c  
06-03 16:54:21.576 I/DEBUG   (  198):     828e8f18 68ea1e8a 67e292b0 00000005 00000000  
06-03 16:54:21.577 I/DEBUG   (  198):     828e8f28 421bb178 00000000 00000000 00000000  
06-03 16:54:21.577 I/DEBUG   (  198):     828e8f38 828e8f70 6f600f96 67e29240 68ea1e8a  
06-03 16:54:21.577 I/DEBUG   (  198):     828e8f48 00000000 00000000 00000000 00000000  
06-03 16:54:21.577 I/DEBUG   (  198):     828e8f58 421bb178 828e8f98 00000000 6818f9f8  
06-03 16:54:21.577 I/DEBUG   (  198):     828e8f68 6f600fa4 00000000 00000000 421bb178  
06-03 16:54:21.577 I/DEBUG   (  198):     828e8f78 41753080 4222cbc8 00000001 828e8fac  
06-03 16:54:21.577 I/DEBUG   (  198):     828e8f88 00000000 00000000 00000000 00000000  
06-03 16:54:21.577 I/DEBUG   (  198):     828e8f98 828e8fd4 6f512cd0 6818f528 00000000  
06-03 16:54:21.577 I/DEBUG   (  198):     828e8fa8 00000000 1d300001 1d200005 1d200009  
06-03 16:54:21.577 I/DEBUG   (  198):     828e8fb8 1d20000d 1d200011 828e9000 00000000  
06-03 16:54:21.577 I/DEBUG   (  198):     828e8fc8 68190240 6f512cd0 00000000 4222cbc8  
06-03 16:54:21.577 I/DEBUG   (  198):     828e8fd8 41d82470 42231ac0 42231ac0 422326e0  
06-03 16:54:21.577 I/DEBUG   (  198):     828e8fe8 42232760 00000000 00000000 00000000  
06-03 16:54:21.577 I/DEBUG   (  198):     828e8ff8 00000000 00000000 00000000 00000000  
06-03 16:54:21.577 I/DEBUG   (  198): 
06-03 16:54:21.577 I/DEBUG   (  198): memory near r5:
06-03 16:54:21.577 I/DEBUG   (  198):     78cfd808 00000000 00000000 00000000 00000000  
06-03 16:54:21.577 I/DEBUG   (  198):     78cfd818 00000000 00000000 00000000 0000045b  
06-03 16:54:21.577 I/DEBUG   (  198):     78cfd828 6f600f7c 828e8f28 67e29240 69144000  
06-03 16:54:21.577 I/DEBUG   (  198):     78cfd838 00000000 00000000 8c9e68e8 00000000  
06-03 16:54:21.577 I/DEBUG   (  198):     78cfd848 8c9e693c 0000000e 00000000 4158f4c0  
06-03 16:54:21.578 I/DEBUG   (  198):     78cfd858 00000000 00000000 6726a870 828e5300  
06-03 16:54:21.578 I/DEBUG   (  198):     78cfd868 00000000 00000000 00000001 00004000  
06-03 16:54:21.578 I/DEBUG   (  198):     78cfd878 00000000 74212fa8 4158f4c0 41594380  
06-03 16:54:21.578 I/DEBUG   (  198):     78cfd888 00000000 4159847c 415984f0 415983a0  
06-03 16:54:21.578 I/DEBUG   (  198):     78cfd898 415983c0 4159841c 00000000 00000000  
06-03 16:54:21.578 I/DEBUG   (  198):     78cfd8a8 71ff0468 00000028 00000000 00000000  
06-03 16:54:21.578 I/DEBUG   (  198):     78cfd8b8 00000000 00000000 00002000 4162d304  
06-03 16:54:21.578 I/DEBUG   (  198):     78cfd8c8 00000000 00000000 00000005 78ce5a88  
06-03 16:54:21.578 I/DEBUG   (  198):     78cfd8d8 00000001 00000040 00000200 00000000  
06-03 16:54:21.578 I/DEBUG   (  198):     78cfd8e8 00000000 00000000 00000000 00000000  
06-03 16:54:21.578 I/DEBUG   (  198):     78cfd8f8 00000000 00000000 00000000 00000000  
06-03 16:54:21.578 I/DEBUG   (  198): 
06-03 16:54:21.578 I/DEBUG   (  198): memory near r7:
06-03 16:54:21.578 I/DEBUG   (  198):     67e29290 000009c7 69025fb3 68ea1ea4 00000000  
06-03 16:54:21.578 I/DEBUG   (  198):     67e292a0 00000000 00000000 690fa29e 00000000  
06-03 16:54:21.578 I/DEBUG   (  198):     67e292b0 41743890 00000111 0004000a 00040000  
06-03 16:54:21.578 I/DEBUG   (  198):     67e292c0 6905471e 41630830 000009c9 69025fbc  
06-03 16:54:21.578 I/DEBUG   (  198):     67e292d0 00000000 01000000 415d8eaf 00000000  
06-03 16:54:21.578 I/DEBUG   (  198):     67e292e0 00000000 00000000 00000000 0000002c  
06-03 16:54:21.578 I/DEBUG   (  198):     67e292f0 67e29080 67e290b8 67e290f0 67e29128  
06-03 16:54:21.578 I/DEBUG   (  198):     67e29300 67e29160 67e29198 67e291d0 67e29208  
06-03 16:54:21.579 I/DEBUG   (  198):     67e29310 67e29240 67e29278 67e292b0 00000004  
06-03 16:54:21.579 I/DEBUG   (  198):     67e29320 417439f8 00000064 41743938 6902d94b  
06-03 16:54:21.579 I/DEBUG   (  198):     67e29330 69000824 00000002 00000008 41743938  
06-03 16:54:21.579 I/DEBUG   (  198):     67e29340 69031997 6900055a 00000002 0000000c  
06-03 16:54:21.579 I/DEBUG   (  198):     67e29350 41743938 6904f9bc 690001cb 000000c2  
06-03 16:54:21.579 I/DEBUG   (  198):     67e29360 00000010 41743938 6904f9c8 69027944  
06-03 16:54:21.579 I/DEBUG   (  198):     67e29370 00000002 00000014 41743938 69050f52  
06-03 16:54:21.579 I/DEBUG   (  198):     67e29380 6900a2cd 00000002 00000018 000002a4  
06-03 16:54:21.579 I/DEBUG   (  198): 
06-03 16:54:21.579 I/DEBUG   (  198): memory near r9:
06-03 16:54:21.579 I/DEBUG   (  198):     416019b8 3e646c6c 61640000 6b69766c 2e6d762e  
06-03 16:54:21.579 I/DEBUG   (  198):     416019c8 6f6c6c61 61725463 72656b63 0078614d  
06-03 16:54:21.579 I/DEBUG   (  198):     416019d8 766c6164 6d766b69 6e674900 6e69726f  
06-03 16:54:21.579 I/DEBUG   (  198):     416019e8 73252067 73252720 2d2d2027 6e69202d  
06-03 16:54:21.579 I/DEBUG   (  198):     416019f8 696c6176 67490064 69726f6e 2520676e  
06-03 16:54:21.579 I/DEBUG   (  198):     41601a08 25272073 2d202773 6e202d2d 7020746f  
06-03 16:54:21.579 I/DEBUG   (  198):     41601a18 7265776f 20666f20 006f7774 62616e45  
06-03 16:54:21.579 I/DEBUG   (  198):     41601a28 676e696c 6c6c6120 7420636f 6b636172  
06-03 16:54:21.579 I/DEBUG   (  198):     41601a38 28207265 65206425 6972746e 202c7365  
06-03 16:54:21.579 I/DEBUG   (  198):     41601a48 66206425 656d6172 2d2d2073 6425203e  
06-03 16:54:21.580 I/DEBUG   (  198):     41601a58 74796220 00297365 6f6c6c61 72742063  
06-03 16:54:21.580 I/DEBUG   (  198):     41601a68 656b6361 6e203a72 6874206f 64616572  
06-03 16:54:21.580 I/DEBUG   (  198):     41601a78 69614600 2064656c 6f6c6c61 69746163  
06-03 16:54:21.580 I/DEBUG   (  198):     41601a88 7020676e 746e696f 73207265 00737465  
06-03 16:54:21.580 I/DEBUG   (  198):     41601a98 73616c63 64252073 2c64252f 74656d20  
06-03 16:54:21.580 I/DEBUG   (  198):     41601aa8 20646f68 252f6425 66202c64 20656c69  
06-03 16:54:21.580 I/DEBUG   (  198): 
06-03 16:54:21.580 I/DEBUG   (  198): memory near sl:
06-03 16:54:21.580 I/DEBUG   (  198):     69143fe0 00000000 00000000 00000000 00000000  
06-03 16:54:21.580 I/DEBUG   (  198):     69143ff0 00000000 00000000 00000000 00000000  
06-03 16:54:21.580 I/DEBUG   (  198):     69144000 41630830 68e2d028 69144038 6915aa38  
06-03 16:54:21.580 I/DEBUG   (  198):     69144010 6915cda4 69171b78 41630868 00000001  
06-03 16:54:21.580 I/DEBUG   (  198):     69144020 68e2d000 00316e30 68e2d000 00316e30  
06-03 16:54:21.580 I/DEBUG   (  198):     69144030 00000000 00000000 41759c40 00000000  
06-03 16:54:21.580 I/DEBUG   (  198):     69144040 418026b0 00000000 00000000 00000000  
06-03 16:54:21.580 I/DEBUG   (  198):     69144050 00000000 00000000 00000000 00000000  
06-03 16:54:21.580 I/DEBUG   (  198):     69144060 00000000 00000000 4175abb0 00000000  
06-03 16:54:21.580 I/DEBUG   (  198):     69144070 00000000 00000000 00000000 00000000  
06-03 16:54:21.580 I/DEBUG   (  198):     69144080 00000000 00000000 00000000 00000000  
06-03 16:54:21.580 I/DEBUG   (  198):     69144090 00000000 00000000 00000000 00000000  
06-03 16:54:21.581 I/DEBUG   (  198):     691440a0 00000000 00000000 00000000 00000000  
06-03 16:54:21.581 I/DEBUG   (  198):     691440b0 00000000 00000000 00000000 00000000  
06-03 16:54:21.581 I/DEBUG   (  198):     691440c0 00000000 00000000 00000000 00000000  
06-03 16:54:21.581 I/DEBUG   (  198):     691440d0 00000000 00000000 00000000 00000000  
06-03 16:54:21.581 I/DEBUG   (  198): 
06-03 16:54:21.581 I/DEBUG   (  198): memory near fp:
06-03 16:54:21.581 I/DEBUG   (  198):     033af870 ffffffff ffffffff ffffffff ffffffff  
06-03 16:54:21.581 I/DEBUG   (  198):     033af880 ffffffff ffffffff ffffffff ffffffff  
06-03 16:54:21.581 I/DEBUG   (  198):     033af890 ffffffff ffffffff ffffffff ffffffff  
06-03 16:54:21.581 I/DEBUG   (  198):     033af8a0 ffffffff ffffffff ffffffff ffffffff  
06-03 16:54:21.581 I/DEBUG   (  198):     033af8b0 ffffffff ffffffff ffffffff ffffffff  
06-03 16:54:21.581 I/DEBUG   (  198):     033af8c0 ffffffff ffffffff ffffffff ffffffff  
06-03 16:54:21.581 I/DEBUG   (  198):     033af8d0 ffffffff ffffffff ffffffff ffffffff  
06-03 16:54:21.581 I/DEBUG   (  198):     033af8e0 ffffffff ffffffff ffffffff ffffffff  
06-03 16:54:21.581 I/DEBUG   (  198):     033af8f0 ffffffff ffffffff ffffffff ffffffff  
06-03 16:54:21.581 I/DEBUG   (  198):     033af900 ffffffff ffffffff ffffffff ffffffff  
06-03 16:54:21.581 I/DEBUG   (  198):     033af910 ffffffff ffffffff ffffffff ffffffff  
06-03 16:54:21.581 I/DEBUG   (  198):     033af920 ffffffff ffffffff ffffffff ffffffff  
06-03 16:54:21.581 I/DEBUG   (  198):     033af930 ffffffff ffffffff ffffffff ffffffff  
06-03 16:54:21.581 I/DEBUG   (  198):     033af940 ffffffff ffffffff ffffffff ffffffff  
06-03 16:54:21.581 I/DEBUG   (  198):     033af950 ffffffff ffffffff ffffffff ffffffff  
06-03 16:54:21.581 I/DEBUG   (  198):     033af960 ffffffff ffffffff ffffffff ffffffff  
06-03 16:54:21.581 I/DEBUG   (  198): 
06-03 16:54:21.581 I/DEBUG   (  198): memory near ip:
06-03 16:54:21.581 I/DEBUG   (  198):     8c9e68c4 78cfd828 00000071 4158f4c0 41d92448  
06-03 16:54:21.581 I/DEBUG   (  198):     8c9e68d4 69162a30 8c9e6a48 415988a4 8c9e68e4  
06-03 16:54:21.581 I/DEBUG   (  198):     8c9e68e4 828e8f70 00000000 78cfd828 4159f790  
06-03 16:54:21.582 I/DEBUG   (  198):     8c9e68f4 00000000 8c9e6a10 78cfd828 8c9e693c  
06-03 16:54:21.582 I/DEBUG   (  198):     8c9e6904 6818f9f8 8c9e6a48 4159f7e0 00000000  
06-03 16:54:21.582 I/DEBUG   (  198):     8c9e6914 00000000 00000000 00000000 00000000  
06-03 16:54:21.582 I/DEBUG   (  198):     8c9e6924 4162cbd8 4159f790 4159ce44 00000000  
06-03 16:54:21.582 I/DEBUG   (  198):     8c9e6934 00000000 00000000 6f512cb4 828e8f70  
06-03 16:54:21.582 I/DEBUG   (  198):     8c9e6944 68190240 6f729000 00000000 00000000  
06-03 16:54:21.582 I/DEBUG   (  198):     8c9e6954 8c9e6c40 00000000 8c9e6c94 00000000  
06-03 16:54:21.582 I/DEBUG   (  198):     8c9e6964 00000000 00000000 00000000 00000000  
06-03 16:54:21.582 I/DEBUG   (  198):     8c9e6974 00000000 00000000 00000000 00000000  
06-03 16:54:21.582 I/DEBUG   (  198):     8c9e6984 00000000 00000000 00000000 00000000  
06-03 16:54:21.582 I/DEBUG   (  198):     8c9e6994 00000000 00000000 00000000 8c9e6a48  
06-03 16:54:21.582 I/DEBUG   (  198):     8c9e69a4 00000000 78cfd828 828e8f84 6818f9f8  
06-03 16:54:21.582 I/DEBUG   (  198):     8c9e69b4 6f669d51 00000001 415d1dc9 00000000  
06-03 16:54:21.582 I/DEBUG   (  198): 
06-03 16:54:21.582 I/DEBUG   (  198): memory near sp:
06-03 16:54:21.582 I/DEBUG   (  198):     8c9e6860 41d92468 8c9e68a4 4033a3ec 4033a3fc  
06-03 16:54:21.582 I/DEBUG   (  198):     8c9e6870 4156be58 00000005 00001723 40332abf  
06-03 16:54:21.582 I/DEBUG   (  198):     8c9e6880 8c9e68a4 00000000 00000000 41746540  
06-03 16:54:21.582 I/DEBUG   (  198):     8c9e6890 41d92448 41603308 00000000 41630830  
06-03 16:54:21.582 I/DEBUG   (  198):     8c9e68a0 000004e6 4156be88 828e8f28 828e8f2c  
06-03 16:54:21.582 I/DEBUG   (  198):     8c9e68b0 78cfdb94 41d92448 00000000 6f600fa4  
06-03 16:54:21.582 I/DEBUG   (  198):     8c9e68c0 828e8f70 78cfd828 00000071 4158f4c0  
06-03 16:54:21.583 I/DEBUG   (  198):     8c9e68d0 41d92448 69162a30 8c9e6a48 415988a4  
06-03 16:54:21.583 I/DEBUG   (  198):     8c9e68e0 8c9e68e4 828e8f70 00000000 78cfd828  
06-03 16:54:21.583 I/DEBUG   (  198):     8c9e68f0 4159f790 00000000 8c9e6a10 78cfd828  
06-03 16:54:21.583 I/DEBUG   (  198):     8c9e6900 8c9e693c 6818f9f8 8c9e6a48 4159f7e0  
06-03 16:54:21.583 I/DEBUG   (  198):     8c9e6910 00000000 00000000 00000000 00000000  
06-03 16:54:21.583 I/DEBUG   (  198):     8c9e6920 00000000 4162cbd8 4159f790 4159ce44  
06-03 16:54:21.583 I/DEBUG   (  198):     8c9e6930 00000000 00000000 00000000 6f512cb4  
06-03 16:54:21.583 I/DEBUG   (  198):     8c9e6940 828e8f70 68190240 6f729000 00000000  
06-03 16:54:21.583 I/DEBUG   (  198):     8c9e6950 00000000 8c9e6c40 00000000 8c9e6c94  
06-03 16:54:21.583 I/DEBUG   (  198): 
06-03 16:54:21.583 I/DEBUG   (  198): code around pc:
06-03 16:54:21.583 I/DEBUG   (  198):     415b5b84 687b9804 683a6801 6fa0f413 6a3bbf0c  
06-03 16:54:21.583 I/DEBUG   (  198):     415b5b94 0800f04f f8d29103 bf08a028 0810f1a3  
06-03 16:54:21.583 I/DEBUG   (  198):     415b5ba4 1006f8b8 2901b1d9 d10d4640 fc92f7ff  
06-03 16:54:21.583 I/DEBUG   (  198):     415b5bb4 45936802 f8b0d313 eb0cc004 459b0302  
06-03 16:54:21.583 I/DEBUG   (  198):     415b5bc4 f8b0d20d e00db006 f7ff9102 4601fc83  
06-03 16:54:21.583 I/DEBUG   (  198):     415b5bd4 9802465a fc55f041 0b00f1b0 f04fda02  
06-03 16:54:21.583 I/DEBUG   (  198):     415b5be4 e05e38ff f7ff4640 f8b8fc75 eb001006  
06-03 16:54:21.583 I/DEBUG   (  198):     415b5bf4 a80e08c1 020beb08 2d18f840 fc9cf7ff  
06-03 16:54:21.584 I/DEBUG   (  198):     415b5c04 dc042800 42402101 1028f88d 2300e002  
06-03 16:54:21.584 I/DEBUG   (  198):     415b5c14 3028f88d b130f8df 9a08900b 920944fb  
06-03 16:54:21.584 I/DEBUG   (  198):     415b5c24 b948980b 2028f89d 33fff04f d0d62a00  
06-03 16:54:21.584 I/DEBUG   (  198):     415b5c34 0028f88d e006930c f7ffa809 9b0bfc53  
06-03 16:54:21.584 I/DEBUG   (  198):     415b5c44 1e59900c a809910b fc4cf7ff 4680990c  
06-03 16:54:21.584 I/DEBUG   (  198):     415b5c54 1c48900d f8dad022 f850000c b9aa2021  
06-03 16:54:21.584 I/DEBUG   (  198):     415b5c64 68382201 f8a6f028 b9784602 9b0c6c69  
06-03 16:54:21.584 I/DEBUG   (  198):     415b5c74 680ab111 e0006990 90004658 20054649  
06-03 16:54:21.584 I/DEBUG   (  198): 
06-03 16:54:21.584 I/DEBUG   (  198): code around lr:
06-03 16:54:21.584 I/DEBUG   (  198):     41598884 e52dc004 e5961008 e1a00006 e5911020  
06-03 16:54:21.584 I/DEBUG   (  198):     41598894 e1a02009 e0441001 e1a010c1 fa0074af  
06-03 16:54:21.584 I/DEBUG   (  198):     415988a4 e5d61050 e3510000 0a000004 e1a05000  
06-03 16:54:21.584 I/DEBUG   (  198):     415988b4 e1a00006 e1a01009 fa00e54d e1a00005  
06-03 16:54:21.584 I/DEBUG   (  198):     415988c4 e59d5004 e3500000 e28dd008 4a000016  
06-03 16:54:21.585 I/DEBUG   (  198):     415988d4 e2451014 e5911008 e5861008 e5912000  
06-03 16:54:21.585 I/DEBUG   (  198):     415988e4 e5913020 e5922028 e0834080 e586200c  
06-03 16:54:21.585 I/DEBUG   (  198):     415988f4 e1a00009 e1a01006 fa00ba20 e596802c  
06-03 16:54:21.585 I/DEBUG   (  198):     41598904 e1d470b0 e207c0ff e35c000d 05869044  
06-03 16:54:21.585 I/DEBUG   (  198):     41598914 e088f30c e5864000 e5865004 e1a00006  
06-03 16:54:21.585 I/DEBUG   (  198):     41598924 e1a01009 eb000d88 eaffffd1 e5d61050  
06-03 16:54:21.585 I/DEBUG   (  198):     41598934 e3510000 11a00006 11a01009 1b019078  
06-03 16:54:21.585 I/DEBUG   (  198):     41598944 e5869044 e1a00009 e1a01006 fa00ba0b  
06-03 16:54:21.585 I/DEBUG   (  198):     41598954 eaffff13 000692fd 000690ab e1d632b8  
06-03 16:54:21.585 I/DEBUG   (  198):     41598964 e2133901 012fff1e e59a1000 e3510000  
06-03 16:54:21.585 I/DEBUG   (  198):     41598974 112fff1e e92d4007 e1a00006 e1a01004  
06-03 16:54:21.812 I/BootReceiver(  904): Copying /data/tombstones/tombstone_07 to DropBox (SYSTEM_TOMBSTONE)
06-03 16:54:21.830 I/phs     (  213): Switching governors for usecases: 'graphics'
06-03 16:54:21.832 D/phs:tbc (  213): successfully probed zone cpu trip 84000
06-03 16:54:21.832 D/phs:tbc (  213): successfully probed zone ext trip 47000
06-03 16:54:21.840 I/phs:tbc (  213): Stored ext trip 47000 backed off to 49001
06-03 16:54:21.847 D/SurfaceControl(  904): Excessive delay in unblankDisplay() while turning screen on: 364ms
06-03 16:54:21.871 W/ActivityManager(  904):   Force finishing activity com.frozenbyte.Trine2/com.frozenbyte.game.GameActivity
06-03 16:54:21.891 I/phs     (  213): Switching governors for usecases: '(none)'
06-03 16:54:21.892 W/DropBoxManagerService(  904): Dropping: data_app_native_crash (3299 > 0 bytes)
06-03 16:54:21.895 I/ActivityManager(  904): Process com.frozenbyte.Trine2 (pid 4024) has died.
06-03 16:54:21.898 I/WindowState(  904): WIN DEATH: Window{429c0f18 u0 SurfaceView}
06-03 16:54:21.899 I/WindowState(  904): WIN DEATH: Window{4294ad28 u0 com.frozenbyte.Trine2/com.frozenbyte.game.GameActivity}
06-03 16:54:21.972 D/dalvikvm(  904): GC_CONCURRENT freed 1602K, 18% free 21379K/25840K, paused 6ms+7ms, total 157ms
06-03 16:54:21.972 D/dalvikvm(  904): WAIT_FOR_CONCURRENT_GC blocked 150ms
06-03 16:54:21.983 W/DropBoxManagerService(  904): Dropping: SYSTEM_TOMBSTONE (1333 > 0 bytes)
06-03 16:54:22.030 D/Zygote  (  200): Process 4024 terminated by signal (11)
06-03 16:54:22.382 V/NvAudioPolicyManager(  202): setForceUse() usage 1, config 0, mPhoneState 0
06-03 16:54:22.382 V/NvAudioPolicyManager(  202): getNewDevice() selected device 0
06-03 16:54:22.382 V/NvAudioPolicyManager(  202): setOutputDevice() output 2 device 0000 delayMs 0
06-03 16:54:22.382 V/NvAudioPolicyManager(  202): setOutputDevice() prevDevice 0008
06-03 16:54:22.382 V/NvAudioPolicyManager(  202): setOutputDevice() setting same device 0000 or null device for output 2
06-03 16:54:22.382 V/nvaudio_hw(  202): nvaudio_dev_set_parameters : nv_param_media_routing=8
06-03 16:54:22.382 V/nvaudio_hw(  202): Media is routed to :8
06-03 16:54:22.389 V/NvAudioPolicyManager(  202): setDeviceConnectionState() device: 8, state 0, address 
06-03 16:54:22.389 V/NvAudioPolicyManager(  202): setDeviceConnectionState() disconnecting device 8
06-03 16:54:22.389 V/AudioPolicyManagerBase(  202): checkOutputsForDevice(): clearing direct output profile 1 on module 0
06-03 16:54:22.389 V/AudioPolicyManagerBase(  202): checkOutputsForDevice(): clearing direct output profile 2 on module 0
06-03 16:54:22.389 V/AudioPolicyManagerBase(  202): checkOutputsForDevice(): clearing direct output profile 3 on module 0
06-03 16:54:22.389 V/AudioPolicyManagerBase(  202): checkOutputsForDevice(): clearing direct output profile 4 on module 0
06-03 16:54:22.389 V/nvaudio_hw(  202): nvaudio_dev_set_parameters : nv_param_dev_available=6
06-03 16:54:22.389 V/nvaudio_hw(  202): Device available = 6
06-03 16:54:22.390 V/NvAudioPolicyManager(  202): getNewDevice() selected device 0
06-03 16:54:22.390 V/NvAudioPolicyManager(  202): setOutputDevice() output 2 device 0000 delayMs 0
06-03 16:54:22.390 V/NvAudioPolicyManager(  202): setOutputDevice() prevDevice 0008
06-03 16:54:22.390 V/NvAudioPolicyManager(  202): setOutputDevice() changing device
06-03 16:54:22.393 V/nvaudio_hw(  202): nvaudio_out_set_parameters: routing=0
06-03 16:54:22.393 V/nvaudio_hw(  202): Switch audio to device :0x8 -> 0x0 stream 2
06-03 16:54:22.394 V/NvAudioPolicyManager(  202): computeVolume limiting volume to 0.023646 musicVol 0.023646
06-03 16:54:22.395 V/EffectDiracSound(  202): DiracSound_command() start, cmdCode=24
06-03 16:54:22.395 V/EffectDiracSound(  202): DiracSound_Command EFFECT_CMD_SET_STREAM_VOLUME: stream=2, valume=0x60da6
06-03 16:54:22.395 V/EffectDiracSound(  202): stream volume = 0.023646
06-03 16:54:22.395 V/NvAudioPolicyManager(  202): computeVolume limiting volume to 0.023646 musicVol 0.023646
06-03 16:54:22.395 V/EffectDiracSound(  202): DiracSound_command() start, cmdCode=24
06-03 16:54:22.395 V/EffectDiracSound(  202): DiracSound_Command EFFECT_CMD_SET_STREAM_VOLUME: stream=4, valume=0x60da6
06-03 16:54:22.395 V/EffectDiracSound(  202): stream volume = 0.023646
06-03 16:54:22.395 V/NvAudioPolicyManager(  202): computeVolume limiting volume to 0.023646 musicVol 0.023646
06-03 16:54:22.395 V/EffectDiracSound(  202): DiracSound_command() start, cmdCode=24
06-03 16:54:22.395 V/EffectDiracSound(  202): DiracSound_Command EFFECT_CMD_SET_STREAM_VOLUME: stream=5, valume=0x60da6
06-03 16:54:22.395 V/EffectDiracSound(  202): stream volume = 0.023646
06-03 16:54:22.395 V/NvAudioPolicyManager(  202): checkAndSetVolume() cannot set stream 6 volume with force use = 0 for comm
06-03 16:54:22.395 V/nvaudio_hw(  202): nvaudio_dev_set_parameters : nv_param_media_routing=4
06-03 16:54:22.395 V/nvaudio_hw(  202): Media is routed to :4
06-03 16:54:22.399 I/AudioRouter( 1130): Audio mode changing to EARPIECE
06-03 16:54:22.586 D/dalvikvm( 3497): GC_CONCURRENT freed 372K, 40% free 7096K/11656K, paused 8ms+2ms, total 58ms
06-03 16:54:23.421 W/ContextImpl(  980): Calling a method in the system process without a qualified user: android.app.ContextImpl.sendBroadcast:1123 android.content.ContextWrapper.sendBroadcast:365 android.content.ContextWrapper.sendBroadcast:365 com.android.keyguard.MiuiLockPatternKeyguardView$3.keyguardDone:498 com.android.keyguard.MiuiLockPatternKeyguardView$3.goToUnlockScreen:364 
06-03 16:54:23.427 V/legacy_audio_policy_hal(  202): audio_io_handle_t android_audio_legacy::ap_get_output(audio_policy*, audio_stream_type_t, uint32_t, audio_format_t, audio_channel_mask_t, audio_output_flags_t, const audio_offload_info_t*): tid 937
06-03 16:54:23.427 V/NvAudioPolicyManager(  202): getOutput() stream 1, samplingRate 0, format 0, channelMask 3, flags 0
06-03 16:54:23.427 V/NvAudioPolicyManager(  202): getOutput() returns output 2
06-03 16:54:23.427 V/legacy_audio_policy_hal(  202): audio_io_handle_t android_audio_legacy::ap_get_output(audio_policy*, audio_stream_type_t, uint32_t, audio_format_t, audio_channel_mask_t, audio_output_flags_t, const audio_offload_info_t*): tid 202
06-03 16:54:23.427 V/NvAudioPolicyManager(  202): getOutput() stream 1, samplingRate 0, format 0, channelMask 3, flags 0
06-03 16:54:23.427 V/NvAudioPolicyManager(  202): getOutput() returns output 2
06-03 16:54:23.427 V/legacy_audio_policy_hal(  202): audio_io_handle_t android_audio_legacy::ap_get_output(audio_policy*, audio_stream_type_t, uint32_t, audio_format_t, audio_channel_mask_t, audio_output_flags_t, const audio_offload_info_t*): tid 936
06-03 16:54:23.427 V/NvAudioPolicyManager(  202): getOutput() stream 1, samplingRate 0, format 0, channelMask 3, flags 0
06-03 16:54:23.427 V/NvAudioPolicyManager(  202): getOutput() returns output 2
06-03 16:54:23.428 V/legacy_audio_policy_hal(  202): audio_io_handle_t android_audio_legacy::ap_get_output(audio_policy*, audio_stream_type_t, uint32_t, audio_format_t, audio_channel_mask_t, audio_output_flags_t, const audio_offload_info_t*): tid 937
06-03 16:54:23.428 V/NvAudioPolicyManager(  202): getOutput() stream 1, samplingRate 44100, format 1, channelMask 1, flags 0
06-03 16:54:23.428 V/NvAudioPolicyManager(  202): getOutput() returns output 2
06-03 16:54:23.429 V/NvAudioPolicyManager(  202): startOutput() output 2, stream 1, session 40
06-03 16:54:23.429 V/AudioPolicyManagerBase(  202): changeRefCount() stream 1, count 1
06-03 16:54:23.429 V/NvAudioPolicyManager(  202): getNewDevice() selected device 4
06-03 16:54:23.429 V/NvAudioPolicyManager(  202): setOutputDevice() output 2 device 0004 delayMs 0
06-03 16:54:23.429 V/NvAudioPolicyManager(  202): setOutputDevice() prevDevice 0008
06-03 16:54:23.429 V/AudioPolicyManagerBase(  202): setStreamMute() unmuting non muted stream!
06-03 16:54:23.429 V/AudioPolicyManagerBase(  202): setStreamMute() unmuting non muted stream!
06-03 16:54:23.429 V/AudioPolicyManagerBase(  202): setStreamMute() unmuting non muted stream!
06-03 16:54:23.430 V/AudioPolicyManagerBase(  202): setStreamMute() unmuting non muted stream!
06-03 16:54:23.430 V/AudioPolicyManagerBase(  202): setStreamMute() unmuting non muted stream!
06-03 16:5