06-03 16:49:40.822 W/BroadcastQueue(  904): Unable to launch app com.cleanmaster.mguard_cn/10148 for broadcast Intent { act=android.intent.action.PACKAGE_REMOVED dat=package:com.wistone.android.NB.zh flg=0x4000010 (has extras) }: process is not permitted to autostart
06-03 16:49:40.824 W/BroadcastQueue(  904): Unable to launch app com.cleanmaster.mguard_cn/10148 for broadcast Intent { act=android.intent.action.PACKAGE_REMOVED dat=package:com.wistone.android.NB.zh flg=0x4000010 (has extras) }: process is not permitted to autostart
06-03 16:49:40.824 W/BroadcastQueue(  904): Unable to launch app com.baidu.searchbox/10143 for broadcast Intent { act=android.intent.action.PACKAGE_REMOVED dat=package:com.wistone.android.NB.zh flg=0x4000010 (has extras) }: process is not permitted to autostart
06-03 16:49:40.824 W/BroadcastQueue(  904): Unable to launch app com.baidu.searchbox/10143 for broadcast Intent { act=android.intent.action.PACKAGE_REMOVED dat=package:com.wistone.android.NB.zh flg=0x4000010 (has extras) }: process is not permitted to autostart
06-03 16:49:40.824 W/BroadcastQueue(  904): Unable to launch app com.wochacha/10130 for broadcast Intent { act=android.intent.action.PACKAGE_REMOVED dat=package:com.wistone.android.NB.zh flg=0x4000010 (has extras) }: process is not permitted to autostart
06-03 16:49:40.825 W/BroadcastQueue(  904): Unable to launch app com.smartdevices/10116 for broadcast Intent { act=android.intent.action.PACKAGE_REMOVED dat=package:com.wistone.android.NB.zh flg=0x4000010 (has extras) }: process is not permitted to autostart
06-03 16:49:40.825 W/BroadcastQueue(  904): Unable to launch app com.mappn.gfan/10127 for broadcast Intent { act=android.intent.action.PACKAGE_REMOVED dat=package:com.wistone.android.NB.zh flg=0x4000010 (has extras) }: process is not permitted to autostart
06-03 16:49:40.826 W/BroadcastQueue(  904): Unable to launch app com.eg.android.AlipayGphone/10158 for broadcast Intent { act=android.intent.action.PACKAGE_REMOVED dat=package:com.wistone.android.NB.zh flg=0x4000010 (has extras) }: process is not permitted to autostart
06-03 16:49:40.826 W/BroadcastQueue(  904): Unable to launch app com.tencent.mobileqq/10107 for broadcast Intent { act=android.intent.action.PACKAGE_REMOVED dat=package:com.wistone.android.NB.zh flg=0x4000010 (has extras) }: process is not permitted to autostart
06-03 16:49:40.826 W/BroadcastQueue(  904): Unable to launch app com.tencent.WBlog/10076 for broadcast Intent { act=android.intent.action.PACKAGE_REMOVED dat=package:com.wistone.android.NB.zh flg=0x4000010 (has extras) }: process is not permitted to autostart
06-03 16:49:40.826 W/BroadcastQueue(  904): Unable to launch app com.qiyi.video/10087 for broadcast Intent { act=android.intent.action.PACKAGE_REMOVED dat=package:com.wistone.android.NB.zh flg=0x4000010 (has extras) }: process is not permitted to autostart
06-03 16:49:40.827 W/BroadcastQueue(  904): Unable to launch app com.qiyi.video/10087 for broadcast Intent { act=android.intent.action.PACKAGE_REMOVED dat=package:com.wistone.android.NB.zh flg=0x4000010 (has extras) }: process is not permitted to autostart
06-03 16:49:40.827 W/BroadcastQueue(  904): Unable to launch app com.qiyi.video/10087 for broadcast Intent { act=android.intent.action.PACKAGE_REMOVED dat=package:com.wistone.android.NB.zh flg=0x4000010 (has extras) }: process is not permitted to autostart
06-03 16:49:40.827 W/BroadcastQueue(  904): Unable to launch app com.baidu.video.pad/10156 for broadcast Intent { act=android.intent.action.PACKAGE_REMOVED dat=package:com.wistone.android.NB.zh flg=0x4000010 (has extras) }: process is not permitted to autostart
06-03 16:49:40.827 W/BroadcastQueue(  904): Unable to launch app com.baidu.video.pad/10156 for broadcast Intent { act=android.intent.action.PACKAGE_REMOVED dat=package:com.wistone.android.NB.zh flg=0x4000010 (has extras) }: process is not permitted to autostart
06-03 16:49:40.827 W/BroadcastQueue(  904): Unable to launch app com.kascend.video/10160 for broadcast Intent { act=android.intent.action.PACKAGE_REMOVED dat=package:com.wistone.android.NB.zh flg=0x4000010 (has extras) }: process is not permitted to autostart
06-03 16:49:40.828 W/BroadcastQueue(  904): Unable to launch app com.tencent.news/10081 for broadcast Intent { act=android.intent.action.PACKAGE_REMOVED dat=package:com.wistone.android.NB.zh flg=0x4000010 (has extras) }: process is not permitted to autostart
06-03 16:49:40.828 W/BroadcastQueue(  904): Unable to launch app com.tencent.news/10081 for broadcast Intent { act=android.intent.action.PACKAGE_REMOVED dat=package:com.wistone.android.NB.zh flg=0x4000010 (has extras) }: process is not permitted to autostart
06-03 16:49:40.830 W/BroadcastQueue(  904): Unable to launch app com.kingsoft/10006 for broadcast Intent { act=android.intent.action.PACKAGE_REMOVED dat=package:com.wistone.android.NB.zh flg=0x4000010 (has extras) }: process is not permitted to autostart
06-03 16:49:40.831 W/BroadcastQueue(  904): Unable to launch app com.mymoney/10121 for broadcast Intent { act=android.intent.action.PACKAGE_REMOVED dat=package:com.wistone.android.NB.zh flg=0x4000010 (has extras) }: process is not permitted to autostart
06-03 16:49:40.831 W/BroadcastQueue(  904): Unable to launch app com.tencent.qqgame/10026 for broadcast Intent { act=android.intent.action.PACKAGE_REMOVED dat=package:com.wistone.android.NB.zh flg=0x4000010 (has extras) }: process is not permitted to autostart
06-03 16:49:40.831 W/ActivityManager(  904): Unbind failed: could not find connection for android.os.BinderProxy@41edd838
06-03 16:49:40.831 W/BroadcastQueue(  904): Unable to launch app com.tencent.qqgame/10026 for broadcast Intent { act=android.intent.action.PACKAGE_REMOVED dat=package:com.wistone.android.NB.zh flg=0x4000010 (has extras) }: process is not permitted to autostart
06-03 16:49:40.831 W/BroadcastQueue(  904): Unable to launch app com.jingdong.app.mall/10031 for broadcast Intent { act=android.intent.action.PACKAGE_REMOVED dat=package:com.wistone.android.NB.zh flg=0x4000010 (has extras) }: process is not permitted to autostart
06-03 16:49:40.832 W/BroadcastQueue(  904): Unable to launch app com.jingdong.app.pad/10035 for broadcast Intent { act=android.intent.action.PACKAGE_REMOVED dat=package:com.wistone.android.NB.zh flg=0x4000010 (has extras) }: process is not permitted to autostart
06-03 16:49:40.840 I/ActivityManager(  904): Start proc com.android.documentsui for broadcast com.android.documentsui/.PackageReceiver: pid=3221 uid=10022 gids={50022}
06-03 16:49:40.928 W/BroadcastQueue(  904): Unable to launch app com.fone.player/10155 for broadcast Intent { act=android.intent.action.UID_REMOVED flg=0x4000010 (has extras) }: process is not permitted to autostart
06-03 16:49:40.929 I/ActivityManager(  904): Killing 3143:com.android.musicfx/u0a8 (adj 15): empty #7
06-03 16:49:40.940 I/ActivityManager(  904): Start proc com.android.quicksearchbox for broadcast com.android.quicksearchbox/.CorporaUpdateReceiver: pid=3237 uid=10043 gids={50043, 3003}
06-03 16:49:41.012 I/ActivityManager(  904): Killing 3161:com.xiaomi.gamecenter.pad/u0a66 (adj 15): empty #7
06-03 16:49:41.738 D/PhoneStatusBar(  980): disable: 0x00000000 -> 0x00000040 (diff: 0x00000040)
06-03 16:49:41.738 D/PhoneStatusBar(  980): disable: < expand icons alerts ticker system_info back home recent clock full >
06-03 16:49:41.808 W/ContextImpl( 1587): Calling a method in the system process without a qualified user: android.app.ContextImpl.bindService:1543 android.content.ContextWrapper.bindService:517 com.nvidia.ControllerMapper.MapperClient$ServiceClient.connect:587 com.nvidia.ControllerMapper.MapperClient.<init>:91 android.view.ViewRootImpl.handleWindowActivated:859 
06-03 16:49:41.809 W/ActivityManager(  904): Unable to start service Intent { act=com.nvidia.ControllerMapper.START_SERVICE } U=0: not found
06-03 16:49:43.381 I/ActivityManager(  904): START u0 {act=android.intent.action.MAIN cat=[android.intent.category.HOME] flg=0x10200000 cmp=com.miui.home/.launcher.Launcher} from pid 904
06-03 16:49:43.446 D/PhoneStatusBar(  980): disable: 0x00000040 -> 0x00000000 (diff: 0x00000040)
06-03 16:49:43.446 D/PhoneStatusBar(  980): disable: < expand icons alerts ticker system_info back home recent clock full >
06-03 16:49:43.493 W/ContextImpl(  980): Calling a method in the system process without a qualified user: android.app.ContextImpl.sendBroadcast:1123 android.content.ContextWrapper.sendBroadcast:365 com.android.systemui.statusbar.phone.PhoneStatusBar.updateAppMessage:1297 com.android.systemui.statusbar.phone.PhoneStatusBar.access$5400:156 com.android.systemui.statusbar.phone.PhoneStatusBar$30.onReceive:3586 
06-03 16:49:43.648 W/ActivityManager(  904): Unbind failed: could not find connection for android.os.BinderProxy@42624800
06-03 16:49:43.990 W/ActivityManager(  904): Unable to start service Intent { act=com.nvidia.ControllerMapper.START_SERVICE } U=0: not found
06-03 16:49:44.647 I/ActivityManager(  904): START u0 {act=android.intent.action.MAIN cat=[android.intent.category.LAUNCHER] flg=0x10200000 cmp=com.android.settings/.MiuiSettings bnds=[324,1821][492,1989]} from pid 1208
06-03 16:49:44.849 D/PhoneStatusBar(  980): disable: 0x00000000 -> 0x00000040 (diff: 0x00000040)
06-03 16:49:44.849 D/PhoneStatusBar(  980): disable: < expand icons alerts ticker system_info back home recent clock full >
06-03 16:49:44.881 W/ActivityManager(  904): Unbind failed: could not find connection for android.os.BinderProxy@4269d140
06-03 16:49:45.215 W/ContextImpl( 1587): Calling a method in the system process without a qualified user: android.app.ContextImpl.bindService:1543 android.content.ContextWrapper.bindService:517 com.nvidia.ControllerMapper.MapperClient$ServiceClient.connect:587 com.nvidia.ControllerMapper.MapperClient.<init>:91 android.view.ViewRootImpl.handleWindowActivated:859 
06-03 16:49:45.220 W/ActivityManager(  904): Unable to start service Intent { act=com.nvidia.ControllerMapper.START_SERVICE } U=0: not found
06-03 16:49:58.957 W/ContextImpl(  980): Calling a method in the system process without a qualified user: android.app.ContextImpl.sendBroadcast:1123 android.content.ContextWrapper.sendBroadcast:365 com.android.systemui.statusbar.phone.PhoneStatusBar.updateAppMessage:1297 com.android.systemui.statusbar.phone.PhoneStatusBar.access$5400:156 com.android.systemui.statusbar.phone.PhoneStatusBar$30.onReceive:3586 
06-03 16:49:58.970 D/PhoneStatusBar(  980): disable: 0x00000040 -> 0x00000000 (diff: 0x00000040)
06-03 16:49:58.970 D/PhoneStatusBar(  980): disable: < expand icons alerts ticker system_info back home recent clock full >
06-03 16:49:59.212 W/ActivityManager(  904): Unbind failed: could not find connection for android.os.BinderProxy@423e2d48
06-03 16:49:59.541 W/ActivityManager(  904): Unable to start service Intent { act=com.nvidia.ControllerMapper.START_SERVICE } U=0: not found
06-03 16:50:05.255 I/DeviceStorageMonitorService(  904): Memory available. Cancelling notification
06-03 16:50:05.275 I/ActivityManager(  904): Start proc com.android.email for broadcast com.android.email/.service.EmailBroadcastReceiver: pid=3295 uid=10023 gids={50023, 3003, 1028, 1015}
06-03 16:50:05.290 W/ContextImpl(  980): Calling a method in the system process without a qualified user: android.app.ContextImpl.sendBroadcast:1123 android.content.ContextWrapper.sendBroadcast:365 com.android.systemui.statusbar.phone.PhoneStatusBar.updateAppMessage:1297 com.android.systemui.statusbar.phone.PhoneStatusBar.removeNotification:1697 com.android.systemui.statusbar.CommandQueue$H.handleMessage:301 
06-03 16:50:05.412 D/ActivityThread( 3295): Loading provider com.android.email.provider;com.android.email.notifier: com.android.email.provider.EmailProvider
06-03 16:50:05.436 W/BroadcastQueue(  904): Unable to launch app com.fone.player/10155 for broadcast Intent { act=android.intent.action.DEVICE_STORAGE_OK flg=0x4000010 }: process is not permitted to autostart
06-03 16:50:05.479 I/ActivityManager(  904): Force stopping sotodo.wom.mi appid=10204 user=-1: uninstall pkg
06-03 16:50:05.494 W/PackageManager(  904): Couldn't delete native library directory /data/app-lib/sotodo.wom.mi
06-03 16:50:05.666 W/ActivityManager(  904): Unable to start service Intent { cmp=com.android.email/.service.AttachmentDownloadService } U=0: not found
06-03 16:50:05.667 I/ActivityManager(  904): Force stopping sotodo.wom.mi appid=10204 user=0: pkg removed
06-03 16:50:05.705 W/BroadcastQueue(  904): Unable to launch app com.duomi.android/10078 for broadcast Intent { act=android.intent.action.PACKAGE_REMOVED dat=package:sotodo.wom.mi flg=0x4000010 (has extras) }: process is not permitted to autostart
06-03 16:50:05.706 W/BroadcastQueue(  904): Unable to launch app com.ijinshan.kbatterydoctor/10145 for broadcast Intent { act=android.intent.action.PACKAGE_REMOVED dat=package:sotodo.wom.mi flg=0x4000010 (has extras) }: process is not permitted to autostart
06-03 16:50:05.707 W/BroadcastQueue(  904): Unable to launch app com.sohu.newsclient/10084 for broadcast Intent { act=android.intent.action.PACKAGE_REMOVED dat=package:sotodo.wom.mi flg=0x4000010 (has extras) }: process is not permitted to autostart
06-03 16:50:05.724 W/ActivityManager(  904): Unable to start service Intent { cmp=com.android.email/.service.AttachmentDownloadService } U=0: not found
06-03 16:50:05.749 I/ActivityManager(  904): Start proc com.android.musicfx for broadcast com.android.musicfx/.Compatibility$Receiver: pid=3320 uid=10008 gids={50008, 3003, 3002}
06-03 16:50:05.777 D/BackupManagerService(  904): Received broadcast Intent { act=android.intent.action.PACKAGE_REMOVED dat=package:sotodo.wom.mi flg=0x4000010 (has extras) }
06-03 16:50:05.777 V/BackupManagerService(  904): removePackageParticipantsLocked: uid=10204 #1
06-03 16:50:05.812 I/ActivityManager(  904): Start proc com.xiaomi.gamecenter.pad for broadcast com.xiaomi.gamecenter.pad/.service.GlobalReceiver: pid=3338 uid=10066 gids={50066, 1028, 1015, 3003}
06-03 16:50:05.857 I/ActivityManager(  904): Killing 3195:com.android.keychain/1000 (adj 15): empty #7
06-03 16:50:05.862 W/AccessibilityManagerService(  904): Skipping accessibilty service com.cootek.smartinputv5.tablet/com.cootek.smartinput5.TouchPalAccessibilityService: it does not require the permission android.permission.BIND_ACCESSIBILITY_SERVICE
06-03 16:50:05.965 I/ActivityManager(  904): Killing 3221:com.android.documentsui/u0a22 (adj 15): empty #7
06-03 16:50:06.027 I/ActivityManager(  904): Start proc com.android.keychain for broadcast com.android.keychain/.KeyChainBroadcastReceiver: pid=3359 uid=1000 gids={41000, 1007, 3003, 1028, 1015, 3002, 3001, 1004, 2002, 1035, 3005, 1010, 1014}
06-03 16:50:06.041 I/ActivityManager(  904): Killing 3120:com.android.externalstorage/u0a5 (adj 15): empty #7
06-03 16:50:06.068 W/ContextImpl( 3359): Calling a method in the system process without a qualified user: android.app.ContextImpl.startService:1479 android.content.ContextWrapper.startService:494 android.content.ContextWrapper.startService:494 com.android.keychain.KeyChainBroadcastReceiver.onReceive:12 android.app.ActivityThread.handleReceiver:2420 
06-03 16:50:06.081 I/ActivityManager(  904): Start proc com.xiaomi.market for broadcast com.xiaomi.market/.data.MyPackageMonitor: pid=3376 uid=10046 gids={50046, 1028, 1015, 3003}
06-03 16:50:06.105 I/ActivityManager(  904): Killing 3237:com.android.quicksearchbox/u0a43 (adj 15): empty #7
06-03 16:50:06.320 W/BroadcastQueue(  904): Unable to launch app com.snda.youni/10159 for broadcast Intent { act=android.intent.action.PACKAGE_REMOVED dat=package:sotodo.wom.mi flg=0x4000010 (has extras) }: process is not permitted to autostart
06-03 16:50:06.321 I/ActivityManager(  904): Killing 3295:com.android.email/u0a23 (adj 15): empty #7
06-03 16:50:06.321 W/BroadcastQueue(  904): Unable to launch app cn.jingling.motu.photowonder/10161 for broadcast Intent { act=android.intent.action.PACKAGE_REMOVED dat=package:sotodo.wom.mi flg=0x4000010 (has extras) }: process is not permitted to autostart
06-03 16:50:06.321 W/BroadcastQueue(  904): Unable to launch app cn.jingling.motu.photowonder/10161 for broadcast Intent { act=android.intent.action.PACKAGE_REMOVED dat=package:sotodo.wom.mi flg=0x4000010 (has extras) }: process is not permitted to autostart
06-03 16:50:06.322 W/BroadcastQueue(  904): Unable to launch app cn.jingling.motu.photowonder/10161 for broadcast Intent { act=android.intent.action.PACKAGE_REMOVED dat=package:sotodo.wom.mi flg=0x4000010 (has extras) }: process is not permitted to autostart
06-03 16:50:06.322 W/BroadcastQueue(  904): Unable to launch app com.autonavi.xmgd.navigator/10140 for broadcast Intent { act=android.intent.action.PACKAGE_REMOVED dat=package:sotodo.wom.mi flg=0x4000010 (has extras) }: process is not permitted to autostart
06-03 16:50:06.322 W/BroadcastQueue(  904): Unable to launch app com.baidu.news/10166 for broadcast Intent { act=android.intent.action.PACKAGE_REMOVED dat=package:sotodo.wom.mi flg=0x4000010 (has extras) }: process is not permitted to autostart
06-03 16:50:06.323 W/BroadcastQueue(  904): Unable to launch app com.baidu.news/10166 for broadcast Intent { act=android.intent.action.PACKAGE_REMOVED dat=package:sotodo.wom.mi flg=0x4000010 (has extras) }: process is not permitted to autostart
06-03 16:50:06.323 W/BroadcastQueue(  904): Unable to launch app com.mapbar.android.mapbarmap/10151 for broadcast Intent { act=android.intent.action.PACKAGE_REMOVED dat=package:sotodo.wom.mi flg=0x4000010 (has extras) }: process is not permitted to autostart
06-03 16:50:06.323 W/BroadcastQueue(  904): Unable to launch app com.mtime/10096 for broadcast Intent { act=android.intent.action.PACKAGE_REMOVED dat=package:sotodo.wom.mi flg=0x4000010 (has extras) }: process is not permitted to autostart
06-03 16:50:06.323 W/BroadcastQueue(  904): Unable to launch app com.pplive.androidphone/10091 for broadcast Intent { act=android.intent.action.PACKAGE_REMOVED dat=package:sotodo.wom.mi flg=0x4000010 (has extras) }: process is not permitted to autostart
06-03 16:50:06.323 W/BroadcastQueue(  904): Unable to launch app tv.pps.mobile/10088 for broadcast Intent { act=android.intent.action.PACKAGE_REMOVED dat=package:sotodo.wom.mi flg=0x4000010 (has extras) }: process is not permitted to autostart
06-03 16:50:06.324 W/BroadcastQueue(  904): Unable to launch app tv.pps.mobile/10088 for broadcast Intent { act=android.intent.action.PACKAGE_REMOVED dat=package:sotodo.wom.mi flg=0x4000010 (has extras) }: process is not permitted to autostart
06-03 16:50:06.324 W/BroadcastQueue(  904): Unable to launch app tv.pps.mobile/10088 for broadcast Intent { act=android.intent.action.PACKAGE_REMOVED dat=package:sotodo.wom.mi flg=0x4000010 (has extras) }: process is not permitted to autostart
06-03 16:50:06.324 W/BroadcastQueue(  904): Unable to launch app com.taobao.apad/10094 for broadcast Intent { act=android.intent.action.PACKAGE_REMOVED dat=package:sotodo.wom.mi flg=0x4000010 (has extras) }: process is not permitted to autostart
06-03 16:50:06.324 W/BroadcastQueue(  904): Unable to launch app com.storm.smart/10086 for broadcast Intent { act=android.intent.action.PACKAGE_REMOVED dat=package:sotodo.wom.mi flg=0x4000010 (has extras) }: process is not permitted to autostart
06-03 16:50:06.325 W/BroadcastQueue(  904): Unable to launch app com.baidu.BaiduMap/10058 for broadcast Intent { act=android.intent.action.PACKAGE_REMOVED dat=package:sotodo.wom.mi flg=0x4000010 (has extras) }: process is not permitted to autostart
06-03 16:50:06.325 W/BroadcastQueue(  904): Unable to launch app com.taobao.taobao/10028 for broadcast Intent { act=android.intent.action.PACKAGE_REMOVED dat=package:sotodo.wom.mi flg=0x4000010 (has extras) }: process is not permitted to autostart
06-03 16:50:06.325 W/BroadcastQueue(  904): Unable to launch app com.renren.mobile.apad/10085 for broadcast Intent { act=android.intent.action.PACKAGE_REMOVED dat=package:sotodo.wom.mi flg=0x4000010 (has extras) }: process is not permitted to autostart
06-03 16:50:06.326 W/BroadcastQueue(  904): Unable to launch app com.cleanmaster.mguard_cn/10148 for broadcast Intent { act=android.intent.action.PACKAGE_REMOVED dat=package:sotodo.wom.mi flg=0x4000010 (has extras) }: process is not permitted to autostart
06-03 16:50:06.326 W/BroadcastQueue(  904): Unable to launch app com.cleanmaster.mguard_cn/10148 for broadcast Intent { act=android.intent.action.PACKAGE_REMOVED dat=package:sotodo.wom.mi flg=0x4000010 (has extras) }: process is not permitted to autostart
06-03 16:50:06.326 W/BroadcastQueue(  904): Unable to launch app com.baidu.searchbox/10143 for broadcast Intent { act=android.intent.action.PACKAGE_REMOVED dat=package:sotodo.wom.mi flg=0x4000010 (has extras) }: process is not permitted to autostart
06-03 16:50:06.326 W/BroadcastQueue(  904): Unable to launch app com.baidu.searchbox/10143 for broadcast Intent { act=android.intent.action.PACKAGE_REMOVED dat=package:sotodo.wom.mi flg=0x4000010 (has extras) }: process is not permitted to autostart
06-03 16:50:06.327 W/BroadcastQueue(  904): Unable to launch app com.wochacha/10130 for broadcast Intent { act=android.intent.action.PACKAGE_REMOVED dat=package:sotodo.wom.mi flg=0x4000010 (has extras) }: process is not permitted to autostart
06-03 16:50:06.327 W/BroadcastQueue(  904): Unable to launch app com.smartdevices/10116 for broadcast Intent { act=android.intent.action.PACKAGE_REMOVED dat=package:sotodo.wom.mi flg=0x4000010 (has extras) }: process is not permitted to autostart
06-03 16:50:06.327 W/BroadcastQueue(  904): Unable to launch app com.mappn.gfan/10127 for broadcast Intent { act=android.intent.action.PACKAGE_REMOVED dat=package:sotodo.wom.mi flg=0x4000010 (has extras) }: process is not permitted to autostart
06-03 16:50:06.327 W/BroadcastQueue(  904): Unable to launch app com.eg.android.AlipayGphone/10158 for broadcast Intent { act=android.intent.action.PACKAGE_REMOVED dat=package:sotodo.wom.mi flg=0x4000010 (has extras) }: process is not permitted to autostart
06-03 16:50:06.328 W/BroadcastQueue(  904): Unable to launch app com.tencent.mobileqq/10107 for broadcast Intent { act=android.intent.action.PACKAGE_REMOVED dat=package:sotodo.wom.mi flg=0x4000010 (has extras) }: process is not permitted to autostart
06-03 16:50:06.328 W/BroadcastQueue(  904): Unable to launch app com.tencent.WBlog/10076 for broadcast Intent { act=android.intent.action.PACKAGE_REMOVED dat=package:sotodo.wom.mi flg=0x4000010 (has extras) }: process is not permitted to autostart
06-03 16:50:06.328 W/BroadcastQueue(  904): Unable to launch app com.qiyi.video/10087 for broadcast Intent { act=android.intent.action.PACKAGE_REMOVED dat=package:sotodo.wom.mi flg=0x4000010 (has extras) }: process is not permitted to autostart
06-03 16:50:06.329 W/BroadcastQueue(  904): Unable to launch app com.qiyi.video/10087 for broadcast Intent { act=android.intent.action.PACKAGE_REMOVED dat=package:sotodo.wom.mi flg=0x4000010 (has extras) }: process is not permitted to autostart
06-03 16:50:06.329 W/BroadcastQueue(  904): Unable to launch app com.qiyi.video/10087 for broadcast Intent { act=android.intent.action.PACKAGE_REMOVED dat=package:sotodo.wom.mi flg=0x4000010 (has extras) }: process is not permitted to autostart
06-03 16:50:06.330 W/BroadcastQueue(  904): Unable to launch app com.baidu.video.pad/10156 for broadcast Intent { act=android.intent.action.PACKAGE_REMOVED dat=package:sotodo.wom.mi flg=0x4000010 (has extras) }: process is not permitted to autostart
06-03 16:50:06.330 W/BroadcastQueue(  904): Unable to launch app com.baidu.video.pad/10156 for broadcast Intent { act=android.intent.action.PACKAGE_REMOVED dat=package:sotodo.wom.mi flg=0x4000010 (has extras) }: process is not permitted to autostart
06-03 16:50:06.331 W/BroadcastQueue(  904): Unable to launch app com.kascend.video/10160 for broadcast Intent { act=android.intent.action.PACKAGE_REMOVED dat=package:sotodo.wom.mi flg=0x4000010 (has extras) }: process is not permitted to autostart
06-03 16:50:06.331 W/BroadcastQueue(  904): Unable to launch app com.tencent.news/10081 for broadcast Intent { act=android.intent.action.PACKAGE_REMOVED dat=package:sotodo.wom.mi flg=0x4000010 (has extras) }: process is not permitted to autostart
06-03 16:50:06.331 W/BroadcastQueue(  904): Unable to launch app com.tencent.news/10081 for broadcast Intent { act=android.intent.action.PACKAGE_REMOVED dat=package:sotodo.wom.mi flg=0x4000010 (has extras) }: process is not permitted to autostart
06-03 16:50:06.333 W/BroadcastQueue(  904): Unable to launch app com.kingsoft/10006 for broadcast Intent { act=android.intent.action.PACKAGE_REMOVED dat=package:sotodo.wom.mi flg=0x4000010 (has extras) }: process is not permitted to autostart
06-03 16:50:06.333 W/BroadcastQueue(  904): Unable to launch app com.mymoney/10121 for broadcast Intent { act=android.intent.action.PACKAGE_REMOVED dat=package:sotodo.wom.mi flg=0x4000010 (has extras) }: process is not permitted to autostart
06-03 16:50:06.333 W/BroadcastQueue(  904): Unable to launch app com.tencent.qqgame/10026 for broadcast Intent { act=android.intent.action.PACKAGE_REMOVED dat=package:sotodo.wom.mi flg=0x4000010 (has extras) }: process is not permitted to autostart
06-03 16:50:06.334 W/BroadcastQueue(  904): Unable to launch app com.tencent.qqgame/10026 for broadcast Intent { act=android.intent.action.PACKAGE_REMOVED dat=package:sotodo.wom.mi flg=0x4000010 (has extras) }: process is not permitted to autostart
06-03 16:50:06.334 W/BroadcastQueue(  904): Unable to launch app com.jingdong.app.mall/10031 for broadcast Intent { act=android.intent.action.PACKAGE_REMOVED dat=package:sotodo.wom.mi flg=0x4000010 (has extras) }: process is not permitted to autostart
06-03 16:50:06.334 W/BroadcastQueue(  904): Unable to launch app com.jingdong.app.pad/10035 for broadcast Intent { act=android.intent.action.PACKAGE_REMOVED dat=package:sotodo.wom.mi flg=0x4000010 (has extras) }: process is not permitted to autostart
06-03 16:50:06.348 I/ActivityManager(  904): Start proc com.android.documentsui for broadcast com.android.documentsui/.PackageReceiver: pid=3401 uid=10022 gids={50022}
06-03 16:50:06.392 I/ActivityManager(  904): Start proc com.android.externalstorage for content provider com.android.externalstorage/.ExternalStorageProvider: pid=3416 uid=10005 gids={50005, 1028, 1015, 1023}
06-03 16:50:06.393 W/BroadcastQueue(  904): Unable to launch app com.fone.player/10155 for broadcast Intent { act=android.intent.action.UID_REMOVED flg=0x4000010 (has extras) }: process is not permitted to autostart
06-03 16:50:06.393 I/ActivityManager(  904): Killing 3320:com.android.musicfx/u0a8 (adj 15): empty #7
06-03 16:50:06.403 I/ActivityManager(  904): Start proc com.android.quicksearchbox for broadcast com.android.quicksearchbox/.CorporaUpdateReceiver: pid=3430 uid=10043 gids={50043, 3003}
06-03 16:50:06.405 I/ActivityManager(  904): Killing 3181:com.android.defcontainer/u0a3 (adj 15): empty #7
06-03 16:50:06.476 I/ActivityManager(  904): Killing 3338:com.xiaomi.gamecenter.pad/u0a66 (adj 15): empty #7
06-03 16:50:15.141 I/ActivityManager(  904): Start proc com.android.thememanager for service com.android.thememanager/.service.ThemeTaskService: pid=3451 uid=9801 gids={49801, 2001, 3003, 1028, 1015}
06-03 16:50:18.630 I/ActivityManager(  904): START u0 {act=android.intent.action.VIEW flg=0x10000000 cmp=com.cleanmaster.mguard_cn/com.cleanmaster.ui.game.GameBoxActivity bnds=[1223,118][1391,286]} from pid 1208
06-03 16:50:18.667 I/ActivityManager(  904): Start proc com.cleanmaster.mguard_cn for activity com.cleanmaster.mguard_cn/com.cleanmaster.ui.game.GameBoxActivity: pid=3480 uid=10148 gids={50148, 1028, 1015, 3003}
06-03 16:50:18.804 I/ActivityManager(  904): Start proc com.cleanmaster.mguard_cn:service for content provider com.cleanmaster.mguard_cn/com.cleanmaster.provider.ConfigProvider_cn: pid=3497 uid=10148 gids={50148, 1028, 1015, 3003}
06-03 16:50:18.855 W/Vold    (  195): Returning OperationFailed - no handler for errno 30
06-03 16:50:18.863 W/Vold    (  195): Returning OperationFailed - no handler for errno 30
06-03 16:50:18.885 W/IntentResolver(  904): resolveIntent: multiple matches, only some with CATEGORY_DEFAULT
06-03 16:50:18.960 W/Vold    (  195): Returning OperationFailed - no handler for errno 30
06-03 16:50:18.991 W/Vold    (  195): Returning OperationFailed - no handler for errno 30
06-03 16:50:19.111 W/Vold    (  195): Returning OperationFailed - no handler for errno 30
06-03 16:50:19.859 W/ActivityManager(  904): Unable to start service Intent { act=com.nvidia.ControllerMapper.START_SERVICE } U=0: not found
06-03 16:50:20.861 D/WifiService(  904): New client listening to asynchronous messages
06-03 16:50:27.290 I/ActivityManager(  904): START u0 {act=android.intent.action.DELETE dat=package:com.carrot.carrotfantasy cmp=com.android.packageinstaller/.UninstallerActivity} from pid 3480
06-03 16:50:27.417 I/ActivityManager(  904): Start proc com.android.packageinstaller for activity com.android.packageinstaller/.UninstallerActivity: pid=3586 uid=10038 gids={50038, 1028, 1015, 3003}
06-03 16:50:27.888 W/ActivityManager(  904): Unbind failed: could not find connection for android.os.BinderProxy@42345528
06-03 16:50:28.136 W/ActivityManager(  904): Unable to start service Intent { act=com.nvidia.ControllerMapper.START_SERVICE } U=0: not found
06-03 16:50:28.848 I/ActivityManager(  904): START u0 {act=android.intent.action.VIEW cmp=com.android.packageinstaller/.UninstallAppProgress (has extras)} from pid 3586
06-03 16:50:28.942 I/ActivityManager(  904): Force stopping com.carrot.carrotfantasy appid=10172 user=-1: uninstall pkg
06-03 16:50:28.948 W/PackageManager(  904): Couldn't delete native library directory /data/app-lib/com.carrot.carrotfantasy
06-03 16:50:29.073 I/ActivityManager(  904): Force stopping com.carrot.carrotfantasy appid=10172 user=0: pkg removed
06-03 16:50:29.105 W/BroadcastQueue(  904): Skipping deliver [background] BroadcastRecord{42a19340 u0 android.intent.action.PACKAGE_REMOVED} to ReceiverList{4276ed20 3549 (unknown name)/10148/u0 remote:41f0d340}: process crashing
06-03 16:50:29.114 W/BroadcastQueue(  904): Unable to launch app com.duomi.android/10078 for broadcast Intent { act=android.intent.action.PACKAGE_REMOVED dat=package:com.carrot.carrotfantasy flg=0x4000010 (has extras) }: process is not permitted to autostart
06-03 16:50:29.114 W/BroadcastQueue(  904): Unable to launch app com.ijinshan.kbatterydoctor/10145 for broadcast Intent { act=android.intent.action.PACKAGE_REMOVED dat=package:com.carrot.carrotfantasy flg=0x4000010 (has extras) }: process is not permitted to autostart
06-03 16:50:29.115 W/BroadcastQueue(  904): Unable to launch app com.sohu.newsclient/10084 for broadcast Intent { act=android.intent.action.PACKAGE_REMOVED dat=package:com.carrot.carrotfantasy flg=0x4000010 (has extras) }: process is not permitted to autostart
06-03 16:50:29.135 D/BackupManagerService(  904): Received broadcast Intent { act=android.intent.action.PACKAGE_REMOVED dat=package:com.carrot.carrotfantasy flg=0x4000010 (has extras) }
06-03 16:50:29.135 V/BackupManagerService(  904): removePackageParticipantsLocked: uid=10172 #1
06-03 16:50:29.185 I/ActivityManager(  904): Start proc com.android.musicfx for broadcast com.android.musicfx/.Compatibility$Receiver: pid=3608 uid=10008 gids={50008, 3003, 3002}
06-03 16:50:29.290 W/AccessibilityManagerService(  904): Skipping accessibilty service com.cootek.smartinputv5.tablet/com.cootek.smartinput5.TouchPalAccessibilityService: it does not require the permission android.permission.BIND_ACCESSIBILITY_SERVICE
06-03 16:50:29.300 I/ActivityManager(  904): Start proc com.xiaomi.gamecenter.pad for broadcast com.xiaomi.gamecenter.pad/.service.GlobalReceiver: pid=3625 uid=10066 gids={50066, 1028, 1015, 3003}
06-03 16:50:29.632 I/ActivityManager(  904): Start proc com.android.defcontainer for service com.android.defcontainer/.DefaultContainerService: pid=3639 uid=10003 gids={50003, 1028, 1015, 1023, 2001, 1035}
06-03 16:50:29.632 W/ActivityManager(  904): Unbind failed: could not find connection for android.os.BinderProxy@427bb258
06-03 16:50:29.643 W/ActivityManager(  904): Unable to start service Intent { act=com.nvidia.ControllerMapper.START_SERVICE } U=0: not found
06-03 16:50:29.727 I/ActivityManager(  904): Killing 3359:com.android.keychain/1000 (adj 15): empty #7
06-03 16:50:29.805 I/ActivityManager(  904): Start proc com.android.keychain for broadcast com.android.keychain/.KeyChainBroadcastReceiver: pid=3659 uid=1000 gids={41000, 1007, 3003, 1028, 1015, 3002, 3001, 1004, 2002, 1035, 3005, 1010, 1014}
06-03 16:50:29.818 I/ActivityManager(  904): Killing 3376:com.xiaomi.market/u0a46 (adj 15): empty #7
06-03 16:50:29.821 W/ContextImpl( 3659): Calling a method in the system process without a qualified user: android.app.ContextImpl.startService:1479 android.content.ContextWrapper.startService:494 android.content.ContextWrapper.startService:494 com.android.keychain.KeyChainBroadcastReceiver.onReceive:12 android.app.ActivityThread.handleReceiver:2420 
06-03 16:50:29.843 I/ActivityManager(  904): Killing 3401:com.android.documentsui/u0a22 (adj 15): empty #7
06-03 16:50:33.340 W/BroadcastQueue(  904): Unable to launch app com.snda.youni/10159 for broadcast Intent { act=android.intent.action.PACKAGE_REMOVED dat=package:com.carrot.carrotfantasy flg=0x4000010 (has extras) }: process is not permitted to autostart
06-03 16:50:33.340 W/BroadcastQueue(  904): Unable to launch app cn.jingling.motu.photowonder/10161 for broadcast Intent { act=android.intent.action.PACKAGE_REMOVED dat=package:com.carrot.carrotfantasy flg=0x4000010 (has extras) }: process is not permitted to autostart
06-03 16:50:33.341 W/BroadcastQueue(  904): Unable to launch app cn.jingling.motu.photowonder/10161 for broadcast Intent { act=android.intent.action.PACKAGE_REMOVED dat=package:com.carrot.carrotfantasy flg=0x4000010 (has extras) }: process is not permitted to autostart
06-03 16:50:33.342 W/BroadcastQueue(  904): Unable to launch app cn.jingling.motu.photowonder/10161 for broadcast Intent { act=android.intent.action.PACKAGE_REMOVED dat=package:com.carrot.carrotfantasy flg=0x4000010 (has extras) }: process is not permitted to autostart
06-03 16:50:33.342 W/BroadcastQueue(  904): Unable to launch app com.autonavi.xmgd.navigator/10140 for broadcast Intent { act=android.intent.action.PACKAGE_REMOVED dat=package:com.carrot.carrotfantasy flg=0x4000010 (has extras) }: process is not permitted to autostart
06-03 16:50:33.343 W/BroadcastQueue(  904): Unable to launch app com.baidu.news/10166 for broadcast Intent { act=android.intent.action.PACKAGE_REMOVED dat=package:com.carrot.carrotfantasy flg=0x4000010 (has extras) }: process is not permitted to autostart
06-03 16:50:33.343 W/BroadcastQueue(  904): Unable to launch app com.baidu.news/10166 for broadcast Intent { act=android.intent.action.PACKAGE_REMOVED dat=package:com.carrot.carrotfantasy flg=0x4000010 (has extras) }: process is not permitted to autostart
06-03 16:50:33.343 W/BroadcastQueue(  904): Unable to launch app com.mapbar.android.mapbarmap/10151 for broadcast Intent { act=android.intent.action.PACKAGE_REMOVED dat=package:com.carrot.carrotfantasy flg=0x4000010 (has extras) }: process is not permitted to autostart
06-03 16:50:33.343 W/BroadcastQueue(  904): Unable to launch app com.mtime/10096 for broadcast Intent { act=android.intent.action.PACKAGE_REMOVED dat=package:com.carrot.carrotfantasy flg=0x4000010 (has extras) }: process is not permitted to autostart
06-03 16:50:33.343 W/BroadcastQueue(  904): Unable to launch app com.pplive.androidphone/10091 for broadcast Intent { act=android.intent.action.PACKAGE_REMOVED dat=package:com.carrot.carrotfantasy flg=0x4000010 (has extras) }: process is not permitted to autostart
06-03 16:50:33.343 W/BroadcastQueue(  904): Unable to launch app tv.pps.mobile/10088 for broadcast Intent { act=android.intent.action.PACKAGE_REMOVED dat=package:com.carrot.carrotfantasy flg=0x4000010 (has extras) }: process is not permitted to autostart
06-03 16:50:33.344 W/BroadcastQueue(  904): Unable to launch app tv.pps.mobile/10088 for broadcast Intent { act=android.intent.action.PACKAGE_REMOVED dat=package:com.carrot.carrotfantasy flg=0x4000010 (has extras) }: process is not permitted to autostart
06-03 16:50:33.344 W/BroadcastQueue(  904): Unable to launch app tv.pps.mobile/10088 for broadcast Intent { act=android.intent.action.PACKAGE_REMOVED dat=package:com.carrot.carrotfantasy flg=0x4000010 (has extras) }: process is not permitted to autostart
06-03 16:50:33.344 D/WifiController(  904): battery changed pluggedType: 0
06-03 16:50:33.344 W/BroadcastQueue(  904): Unable to launch app com.taobao.apad/10094 for broadcast Intent { act=android.intent.action.PACKAGE_REMOVED dat=package:com.carrot.carrotfantasy flg=0x4000010 (has extras) }: process is not permitted to autostart
06-03 16:50:33.345 W/BroadcastQueue(  904): Unable to launch app com.storm.smart/10086 for broadcast Intent { act=android.intent.action.PACKAGE_REMOVED dat=package:com.carrot.carrotfantasy flg=0x4000010 (has extras) }: process is not permitted to autostart
06-03 16:50:33.345 W/BroadcastQueue(  904): Unable to launch app com.baidu.BaiduMap/10058 for broadcast Intent { act=android.intent.action.PACKAGE_REMOVED dat=package:com.carrot.carrotfantasy flg=0x4000010 (has extras) }: process is not permitted to autostart
06-03 16:50:33.345 W/BroadcastQueue(  904): Unable to launch app com.taobao.taobao/10028 for broadcast Intent { act=android.intent.action.PACKAGE_REMOVED dat=package:com.carrot.carrotfantasy flg=0x4000010 (has extras) }: process is not permitted to autostart
06-03 16:50:33.345 W/BroadcastQueue(  904): Unable to launch app com.renren.mobile.apad/10085 for broadcast Intent { act=android.intent.action.PACKAGE_REMOVED dat=package:com.carrot.carrotfantasy flg=0x4000010 (has extras) }: process is not permitted to autostart
06-03 16:50:33.475 W/BroadcastQueue(  904): Unable to launch app com.baidu.searchbox/10143 for broadcast Intent { act=android.intent.action.PACKAGE_REMOVED dat=package:com.carrot.carrotfantasy flg=0x4000010 (has extras) }: process is not permitted to autostart
06-03 16:50:33.476 W/BroadcastQueue(  904): Unable to launch app com.baidu.searchbox/10143 for broadcast Intent { act=android.intent.action.PACKAGE_REMOVED dat=package:com.carrot.carrotfantasy flg=0x4000010 (has extras) }: process is not permitted to autostart
06-03 16:50:33.476 W/BroadcastQueue(  904): Unable to launch app com.wochacha/10130 for broadcast Intent { act=android.intent.action.PACKAGE_REMOVED dat=package:com.carrot.carrotfantasy flg=0x4000010 (has extras) }: process is not permitted to autostart
06-03 16:50:33.476 W/BroadcastQueue(  904): Unable to launch app com.smartdevices/10116 for broadcast Intent { act=android.intent.action.PACKAGE_REMOVED dat=package:com.carrot.carrotfantasy flg=0x4000010 (has extras) }: process is not permitted to autostart
06-03 16:50:33.476 W/BroadcastQueue(  904): Unable to launch app com.mappn.gfan/10127 for broadcast Intent { act=android.intent.action.PACKAGE_REMOVED dat=package:com.carrot.carrotfantasy flg=0x4000010 (has extras) }: process is not permitted to autostart
06-03 16:50:33.477 W/BroadcastQueue(  904): Unable to launch app com.eg.android.AlipayGphone/10158 for broadcast Intent { act=android.intent.action.PACKAGE_REMOVED dat=package:com.carrot.carrotfantasy flg=0x4000010 (has extras) }: process is not permitted to autostart
06-03 16:50:33.477 W/BroadcastQueue(  904): Unable to launch app com.tencent.mobileqq/10107 for broadcast Intent { act=android.intent.action.PACKAGE_REMOVED dat=package:com.carrot.carrotfantasy flg=0x4000010 (has extras) }: process is not permitted to autostart
06-03 16:50:33.477 W/BroadcastQueue(  904): Unable to launch app com.tencent.WBlog/10076 for broadcast Intent { act=android.intent.action.PACKAGE_REMOVED dat=package:com.carrot.carrotfantasy flg=0x4000010 (has extras) }: process is not permitted to autostart
06-03 16:50:33.478 W/BroadcastQueue(  904): Unable to launch app com.qiyi.video/10087 for broadcast Intent { act=android.intent.action.PACKAGE_REMOVED dat=package:com.carrot.carrotfantasy flg=0x4000010 (has extras) }: process is not permitted to autostart
06-03 16:50:33.478 W/BroadcastQueue(  904): Unable to launch app com.qiyi.video/10087 for broadcast Intent { act=android.intent.action.PACKAGE_REMOVED dat=package:com.carrot.carrotfantasy flg=0x4000010 (has extras) }: process is not permitted to autostart
06-03 16:50:33.478 W/BroadcastQueue(  904): Unable to launch app com.qiyi.video/10087 for broadcast Intent { act=android.intent.action.PACKAGE_REMOVED dat=package:com.carrot.carrotfantasy flg=0x4000010 (has extras) }: process is not permitted to autostart
06-03 16:50:33.479 W/BroadcastQueue(  904): Unable to launch app com.baidu.video.pad/10156 for broadcast Intent { act=android.intent.action.PACKAGE_REMOVED dat=package:com.carrot.carrotfantasy flg=0x4000010 (has extras) }: process is not permitted to autostart
06-03 16:50:33.479 W/BroadcastQueue(  904): Unable to launch app com.baidu.video.pad/10156 for broadcast Intent { act=android.intent.action.PACKAGE_REMOVED dat=package:com.carrot.carrotfantasy flg=0x4000010 (has extras) }: process is not permitted to autostart
06-03 16:50:33.479 W/BroadcastQueue(  904): Unable to launch app com.kascend.video/10160 for broadcast Intent { act=android.intent.action.PACKAGE_REMOVED dat=package:com.carrot.carrotfantasy flg=0x4000010 (has extras) }: process is not permitted to autostart
06-03 16:50:33.479 W/BroadcastQueue(  904): Unable to launch app com.tencent.news/10081 for broadcast Intent { act=android.intent.action.PACKAGE_REMOVED dat=package:com.carrot.carrotfantasy flg=0x4000010 (has extras) }: process is not permitted to autostart
06-03 16:50:33.479 W/BroadcastQueue(  904): Unable to launch app com.tencent.news/10081 for broadcast Intent { act=android.intent.action.PACKAGE_REMOVED dat=package:com.carrot.carrotfantasy flg=0x4000010 (has extras) }: process is not permitted to autostart
06-03 16:50:33.481 W/BroadcastQueue(  904): Unable to launch app com.kingsoft/10006 for broadcast Intent { act=android.intent.action.PACKAGE_REMOVED dat=package:com.carrot.carrotfantasy flg=0x4000010 (has extras) }: process is not permitted to autostart
06-03 16:50:33.481 W/BroadcastQueue(  904): Unable to launch app com.mymoney/10121 for broadcast Intent { act=android.intent.action.PACKAGE_REMOVED dat=package:com.carrot.carrotfantasy flg=0x4000010 (has extras) }: process is not permitted to autostart
06-03 16:50:33.481 W/BroadcastQueue(  904): Unable to launch app com.tencent.qqgame/10026 for broadcast Intent { act=android.intent.action.PACKAGE_REMOVED dat=package:com.carrot.carrotfantasy flg=0x4000010 (has extras) }: process is not permitted to autostart
06-03 16:50:33.482 W/BroadcastQueue(  904): Unable to launch app com.tencent.qqgame/10026 for broadcast Intent { act=android.intent.action.PACKAGE_REMOVED dat=package:com.carrot.carrotfantasy flg=0x4000010 (has extras) }: process is not permitted to autostart
06-03 16:50:33.482 W/BroadcastQueue(  904): Unable to launch app com.jingdong.app.mall/10031 for broadcast Intent { act=android.intent.action.PACKAGE_REMOVED dat=package:com.carrot.carrotfantasy flg=0x4000010 (has extras) }: process is not permitted to autostart
06-03 16:50:33.482 W/BroadcastQueue(  904): Unable to launch app com.jingdong.app.pad/10035 for broadcast Intent { act=android.intent.action.PACKAGE_REMOVED dat=package:com.carrot.carrotfantasy flg=0x4000010 (has extras) }: process is not permitted to autostart
06-03 16:50:33.490 I/ActivityManager(  904): Start proc com.android.documentsui for broadcast com.android.documentsui/.PackageReceiver: pid=3687 uid=10022 gids={50022}
06-03 16:50:33.490 D/WifiService(  904): New client listening to asynchronous messages
06-03 16:50:33.604 W/BroadcastQueue(  904): Unable to launch app com.fone.player/10155 for broadcast Intent { act=android.intent.action.UID_REMOVED flg=0x4000010 (has extras) }: process is not permitted to autostart
06-03 16:50:33.604 I/ActivityManager(  904): Killing 3416:com.android.externalstorage/u0a5 (adj 15): empty #7
06-03 16:50:33.633 I/ActivityThread( 3687): Removing dead content provider:android.content.ContentProviderProxy@41da1518
06-03 16:50:33.841 I/ActivityManager(  904): START u0 {flg=0x10000000 cmp=com.cleanmaster.mguard_cn/com.cleanmaster.functionactivity.MonitorUninstallActivity (has extras)} from pid 3480
06-03 16:50:34.344 W/ActivityManager(  904): Unbind failed: could not find connection for android.os.BinderProxy@42781540
06-03 16:50:34.345 W/ActivityManager(  904): Unable to start service Intent { act=com.nvidia.ControllerMapper.START_SERVICE } U=0: not found
06-03 16:50:34.346 W/ActivityManager(  904): Unable to start service Intent { act=com.nvidia.ControllerMapper.START_SERVICE } U=0: not found
06-03 16:50:35.812 W/Vold    (  195): Returning OperationFailed - no handler for errno 30
06-03 16:50:35.819 W/ActivityManager(  904): Unbind failed: could not find connection for android.os.BinderProxy@4276d0e8
06-03 16:50:36.944 W/InputMethodManagerService(  904): Window already focused, ignoring focus gain of: com.android.internal.view.IInputMethodClient$Stub$Proxy@4269f7f0 attribute=null, token = android.os.BinderProxy@42944cd8
06-03 16:50:37.325 W/ActivityManager(  904): Unbind failed: could not find connection for android.os.BinderProxy@427917d0
06-03 16:50:37.545 W/ActivityManager(  904): Unable to start service Intent { act=com.nvidia.ControllerMapper.START_SERVICE } U=0: not found
--------- beginning of /dev/log/main
06-03 16:50:37.569 D/KInfoc  ( 3480): tableName: cm_userstat_uninst dataString: iscm=0&action=2&rtype=2&pkgname=com.carrot.carrotfantasy&rsize=33&root=0&appname=&uptime2=1401785437
06-03 16:50:37.571 D/KInfoc  ( 3480): SAVE ICH : ALL=166 startOffset=108 HL=108 DL=58
06-03 16:50:37.571 D/KInfoc  ( 3480): SAVE ICH : ALL=166 startOffset=108 HL=108 DL=58
06-03 16:50:37.638 D/dalvikvm( 3625): GC_CONCURRENT freed 511K, 22% free 7022K/8988K, paused 2ms+1ms, total 18ms
06-03 16:50:37.638 D/dalvikvm( 3625): WAIT_FOR_CONCURRENT_GC blocked 3ms
06-03 16:50:37.856 D/dalvikvm( 3625): GC_CONCURRENT freed 418K, 22% free 7024K/8988K, paused 1ms+3ms, total 39ms
06-03 16:50:37.954 I/AudioFlinger(  202): setAppName(), name=[system_server], active=[0]
06-03 16:50:37.954 V/EffectDiracSound(  202): DiracSound_command() start, cmdCode=23
06-03 16:50:37.954 V/EffectDiracSound(  202): DiracSound_Command EFFECT_CMD_SET_APP_NAME: stream=1, name=-system_server
06-03 16:50:37.954 I/EffectDiracSound(  202): DiracSound_updateStreamVolume(), stream=3, volume=0.088869
06-03 16:50:37.972 V/nvaudio_hw(  202): nvaudio_out_get_latency: latency 85 flags = 2 
06-03 16:50:37.982 V/nvaudio_hw(  202): nvaudio_out_get_latency: latency 85 flags = 2 
06-03 16:50:37.993 V/nvaudio_hw(  202): nvaudio_out_get_latency: latency 85 flags = 2 
06-03 16:50:38.003 V/nvaudio_hw(  202): nvaudio_out_get_latency: latency 85 flags = 2 
06-03 16:50:38.014 V/nvaudio_hw(  202): nvaudio_out_get_latency: latency 85 flags = 2 
06-03 16:50:38.025 V/nvaudio_hw(  202): nvaudio_out_get_latency: latency 85 flags = 2 
06-03 16:50:38.036 V/nvaudio_hw(  202): nvaudio_out_get_latency: latency 85 flags = 2 
06-03 16:50:38.046 V/nvaudio_hw(  202): nvaudio_out_get_latency: latency 85 flags = 2 
06-03 16:50:38.057 V/nvaudio_hw(  202): nvaudio_out_get_latency: latency 85 flags = 2 
06-03 16:50:38.068 V/nvaudio_hw(  202): nvaudio_out_standby
06-03 16:50:38.068 V/NvAudioPolicyManager(  202): stopOutput() output 2, stream 1, session 27
06-03 16:50:38.068 V/nvaudio_hw(  202): close_alsa_dev : active stream count 1
06-03 16:50:38.068 V/AudioPolicyManagerBase(  202): changeRefCount() stream 1, count 0
06-03 16:50:38.068 V/NvAudioPolicyManager(  202): getNewDevice() selected device 0
06-03 16:50:38.068 V/NvAudioPolicyManager(  202): setOutputDevice() output 2 device 0000 delayMs 170
06-03 16:50:38.068 V/NvAudioPolicyManager(  202): setOutputDevice() prevDevice 0008
06-03 16:50:38.068 V/NvAudioPolicyManager(  202): setOutputDevice() setting same device 0000 or null device for output 2
06-03 16:50:38.068 V/nvaudio_hw(  202): nvaudio_dev_set_parameters : nv_param_media_routing=8
06-03 16:50:38.068 V/nvaudio_hw(  202): Media is routed to :8
06-03 16:50:38.146 V/EffectDiracSound(  202): DiracSound_command() start, cmdCode=22
06-03 16:50:38.146 V/EffectDiracSound(  202): DiracSound_Command EFFECT_CMD_SET_AUDIO_STANDBY, current mode = 0
06-03 16:50:38.153 V/legacy_audio_policy_hal(  202): audio_io_handle_t android_audio_legacy::ap_get_output(audio_policy*, audio_stream_type_t, uint32_t, audio_format_t, audio_channel_mask_t, audio_output_flags_t, const audio_offload_info_t*): tid 936
06-03 16:50:38.153 V/NvAudioPolicyManager(  202): getOutput() stream 1, samplingRate 0, format 0, channelMask 3, flags 0
06-03 16:50:38.153 V/NvAudioPolicyManager(  202): getOutput() returns output 2
06-03 16:50:38.153 V/legacy_audio_policy_hal(  202): audio_io_handle_t android_audio_legacy::ap_get_output(audio_policy*, audio_stream_type_t, uint32_t, audio_format_t, audio_channel_mask_t, audio_output_flags_t, const audio_offload_info_t*): tid 937
06-03 16:50:38.153 V/NvAudioPolicyManager(  202): getOutput() stream 1, samplingRate 0, format 0, channelMask 3, flags 0
06-03 16:50:38.153 V/NvAudioPolicyManager(  202): getOutput() returns output 2
